Microchip MPLAB XC8 Compiler V1.30 ()

Linker command line:

--edf=E:\MPLAB\xc8\v1.30\dat\en_msgs.txt -cs \
  -h+dist/default/debug\UART_F45J10.X.debug.sym \
  --cmf=dist/default/debug\UART_F45J10.X.debug.cmf -z -Q18F45J10 \
  -oC:\Users\Escher\AppData\Local\Temp\svv0.6 \
  -Mdist/default/debug/UART_F45J10.X.debug.map -E1 -ver=XC8 \
  -ASTACK=01ECh-03ffh -pstack=STACK -ACODE=00h-07FF7h -ACONST=00h-07FF7h \
  -ASMALLCONST=0400h-04FFhx123,07F00h-07FF7h -AMEDIUMCONST=0400h-07FF7h \
  -ACOMRAM=01h-07Fh -AABS1=00h-03FFh -ABIGRAM=01h-03FFh \
  -ARAM=080h-0FFh,0100h-01FFhx3 -ABANK0=080h-0FFh -ABANK1=0100h-01FFh \
  -ABANK2=0200h-02FFh -ABANK3=0300h-03FFh -ASFR=0F80h-0FFCh \
  -preset_vec=00h,intcode=08h,intcodelo=018h,powerup,init,end_init \
  -pramtop=0400h -psmallconst=SMALLCONST -pmediumconst=MEDIUMCONST \
  -pconst=CONST -AFARRAM=00h-00h -ACONFIG=07FF8h-07FFDh -pconfig=CONFIG \
  -pjflash_buffer=07800h \
  -prdata=COMRAM,nvrram=COMRAM,nvbit=COMRAM,rbss=COMRAM,rbit=COMRAM \
  -pfarbss=FARRAM,fardata=FARRAM,nvFARRAM=FARRAM \
  -pintsave_regs=BIGRAM,bigbss=BIGRAM,bigdata=BIGRAM -pbss=RAM \
  -pidata=CODE,irdata=CODE,ibigdata=CODE,ifardata=CODE \
  C:\Users\Escher\AppData\Local\Temp\svv0.obj \
  dist/default/debug\UART_F45J10.X.debug.obj 

Object code version is 3.11

Machine type is 18F45J10

Call graph: (short form)




                Name                               Link     Load   Length Selector   Space Scale
C:\Users\Escher\AppData\Local\Temp\svv0.obj
                end_init                             BA       BA        4        C       0
                reset_vec                             0        0        6        0       0
                config                             7FF8     7FF8        6     7FF8       0
dist/default/debug\UART_F45J10.X.debug.obj
                intcodelo                            18       18       A2        C       0
                intcode                               8        8        C        4       0
                text53                             1BA0     1BA0        6        C       0
                text52                             1A84     1A84       24        C       0
                text51                             1B8C     1B8C        C        C       0
                text50                             198E     198E       2E        C       0
                text49                             16A0     16A0       4E        C       0
                text48                             183C     183C       40        C       0
                text47                             10AE     10AE       AA        C       0
                text46                             1A5E     1A5E       26        C       0
                text45                              F3C      F3C       C8        C       0
                text44                               BE       BE      5DE        C       0
                text43                              E6A      E6A       D2        C       0
                text42                             19E6     19E6       2A        C       0
                text41                             1B7A     1B7A       12        C       0
                text40                             15DE     15DE       64        C       0
                intcode_body                       1310     1310       82        C       0
                text38                             1B68     1B68       12        C       0
                text37                             1B56     1B56       12        C       0
                text36                             17FC     17FC       40        C       0
                text35                             1004     1004       AA        C       0
                text34                             1A38     1A38       26        C       0
                text33                             195E     195E       30        C       0
                text32                             1AC6     1AC6       1E        C       0
                text31                             1158     1158       9C        C       0
                text29                             19BC     19BC       2A        C       0
                text28                             18BA     18BA       38        C       0
                text27                             11F4     11F4       92        C       0
                text26                             1642     1642       5E        C       0
                text25                              A0E      A0E      136        C       0
                text24                             17BA     17BA       42        C       0
                text23                             1778     1778       42        C       0
                text22                             1AE4     1AE4       16        C       0
                text21                             1928     1928       36        C       0
                text20                             1B44     1B44       12        C       0
                text19                             16EE     16EE       46        C       0
                text18                             1734     1734       44        C       0
                text17                             1392     1392       7E        C       0
                text16                             1B98     1B98        8        C       0
                text15                             1A10     1A10       28        C       0
                text14                             1574     1574       6A        C       0
                text13                             148C     148C       7A        C       0
                text12                             1506     1506       6E        C       0
                text11                             1B32     1B32       12        C       0
                text10                             1AA8     1AA8       1E        C       0
                text9                               C58      C58      10E        C       0
                text8                              1B20     1B20       12        C       0
                text7                              1B0E     1B0E       12        C       0
                text6                               D66      D66      104        C       0
                text5                              18F2     18F2       36        C       0
                text4                              1286     1286       8A        C       0
                text3                               B44      B44      114        C       0
                text2                              1AFA     1AFA       14        C       0
                text1                              1410     1410       7C        C       0
                text0                               69C      69C      372        C       0
                cstackCOMRAM                          1        1       4C        1       1
                cstackBANK0                          B6       B6       2F       80       1
                cstackBANK1                         1A2      1A2       4A      100       1
                bssBANK1                            100      100       A2      100       1
                dataBANK0                            E7       E7        2       80       1
                bssBANK0                             80       80       36       80       1
                bssCOMRAM                            4F       4F        2        1       1
                cinit                              187C     187C       3E        C       0
                nvBANK0                              E5       E5        2       80       1
                nvCOMRAM                             4D       4D        2        1       1
                idataBANK0                         1BA6     1BA6        2        C       0

TOTAL           Name                               Link     Load   Length     Space
        CLASS   STACK          

        CLASS   CODE           
                end_init                             BA       BA        4         0
                intcodelo                            18       18       A2         0
                intcode                               8        8        C         0
                reset_vec                             0        0        6         0
                text53                             1BA0     1BA0        6         0
                text52                             1A84     1A84       24         0
                text51                             1B8C     1B8C        C         0
                text50                             198E     198E       2E         0
                text49                             16A0     16A0       4E         0
                text48                             183C     183C       40         0
                text47                             10AE     10AE       AA         0
                text46                             1A5E     1A5E       26         0
                text45                              F3C      F3C       C8         0
                text44                               BE       BE      5DE         0
                text43                              E6A      E6A       D2         0
                text42                             19E6     19E6       2A         0
                text41                             1B7A     1B7A       12         0
                text40                             15DE     15DE       64         0
                intcode_body                       1310     1310       82         0
                text38                             1B68     1B68       12         0
                text37                             1B56     1B56       12         0
                text36                             17FC     17FC       40         0
                text35                             1004     1004       AA         0
                text34                             1A38     1A38       26         0
                text33                             195E     195E       30         0
                text32                             1AC6     1AC6       1E         0
                text31                             1158     1158       9C         0
                text29                             19BC     19BC       2A         0
                text28                             18BA     18BA       38         0
                text27                             11F4     11F4       92         0
                text26                             1642     1642       5E         0
                text25                              A0E      A0E      136         0
                text24                             17BA     17BA       42         0
                text23                             1778     1778       42         0
                text22                             1AE4     1AE4       16         0
                text21                             1928     1928       36         0
                text20                             1B44     1B44       12         0
                text19                             16EE     16EE       46         0
                text18                             1734     1734       44         0
                text17                             1392     1392       7E         0
                text16                             1B98     1B98        8         0
                text15                             1A10     1A10       28         0
                text14                             1574     1574       6A         0
                text13                             148C     148C       7A         0
                text12                             1506     1506       6E         0
                text11                             1B32     1B32       12         0
                text10                             1AA8     1AA8       1E         0
                text9                               C58      C58      10E         0
                text8                              1B20     1B20       12         0
                text7                              1B0E     1B0E       12         0
                text6                               D66      D66      104         0
                text5                              18F2     18F2       36         0
                text4                              1286     1286       8A         0
                text3                               B44      B44      114         0
                text2                              1AFA     1AFA       14         0
                text1                              1410     1410       7C         0
                text0                               69C      69C      372         0
                cinit                              187C     187C       3E         0
                idataBANK0                         1BA6     1BA6        2         0

        CLASS   CONST          

        CLASS   SMALLCONST     

        CLASS   MEDIUMCONST    

        CLASS   COMRAM         
                cstackCOMRAM                          1        1       4C         1
                bssCOMRAM                            4F       4F        2         1
                nvCOMRAM                             4D       4D        2         1

        CLASS   ABS1           

        CLASS   BIGRAM         

        CLASS   RAM            

        CLASS   BANK0          
                cstackBANK0                          B6       B6       2F         1
                dataBANK0                            E7       E7        2         1
                bssBANK0                             80       80       36         1
                nvBANK0                              E5       E5        2         1

        CLASS   BANK1          
                cstackBANK1                         1A2      1A2       4A         1
                bssBANK1                            100      100       A2         1

        CLASS   BANK2          

        CLASS   BANK3          

        CLASS   SFR            

        CLASS   FARRAM         

        CLASS   CONFIG         
                config                             7FF8     7FF8        6         0

        CLASS   IDLOC          



SEGMENTS        Name                           Load    Length   Top    Selector   Space  Class

                reset_vec                      000000  000006  000006         0       0  CODE    
                cstackCOMRAM                   000001  000050  000051         1       1  COMRAM  
                intcode                        000008  00000C  000014         4       0  CODE    
                intcodelo                      000018  001B90  001BA8         C       0  CODE    
                bssBANK0                       000080  000069  0000E9        80       1  BANK0   
                bssBANK1                       000100  0000EC  0001EC       100       1  BANK1   
                config                         007FF8  000006  007FFE      7FF8       0  CONFIG  


UNUSED ADDRESS RANGES

        Name                Unused          Largest block    Delta
        BANK0            000E9-000FF              17
        BANK1            001EC-001FF              14
        BANK2            00200-002FF             100
        BANK3            00300-003FF             100
        BIGRAM           00051-0007F              2F
                         000E9-000FF              17
                         001EC-003FF             214
        CODE             00006-00007               2
                         00014-00017               4
                         01BA8-07FF7            6450
        COMRAM           00051-0007F              2F
        CONST            00006-00007               2
                         00014-00017               4
                         01BA8-07FF7            6450
        MEDIUMCONST      01BA8-07FF7            6450
        RAM              000E9-000FF              17
                         001EC-003FF             100
        SFR              00F80-00FFC              7D
        SMALLCONST       01BA8-07FF7             100
        STACK            001EC-003FF             214

                                  Symbol Table

?_ReadTimer1                    cstackBANK0   000CD
?___lwmod                       cstackBANK0   000CD
?_in_high_int                   cstackBANK0   000CD
?_in_low_int                    cstackBANK0   000CF
?_in_main                       cstackBANK0   000D1
?i1_ReadTimer1                  cstackCOMRAM  00001
?i2_in_high_int                 cstackCOMRAM  0002F
?i2_in_low_int                  cstackCOMRAM  00031
Delay1KTCYx@unit                cstackBANK0   000CD
FromMainHigh_recvmsg@data       cstackCOMRAM  00049
FromMainHigh_recvmsg@maxlength  cstackCOMRAM  0004B
FromMainHigh_recvmsg@msgtype    cstackCOMRAM  00047
OpenTimer0@config               cstackBANK0   000CD
OpenTimer1@config               cstackBANK0   000CD
OpenUSART@config                cstackBANK0   000D2
OpenUSART@spbrg                 cstackBANK0   000CD
ReadTimer1@timer                cstackBANK0   000CF
ReadUSART@data                  cstackCOMRAM  00001
ToMainHigh_recvmsg@data         cstackBANK1   001A4
ToMainHigh_recvmsg@maxlength    cstackBANK1   001A6
ToMainHigh_recvmsg@msgtype      cstackBANK1   001A2
ToMainHigh_sendmsg@data         cstackCOMRAM  00046
ToMainHigh_sendmsg@length       cstackCOMRAM  00048
ToMainHigh_sendmsg@msgtype      cstackCOMRAM  00045
ToMainLow_recvmsg@data          cstackBANK1   001A4
ToMainLow_recvmsg@maxlength     cstackBANK1   001A6
ToMainLow_recvmsg@msgtype       cstackBANK1   001A2
ToMainLow_sendmsg@data          cstackBANK1   001A3
ToMainLow_sendmsg@length        cstackBANK0   000E3
ToMainLow_sendmsg@msgtype       cstackBANK1   001A2
WriteTimer0@timer               cstackCOMRAM  00031
WriteTimer0@timer0              cstackCOMRAM  0002F
WriteTimer1@timer               cstackCOMRAM  00003
WriteTimer1@timer1              cstackCOMRAM  00001
WriteUSART@data                 cstackBANK0   000CD
_ADCON1                         (abs)         00FC1
_CMCON                          (abs)         00FB4
_Delay1KTCYx                    text22        01AE4
_FromMainHigh_MQ                bssBANK1      00100
_FromMainHigh_recvmsg           text42        019E6
_FromMainLow_MQ                 bssBANK1      00136
_INTCONbits                     (abs)         00FF2
_IPR1bits                       (abs)         00F9F
_InterruptHandlerHigh           intcode       00008
_InterruptHandlerLow            intcodelo     00018
_LATA                           (abs)         00F89
_LATB                           (abs)         00F8A
_MQ_Main_Willing_to_block       bssCOMRAM     0004F
_OSCCON                         (abs)         00FD3
_OSCCONbits                     (abs)         00FD3
_OSCTUNEbits                    (abs)         00F9B
_OpenTimer0                     text29        019BC
_OpenTimer1                     text28        018BA
_OpenUSART                      text27        011F4
_PIE1bits                       (abs)         00F9D
_PIR1bits                       (abs)         00F9E
_PORTA                          (abs)         00F80
_RCONbits                       (abs)         00FD0
_RCREG                          (abs)         00FAE
_RCSTA                          (abs)         00FAB
_RCSTAbits                      (abs)         00FAB
_ReadTimer1                     text7         01B0E
_ReadUSART                      text32        01AC6
_SPBRG                          (abs)         00FAF
_SPBRGH                         (abs)         00FB0
_SSPADD                         (abs)         00FC8
_SSPBUF                         (abs)         00FC9
_SSPCON1                        (abs)         00FC6
_SSPCON1bits                    (abs)         00FC6
_SSPCON2                        (abs)         00FC5
_SSPCON2bits                    (abs)         00FC5
_SSPSTAT                        (abs)         00FC7
_SSPSTATbits                    (abs)         00FC7
_SleepIfOkay                    text49        016A0
_T0CON                          (abs)         00FD5
_T0CONbits                      (abs)         00FD5
_T1CON                          (abs)         00FCD
_T1CONbits                      (abs)         00FCD
_TMR0H                          (abs)         00FD7
_TMR0L                          (abs)         00FD6
_TMR1H                          (abs)         00FCF
_TMR1L                          (abs)         00FCE
_TRISA                          (abs)         00F92
_TRISB                          (abs)         00F93
_TRISCbits                      (abs)         00F94
_TXREG                          (abs)         00FAD
_TXSTA                          (abs)         00FAC
_TXSTAbits                      (abs)         00FAC
_ToMainHigh_MQ                  bssBANK1      0016C
_ToMainHigh_recvmsg             text24        017BA
_ToMainHigh_sendmsg             text46        01A5E
_ToMainLow_MQ                   bssBANK0      00080
_ToMainLow_recvmsg              text23        01778
_ToMainLow_sendmsg              text5         018F2
_USART_Status                   bssCOMRAM     00050
_WriteTimer0                    text41        01B7A
_WriteTimer1                    text38        01B68
_WriteUSART                     text2         01AFA
__CFG_CCP2MX$DEFAULT            (abs)         00000
__CFG_CP0$OFF                   (abs)         00000
__CFG_FCMEN$ON                  (abs)         00000
__CFG_FOSC$HSPLL                (abs)         00000
__CFG_FOSC2$ON                  (abs)         00000
__CFG_IESO$ON                   (abs)         00000
__CFG_STVREN$OFF                (abs)         00000
__CFG_WDTEN$OFF                 (abs)         00000
__CFG_WDTPS$32768               (abs)         00000
__CFG_XINST$OFF                 (abs)         00000
__HRAM                          (abs)         00000
__Habs1                         abs1          00000
__Hbank0                        bank0         00000
__Hbank1                        bank1         00000
__Hbank2                        bank2         00000
__Hbank3                        bank3         00000
__Hbigbss                       bigbss        00000
__Hbigdata                      bigdata       00000
__Hbigram                       bigram        00000
__Hbss                          bss           00000
__HbssBANK0                     bssBANK0      00000
__HbssBANK1                     bssBANK1      00000
__HbssCOMRAM                    bssCOMRAM     00000
__Hcinit                        cinit         00000
__Hclrtext                      clrtext       00000
__Hcomram                       comram        00000
__Hconfig                       config        07FFE
__Hconst                        const         00000
__HcstackBANK0                  cstackBANK0   00000
__HcstackBANK1                  cstackBANK1   00000
__HcstackCOMRAM                 cstackCOMRAM  00000
__Hdata                         data          00000
__HdataBANK0                    dataBANK0     00000
__Hend_init                     end_init      000BE
__Hfarbss                       farbss        00000
__Hfardata                      fardata       00000
__Hibigdata                     ibigdata      00000
__Hidata                        idata         00000
__HidataBANK0                   idataBANK0    00000
__Hidloc                        idloc         00000
__Hifardata                     ifardata      00000
__Hinit                         init          000BA
__Hintcode                      intcode       00014
__Hintcode_body                 intcode_body  00000
__Hintcodelo                    intcodelo     000BA
__Hintentry                     intentry      00000
__Hintret                       intret        00000
__Hintsave_regs                 intsave_regs  00000
__Hirdata                       irdata        00000
__Hjflash_buffer                jflash_buffer 07800
__Hmediumconst                  mediumconst   00000
__HnvBANK0                      nvBANK0       00000
__HnvCOMRAM                     nvCOMRAM      00000
__HnvFARRAM                     nvFARRAM      00000
__Hnvbit                        nvbit         00000
__Hnvrram                       nvrram        00000
__Hparam                        rparam        00000
__Hpowerup                      powerup       000BA
__Hram                          ram           00000
__Hramtop                       ramtop        00400
__Hrbit                         rbit          00000
__Hrbss                         rbss          00000
__Hrdata                        rdata         00000
__Hreset_vec                    reset_vec     00006
__Hrparam                       rparam        00000
__Hsfr                          sfr           00000
__Hsmallconst                   smallconst    00000
__Hstack                        stack         00000
__Hstruct                       struct        00000
__Htemp                         temp          00000
__Htext                         text          00000
__Htext0                        text0         00000
__Htext1                        text1         00000
__Htext10                       text10        00000
__Htext11                       text11        00000
__Htext12                       text12        00000
__Htext13                       text13        00000
__Htext14                       text14        00000
__Htext15                       text15        00000
__Htext16                       text16        00000
__Htext17                       text17        00000
__Htext18                       text18        00000
__Htext19                       text19        00000
__Htext2                        text2         00000
__Htext20                       text20        00000
__Htext21                       text21        00000
__Htext22                       text22        00000
__Htext23                       text23        00000
__Htext24                       text24        00000
__Htext25                       text25        00000
__Htext26                       text26        00000
__Htext27                       text27        00000
__Htext28                       text28        00000
__Htext29                       text29        00000
__Htext3                        text3         00000
__Htext31                       text31        00000
__Htext32                       text32        00000
__Htext33                       text33        00000
__Htext34                       text34        00000
__Htext35                       text35        00000
__Htext36                       text36        00000
__Htext37                       text37        00000
__Htext38                       text38        00000
__Htext4                        text4         00000
__Htext40                       text40        00000
__Htext41                       text41        00000
__Htext42                       text42        00000
__Htext43                       text43        00000
__Htext44                       text44        00000
__Htext45                       text45        00000
__Htext46                       text46        00000
__Htext47                       text47        00000
__Htext48                       text48        00000
__Htext49                       text49        00000
__Htext5                        text5         00000
__Htext50                       text50        00000
__Htext51                       text51        00000
__Htext52                       text52        00000
__Htext53                       text53        00000
__Htext6                        text6         00000
__Htext7                        text7         00000
__Htext8                        text8         00000
__Htext9                        text9         00000
__LRAM                          (abs)         00001
__Labs1                         abs1          00000
__Lbank0                        bank0         00000
__Lbank1                        bank1         00000
__Lbank2                        bank2         00000
__Lbank3                        bank3         00000
__Lbigbss                       bigbss        00000
__Lbigdata                      bigdata       00000
__Lbigram                       bigram        00000
__Lbss                          bss           00000
__LbssBANK0                     bssBANK0      00000
__LbssBANK1                     bssBANK1      00000
__LbssCOMRAM                    bssCOMRAM     00000
__Lcinit                        cinit         00000
__Lclrtext                      clrtext       00000
__Lcomram                       comram        00000
__Lconfig                       config        07FF8
__Lconst                        const         00000
__LcstackBANK0                  cstackBANK0   00000
__LcstackBANK1                  cstackBANK1   00000
__LcstackCOMRAM                 cstackCOMRAM  00000
__Ldata                         data          00000
__LdataBANK0                    dataBANK0     00000
__Lend_init                     end_init      000BA
__Lfarbss                       farbss        00000
__Lfardata                      fardata       00000
__Libigdata                     ibigdata      00000
__Lidata                        idata         00000
__LidataBANK0                   idataBANK0    00000
__Lidloc                        idloc         00000
__Lifardata                     ifardata      00000
__Linit                         init          000BA
__Lintcode                      intcode       00008
__Lintcode_body                 intcode_body  00000
__Lintcodelo                    intcodelo     00018
__Lintentry                     intentry      00000
__Lintret                       intret        00000
__Lintsave_regs                 intsave_regs  00000
__Lirdata                       irdata        00000
__Ljflash_buffer                jflash_buffer 07800
__Lmediumconst                  mediumconst   00000
__LnvBANK0                      nvBANK0       00000
__LnvCOMRAM                     nvCOMRAM      00000
__LnvFARRAM                     nvFARRAM      00000
__Lnvbit                        nvbit         00000
__Lnvrram                       nvrram        00000
__Lparam                        rparam        00000
__Lpowerup                      powerup       000BA
__Lram                          ram           00000
__Lramtop                       ramtop        00400
__Lrbit                         rbit          00000
__Lrbss                         rbss          00000
__Lrdata                        rdata         00000
__Lreset_vec                    reset_vec     00000
__Lrparam                       rparam        00000
__Lsfr                          sfr           00000
__Lsmallconst                   smallconst    00000
__Lstack                        stack         00000
__Lstruct                       struct        00000
__Ltemp                         temp          00000
__Ltext                         text          00000
__Ltext0                        text0         00000
__Ltext1                        text1         00000
__Ltext10                       text10        00000
__Ltext11                       text11        00000
__Ltext12                       text12        00000
__Ltext13                       text13        00000
__Ltext14                       text14        00000
__Ltext15                       text15        00000
__Ltext16                       text16        00000
__Ltext17                       text17        00000
__Ltext18                       text18        00000
__Ltext19                       text19        00000
__Ltext2                        text2         00000
__Ltext20                       text20        00000
__Ltext21                       text21        00000
__Ltext22                       text22        00000
__Ltext23                       text23        00000
__Ltext24                       text24        00000
__Ltext25                       text25        00000
__Ltext26                       text26        00000
__Ltext27                       text27        00000
__Ltext28                       text28        00000
__Ltext29                       text29        00000
__Ltext3                        text3         00000
__Ltext31                       text31        00000
__Ltext32                       text32        00000
__Ltext33                       text33        00000
__Ltext34                       text34        00000
__Ltext35                       text35        00000
__Ltext36                       text36        00000
__Ltext37                       text37        00000
__Ltext38                       text38        00000
__Ltext4                        text4         00000
__Ltext40                       text40        00000
__Ltext41                       text41        00000
__Ltext42                       text42        00000
__Ltext43                       text43        00000
__Ltext44                       text44        00000
__Ltext45                       text45        00000
__Ltext46                       text46        00000
__Ltext47                       text47        00000
__Ltext48                       text48        00000
__Ltext49                       text49        00000
__Ltext5                        text5         00000
__Ltext50                       text50        00000
__Ltext51                       text51        00000
__Ltext52                       text52        00000
__Ltext53                       text53        00000
__Ltext6                        text6         00000
__Ltext7                        text7         00000
__Ltext8                        text8         00000
__Ltext9                        text9         00000
__S0                            (abs)         07FFE
__S1                            (abs)         001EC
__S2                            (abs)         00000
___extmem_base                  (abs)         20000
___inthi_sp                     stack         00000
___intlo_sp                     stack         00000
___lwmod                        text4         01286
___lwmod@counter                cstackBANK0   000D2
___lwmod@dividend               cstackBANK0   000CD
___lwmod@divisor                cstackBANK0   000CF
___sp                           stack         00000
__accesstop                     (abs)         00080
__activetblptr                  (abs)         00002
__end_of_Delay1KTCYx            text22        01AFA
__end_of_FromMainHigh_recvmsg   text42        01A10
__end_of_InterruptHandlerHigh   intcode_body  01392
__end_of_InterruptHandlerLow    intcodelo     000BA
__end_of_OpenTimer0             text29        019E6
__end_of_OpenTimer1             text28        018F2
__end_of_OpenUSART              text27        01286
__end_of_ReadTimer1             text7         01B20
__end_of_ReadUSART              text32        01AE4
__end_of_SleepIfOkay            text49        016EE
__end_of_ToMainHigh_recvmsg     text24        017FC
__end_of_ToMainHigh_sendmsg     text46        01A84
__end_of_ToMainLow_recvmsg      text23        017BA
__end_of_ToMainLow_sendmsg      text5         01928
__end_of_WriteTimer0            text41        01B8C
__end_of_WriteTimer1            text38        01B7A
__end_of_WriteUSART             text2         01B0E
__end_of___lwmod                text4         01310
__end_of__initialization        cinit         018B0
__end_of_block_on_To_msgqueues  text17        01410
__end_of_check_msg              text21        0195E
__end_of_enable_interrupts      text16        01BA0
__end_of_enter_sleep_mode       text53        01BA6
__end_of_handle_start           text45        01004
__end_of_i2c_configure_slave    text15        01A38
__end_of_i2c_int_handler        text44        0069C
__end_of_in_high_int            text20        01B56
__end_of_in_low_int             text19        01734
__end_of_in_main                text18        01778
__end_of_init_i2c               text14        015DE
__end_of_init_queue             text13        01506
__end_of_init_queues            text12        01574
__end_of_init_timer1_lthread    text11        01B44
__end_of_init_uart_recv         text10        01AC6
__end_of_main                   text0         00A0E
__end_of_memcpy                 text26        016A0
__end_of_recv_msg               text25        00B44
__end_of_send_msg               text6         00E6A
__end_of_start_i2c_slave_reply  text9         00D66
__end_of_timer0_int_handler     text40        01642
__end_of_timer0_lthread         text8         01B32
__end_of_timer1_int_handler     text33        0198E
__end_of_timer1_lthread         text3         00C58
__end_of_uart_lthread           text1         0148C
__end_of_uart_recv_int_handler  text31        011F4
__end_ofi1_ReadTimer1           text37        01B68
__end_ofi1_ToMainLow_sendmsg    text34        01A5E
__end_ofi1_memcpy               text36        0183C
__end_ofi1_send_msg             text35        010AE
__end_ofi2_check_msg            text52        01AA8
__end_ofi2_in_high_int          text51        01B98
__end_ofi2_in_low_int           text50        019BC
__end_ofi2_memcpy               text48        0187C
__end_ofi2_recv_msg             text43        00F3C
__end_ofi2_send_msg             text47        01158
__initialization                cinit         0187C
__mediumconst                   mediumconst   00000
__pbssBANK0                     bssBANK0      00080
__pbssBANK1                     bssBANK1      00100
__pbssCOMRAM                    bssCOMRAM     0004F
__pcinit                        cinit         0187C
__pcstackBANK0                  cstackBANK0   000B6
__pcstackBANK1                  cstackBANK1   001A2
__pcstackCOMRAM                 cstackCOMRAM  00001
__pdataBANK0                    dataBANK0     000E7
__pidataBANK0                   idataBANK0    01BA6
__pintcode                      intcode       00008
__pintcode_body                 intcode_body  01310
__pintcodelo                    intcodelo     00018
__pnvBANK0                      nvBANK0       000E5
__pnvCOMRAM                     nvCOMRAM      0004D
__ptext0                        text0         0069C
__ptext1                        text1         01410
__ptext10                       text10        01AA8
__ptext11                       text11        01B32
__ptext12                       text12        01506
__ptext13                       text13        0148C
__ptext14                       text14        01574
__ptext15                       text15        01A10
__ptext16                       text16        01B98
__ptext17                       text17        01392
__ptext18                       text18        01734
__ptext19                       text19        016EE
__ptext2                        text2         01AFA
__ptext20                       text20        01B44
__ptext21                       text21        01928
__ptext22                       text22        01AE4
__ptext23                       text23        01778
__ptext24                       text24        017BA
__ptext25                       text25        00A0E
__ptext26                       text26        01642
__ptext27                       text27        011F4
__ptext28                       text28        018BA
__ptext29                       text29        019BC
__ptext3                        text3         00B44
__ptext31                       text31        01158
__ptext32                       text32        01AC6
__ptext33                       text33        0195E
__ptext34                       text34        01A38
__ptext35                       text35        01004
__ptext36                       text36        017FC
__ptext37                       text37        01B56
__ptext38                       text38        01B68
__ptext4                        text4         01286
__ptext40                       text40        015DE
__ptext41                       text41        01B7A
__ptext42                       text42        019E6
__ptext43                       text43        00E6A
__ptext44                       text44        000BE
__ptext45                       text45        00F3C
__ptext46                       text46        01A5E
__ptext47                       text47        010AE
__ptext48                       text48        0183C
__ptext49                       text49        016A0
__ptext5                        text5         018F2
__ptext50                       text50        0198E
__ptext51                       text51        01B8C
__ptext52                       text52        01A84
__ptext53                       text53        01BA0
__ptext6                        text6         00D66
__ptext7                        text7         01B0E
__ptext8                        text8         01B20
__ptext9                        text9         00C58
__ramtop                        ramtop        00400
__size_of_Delay1KTCYx           (abs)         00000
__size_of_FromMainHigh_recvmsg  (abs)         00000
__size_of_InterruptHandlerHigh  (abs)         00000
__size_of_InterruptHandlerLow   (abs)         00000
__size_of_OpenTimer0            (abs)         00000
__size_of_OpenTimer1            (abs)         00000
__size_of_OpenUSART             (abs)         00000
__size_of_ReadTimer1            (abs)         00000
__size_of_ReadUSART             (abs)         00000
__size_of_SleepIfOkay           (abs)         00000
__size_of_ToMainHigh_recvmsg    (abs)         00000
__size_of_ToMainHigh_sendmsg    (abs)         00000
__size_of_ToMainLow_recvmsg     (abs)         00000
__size_of_ToMainLow_sendmsg     (abs)         00000
__size_of_WriteTimer0           (abs)         00000
__size_of_WriteTimer1           (abs)         00000
__size_of_WriteUSART            (abs)         00000
__size_of___lwmod               (abs)         00000
__size_of_block_on_To_msgqueues (abs)         00000
__size_of_check_msg             (abs)         00000
__size_of_enable_interrupts     (abs)         00000
__size_of_enter_sleep_mode      (abs)         00000
__size_of_handle_start          (abs)         00000
__size_of_i2c_configure_slave   (abs)         00000
__size_of_i2c_int_handler       (abs)         00000
__size_of_in_high_int           (abs)         00000
__size_of_in_low_int            (abs)         00000
__size_of_in_main               (abs)         00000
__size_of_init_i2c              (abs)         00000
__size_of_init_queue            (abs)         00000
__size_of_init_queues           (abs)         00000
__size_of_init_timer1_lthread   (abs)         00000
__size_of_init_uart_recv        (abs)         00000
__size_of_main                  (abs)         00000
__size_of_memcpy                (abs)         00000
__size_of_recv_msg              (abs)         00000
__size_of_send_msg              (abs)         00000
__size_of_start_i2c_slave_reply (abs)         00000
__size_of_timer0_int_handler    (abs)         00000
__size_of_timer0_lthread        (abs)         00000
__size_of_timer1_int_handler    (abs)         00000
__size_of_timer1_lthread        (abs)         00000
__size_of_uart_lthread          (abs)         00000
__size_of_uart_recv_int_handler (abs)         00000
__size_ofi1_ReadTimer1          (abs)         00000
__size_ofi1_ToMainLow_sendmsg   (abs)         00000
__size_ofi1_memcpy              (abs)         00000
__size_ofi1_send_msg            (abs)         00000
__size_ofi2_check_msg           (abs)         00000
__size_ofi2_in_high_int         (abs)         00000
__size_ofi2_in_low_int          (abs)         00000
__size_ofi2_memcpy              (abs)         00000
__size_ofi2_recv_msg            (abs)         00000
__size_ofi2_send_msg            (abs)         00000
__smallconst                    smallconst    00000
_block_on_To_msgqueues          text17        01392
_check_msg                      text21        01928
_enable_interrupts              text16        01B98
_enter_sleep_mode               text53        01BA0
_handle_start                   text45        00F3C
_i2c_configure_slave            text15        01A10
_i2c_int_handler                text44        000BE
_ic_ptr                         nvBANK0       000E5
_in_high_int                    text20        01B44
_in_low_int                     text19        016EE
_in_main                        text18        01734
_init_i2c                       text14        01574
_init_queue                     text13        0148C
_init_queues                    text12        01506
_init_timer1_lthread            text11        01B32
_init_uart_recv                 text10        01AA8
_main                           text0         0069C
_memcpy                         text26        01642
_recv_msg                       text25        00A0E
_send_msg                       text6         00D66
_start_i2c_slave_reply          text9         00C58
_timer0_int_handler             text40        015DE
_timer0_lthread                 text8         01B20
_timer1_int_handler             text33        0195E
_timer1_lthread                 text3         00B44
_uart_lthread                   text1         01410
_uart_recv_int_handler          text31        01158
_uc_ptr                         nvCOMRAM      0004D
check_msg@qptr                  cstackBANK0   000CD
end_of_initialization           cinit         018B0
handle_start@data_read          cstackCOMRAM  0002F
i1ReadTimer1@timer              cstackCOMRAM  00003
i1ToMainLow_sendmsg@data        cstackCOMRAM  00018
i1ToMainLow_sendmsg@length      cstackCOMRAM  0001A
i1ToMainLow_sendmsg@msgtype     cstackCOMRAM  00017
i1_ReadTimer1                   text37        01B56
i1_ToMainLow_sendmsg            text34        01A38
i1_memcpy                       text36        017FC
i1_send_msg                     text35        01004
i1memcpy@d                      cstackCOMRAM  00007
i1memcpy@d1                     cstackCOMRAM  00001
i1memcpy@n                      cstackCOMRAM  00005
i1memcpy@s                      cstackCOMRAM  00009
i1memcpy@s1                     cstackCOMRAM  00003
i1send_msg@data                 cstackCOMRAM  0000F
i1send_msg@length               cstackCOMRAM  0000D
i1send_msg@msgtype              cstackCOMRAM  0000E
i1send_msg@qmsg                 cstackCOMRAM  00015
i1send_msg@qptr                 cstackCOMRAM  0000B
i1send_msg@slot                 cstackCOMRAM  00014
i1send_msg@tlength              cstackCOMRAM  00012
i2_check_msg                    text52        01A84
i2_in_high_int                  text51        01B8C
i2_in_low_int                   text50        0198E
i2_memcpy                       text48        0183C
i2_recv_msg                     text43        00E6A
i2_send_msg                     text47        010AE
i2c_configure_slave@addr        cstackBANK0   000CD
i2c_int_handler@data_read       cstackBANK0   000BE
i2c_int_handler@data_written    cstackBANK0   000B9
i2c_int_handler@error_buf       cstackBANK0   000B6
i2c_int_handler@i2c_data        cstackBANK0   000BB
i2c_int_handler@msg_ready       cstackBANK0   000BD
i2c_int_handler@msg_to_send     cstackBANK0   000BC
i2c_int_handler@overrun_error   cstackBANK0   000BA
i2check_msg@qptr                cstackCOMRAM  0002F
i2memcpy@d                      cstackCOMRAM  00035
i2memcpy@d1                     cstackCOMRAM  0002F
i2memcpy@n                      cstackCOMRAM  00033
i2memcpy@s                      cstackCOMRAM  00037
i2memcpy@s1                     cstackCOMRAM  00031
i2recv_msg@data                 cstackCOMRAM  0003E
i2recv_msg@maxlength            cstackCOMRAM  0003B
i2recv_msg@msgtype              cstackCOMRAM  0003C
i2recv_msg@qmsg                 cstackCOMRAM  00045
i2recv_msg@qptr                 cstackCOMRAM  00039
i2recv_msg@slot                 cstackCOMRAM  00042
i2recv_msg@tlength              cstackCOMRAM  00043
i2send_msg@data                 cstackCOMRAM  0003D
i2send_msg@length               cstackCOMRAM  0003B
i2send_msg@msgtype              cstackCOMRAM  0003C
i2send_msg@qmsg                 cstackCOMRAM  00043
i2send_msg@qptr                 cstackCOMRAM  00039
i2send_msg@slot                 cstackCOMRAM  00042
i2send_msg@tlength              cstackCOMRAM  00040
init_i2c@ic                     cstackBANK0   000CD
init_queue@i                    cstackBANK0   000D0
init_queue@qptr                 cstackBANK0   000CD
init_timer1_lthread@tptr        cstackBANK0   000CD
init_uart_recv@uc               cstackBANK0   000CD
int_func                        intcode_body  01310
intlevel0                       text          00000
intlevel1                       text          00000
intlevel2                       text          00000
intlevel3                       text          00000
main@UARTConfig                 cstackBANK1   001C4
main@baud                       cstackBANK1   001C3
main@ic                         cstackBANK1   001D0
main@last_reg_recvd             cstackBANK1   001C2
main@length                     cstackBANK1   001CF
main@msgbuffer                  cstackBANK1   001B7
main@msgtype                    cstackBANK1   001CE
main@t0thread_data              cstackBANK1   001B5
main@t1thread_data              cstackBANK1   001C7
main@uc                         cstackBANK1   001C9
main@uthread_data               cstackBANK1   001C5
memcpy@d                        cstackBANK0   000D3
memcpy@d1                       cstackBANK0   000CD
memcpy@n                        cstackBANK0   000D1
memcpy@s                        cstackBANK0   000D5
memcpy@s1                       cstackBANK0   000CF
recv_msg@data                   cstackBANK0   000DC
recv_msg@maxlength              cstackBANK0   000D9
recv_msg@msgtype                cstackBANK0   000DA
recv_msg@qmsg                   cstackBANK0   000E3
recv_msg@qptr                   cstackBANK0   000D7
recv_msg@slot                   cstackBANK0   000E0
recv_msg@tlength                cstackBANK0   000E1
send_msg@data                   cstackBANK0   000DB
send_msg@length                 cstackBANK0   000D9
send_msg@msgtype                cstackBANK0   000DA
send_msg@qmsg                   cstackBANK0   000E1
send_msg@qptr                   cstackBANK0   000D7
send_msg@slot                   cstackBANK0   000E0
send_msg@tlength                cstackBANK0   000DE
stackhi                         (abs)         003FF
stacklo                         (abs)         001EC
start                           init          000BA
start_i2c_slave_reply@length    cstackBANK0   000D1
start_i2c_slave_reply@msg       cstackBANK0   000CD
start_initialization            cinit         0187C
timer0_int_handler@length       cstackBANK0   000B6
timer0_int_handler@msgtype      cstackBANK0   000B8
timer0_int_handler@val          cstackBANK0   000BA
timer0_lthread@length           cstackBANK0   000D1
timer0_lthread@msgbuffer        cstackBANK0   000D3
timer0_lthread@msgtype          cstackBANK0   000CF
timer0_lthread@msgval           cstackBANK0   000D5
timer0_lthread@tptr             cstackBANK0   000CD
timer1_int_handler@result       cstackCOMRAM  0001C
timer1_lthread@F5129            dataBANK0     000E7
timer1_lthread@ctrl             cstackBANK1   001B2
timer1_lthread@even             cstackBANK1   001B0
timer1_lthread@length           cstackBANK1   001A9
timer1_lthread@msgbuffer        cstackBANK1   001AB
timer1_lthread@msgtype          cstackBANK1   001A7
timer1_lthread@retval           cstackBANK1   001AF
timer1_lthread@tptr             cstackBANK1   001A5
uart_lthread@length             cstackBANK0   000D2
uart_lthread@msgbuffer          cstackBANK0   000D4
uart_lthread@msgtype            cstackBANK0   000D0
uart_lthread@uptr               cstackBANK0   000CE


FUNCTION INFORMATION:

 *************** function _main *****************
 Defined at:
		line 186 in file "src/main.c"
 Parameters:    Size  Location     Type
		None
 Auto vars:     Size  Location     Type
  ic             28   46[BANK1 ] struct __i2c_comm
  msgbuffer      11   21[BANK1 ] unsigned char [11]
  uc              5   39[BANK1 ] struct __uart_comm
  t1thread_dat    2   37[BANK1 ] struct __timer1_thread_s
  uthread_data    2   35[BANK1 ] struct __uart_thread_str
  t0thread_dat    2   19[BANK1 ] struct __timer0_thread_s
  length          1   45[BANK1 ] char 
  msgtype         1   44[BANK1 ] unsigned char 
  UARTConfig      1   34[BANK1 ] unsigned char 
  baud            1   33[BANK1 ] unsigned char 
  last_reg_rec    1   32[BANK1 ] unsigned char 
  i               1    0        unsigned char 
  c               1    0        unsigned char 
 Return value:  Size  Location     Type
		None               void
 Registers used:
		wreg, fsr0l, fsr0h, fsr1l, fsr1h, fsr1l, fsr1h, fsr2l, fsr2h, status,2, status,0, pclat, btemp, btemp+1, btemp+2, btemp+3, btemp+4, btemp+5, btemp+6, btemp+7, btemp+8, btemp+9, btemp+10, btemp+11, tosl, structret, tblptrl, tblptrh, tblptru, prodl, prodh, bsr, cstack
 Tracked objects:
		On entry : 
		On exit  : 
		Unchanged: 
 Data sizes:     COMRAM   BANK0   BANK1   BANK2   BANK3
      Params:         0       0       0       0       0
      Locals:         0       0      55       0       0
      Temps:          0       0       1       0       0
      Totals:         0       0      56       0       0
Total ram usage:       56 bytes
 Hardware stack levels required when called:   14
 This function calls:
		_OpenTimer0
		_OpenTimer1
		_OpenUSART
		_ToMainHigh_recvmsg
		_ToMainLow_recvmsg
		_block_on_To_msgqueues
		_enable_interrupts
		_i2c_configure_slave
		_init_i2c
		_init_queues
		_init_timer1_lthread
		_init_uart_recv
		_start_i2c_slave_reply
		_timer0_lthread
		_timer1_lthread
		_uart_lthread
 This function is called by:
		Startup code after reset
 This function uses a non-reentrant model


 *************** function _uart_lthread *****************
 Defined at:
		line 9 in file "src/uart_thread.c"
 Parameters:    Size  Location     Type
  uptr            2   24[BANK0 ] PTR struct __uart_thread
		 -> main@uthread_data(2), 
  msgtype         2   26[BANK0 ] int 
  length          2   28[BANK0 ] int 
  msgbuffer       2   30[BANK0 ] PTR unsigned char 
		 -> main@msgbuffer(11), 
 Auto vars:     Size  Location     Type
		None
 Return value:  Size  Location     Type
                  2   24[BANK0 ] int 
 Registers used:
		wreg, fsr2l, fsr2h, status,2, status,0, cstack
 Tracked objects:
		On entry : 
		On exit  : 
		Unchanged: 
 Data sizes:     COMRAM   BANK0   BANK1   BANK2   BANK3
      Params:         0       8       0       0       0
      Locals:         0       0       0       0       0
      Temps:          0       0       0       0       0
      Totals:         0       8       0       0       0
Total ram usage:        8 bytes
 Hardware stack levels used:    1
 Hardware stack levels required when called:   11
 This function calls:
		_WriteUSART
 This function is called by:
		_main
 This function uses a non-reentrant model


 *************** function _WriteUSART *****************
 Defined at:
		line 13 in file "E:\MPLAB\xc8\v1.30\sources\pic18\plib\USART\uwrite.c"
 Parameters:    Size  Location     Type
  data            1    wreg     unsigned char 
 Auto vars:     Size  Location     Type
  data            1   23[BANK0 ] unsigned char 
 Return value:  Size  Location     Type
		None               void
 Registers used:
		wreg
 Tracked objects:
		On entry : 
		On exit  : 
		Unchanged: 
 Data sizes:     COMRAM   BANK0   BANK1   BANK2   BANK3
      Params:         0       0       0       0       0
      Locals:         0       1       0       0       0
      Temps:          0       0       0       0       0
      Totals:         0       1       0       0       0
Total ram usage:        1 bytes
 Hardware stack levels used:    1
 Hardware stack levels required when called:   10
 This function calls:
		Nothing
 This function is called by:
		_uart_lthread
 This function uses a non-reentrant model


 *************** function _timer1_lthread *****************
 Defined at:
		line 14 in file "src/timer1_thread.c"
 Parameters:    Size  Location     Type
  tptr            2    3[BANK1 ] PTR struct __timer1_thre
		 -> main@t1thread_data(2), 
  msgtype         2    5[BANK1 ] int 
  length          2    7[BANK1 ] int 
  msgbuffer       2    9[BANK1 ] PTR unsigned char 
		 -> main@msgbuffer(11), 
 Auto vars:     Size  Location     Type
  ctrl            2   16[BANK1 ] unsigned char [2]
  even            2   14[BANK1 ] int 
  retval          1   13[BANK1 ] char 
 Return value:  Size  Location     Type
                  2    3[BANK1 ] int 
 Registers used:
		wreg, fsr1l, fsr1h, fsr2l, fsr2h, status,2, status,0, prodl, prodh, cstack
 Tracked objects:
		On entry : 
		On exit  : 
		Unchanged: 
 Data sizes:     COMRAM   BANK0   BANK1   BANK2   BANK3
      Params:         0       0       8       0       0
      Locals:         0       0       5       0       0
      Temps:          0       0       2       0       0
      Totals:         0       0      15       0       0
Total ram usage:       15 bytes
 Hardware stack levels used:    1
 Hardware stack levels required when called:   13
 This function calls:
		_ReadTimer1
		_ToMainLow_sendmsg
		___lwmod
 This function is called by:
		_main
 This function uses a non-reentrant model


 *************** function ___lwmod *****************
 Defined at:
		line 8 in file "E:\MPLAB\xc8\v1.30\sources\common\lwmod.c"
 Parameters:    Size  Location     Type
  dividend        2   23[BANK0 ] unsigned int 
  divisor         2   25[BANK0 ] unsigned int 
 Auto vars:     Size  Location     Type
  counter         1   28[BANK0 ] unsigned char 
 Return value:  Size  Location     Type
                  2   23[BANK0 ] unsigned int 
 Registers used:
		wreg, status,2, status,0
 Tracked objects:
		On entry : 
		On exit  : 
		Unchanged: 
 Data sizes:     COMRAM   BANK0   BANK1   BANK2   BANK3
      Params:         0       4       0       0       0
      Locals:         0       1       0       0       0
      Temps:          0       1       0       0       0
      Totals:         0       6       0       0       0
Total ram usage:        6 bytes
 Hardware stack levels used:    1
 Hardware stack levels required when called:   10
 This function calls:
		Nothing
 This function is called by:
		_timer1_lthread
 This function uses a non-reentrant model


 *************** function _ToMainLow_sendmsg *****************
 Defined at:
		line 103 in file "src/messages.c"
 Parameters:    Size  Location     Type
  length          1    wreg     unsigned char 
  msgtype         1    0[BANK1 ] unsigned char 
  data            2    1[BANK1 ] PTR void 
		 -> timer1_lthread@ctrl(2), NULL(0), main@uc(5), 
 Auto vars:     Size  Location     Type
  length          1   45[BANK0 ] unsigned char 
 Return value:  Size  Location     Type
                  1    wreg      char 
 Registers used:
		wreg, fsr1l, fsr1h, fsr2l, fsr2h, status,2, status,0, prodl, prodh, cstack
 Tracked objects:
		On entry : 
		On exit  : 
		Unchanged: 
 Data sizes:     COMRAM   BANK0   BANK1   BANK2   BANK3
      Params:         0       0       3       0       0
      Locals:         0       1       0       0       0
      Temps:          0       0       0       0       0
      Totals:         0       1       3       0       0
Total ram usage:        4 bytes
 Hardware stack levels used:    1
 Hardware stack levels required when called:   12
 This function calls:
		_send_msg
 This function is called by:
		_timer1_lthread
 This function uses a non-reentrant model


 *************** function _send_msg *****************
 Defined at:
		line 24 in file "src/messages.c"
 Parameters:    Size  Location     Type
  qptr            2   33[BANK0 ] PTR struct __msg_queue
		 -> FromMainHigh_MQ(54), FromMainLow_MQ(54), ToMainHigh_MQ(54), ToMainLow_MQ(54), 
  length          1   35[BANK0 ] unsigned char 
  msgtype         1   36[BANK0 ] unsigned char 
  data            2   37[BANK0 ] PTR void 
		 -> timer0_int_handler@val(2), timer1_lthread@ctrl(2), NULL(0), i2c_int_handler@error_buf(3), 
		 -> main@ic(28), main@uc(5), 
 Auto vars:     Size  Location     Type
  qmsg            2   43[BANK0 ] PTR struct __msg
		 -> FromMainLow_MQ.queue(52), FromMainHigh_MQ.queue(52), ToMainHigh_MQ.queue(52), ToMainLow_MQ.queue(52), 
		 -> FromMainHigh_MQ(54), FromMainLow_MQ(54), ToMainHigh_MQ(54), ToMainLow_MQ(54), 
  tlength         2   40[BANK0 ] unsigned int 
  slot            1   42[BANK0 ] unsigned char 
 Return value:  Size  Location     Type
                  1    wreg      char 
 Registers used:
		wreg, fsr1l, fsr1h, fsr2l, fsr2h, status,2, status,0, prodl, prodh, cstack
 Tracked objects:
		On entry : 
		On exit  : 
		Unchanged: 
 Data sizes:     COMRAM   BANK0   BANK1   BANK2   BANK3
      Params:         0       6       0       0       0
      Locals:         0       5       0       0       0
      Temps:          0       1       0       0       0
      Totals:         0      12       0       0       0
Total ram usage:       12 bytes
 Hardware stack levels used:    1
 Hardware stack levels required when called:   11
 This function calls:
		_memcpy
 This function is called by:
		_ToMainLow_sendmsg
		_FromMainLow_sendmsg
		_FromMainHigh_sendmsg
 This function uses a non-reentrant model


 *************** function _ReadTimer1 *****************
 Defined at:
		line 15 in file "E:\MPLAB\xc8\v1.30\sources\pic18\plib\Timers\t1read.c"
 Parameters:    Size  Location     Type
		None
 Auto vars:     Size  Location     Type
  timer           2   25[BANK0 ] struct Timers
 Return value:  Size  Location     Type
                  2   23[BANK0 ] unsigned int 
 Registers used:
		None
 Tracked objects:
		On entry : 
		On exit  : 
		Unchanged: 
 Data sizes:     COMRAM   BANK0   BANK1   BANK2   BANK3
      Params:         0       2       0       0       0
      Locals:         0       2       0       0       0
      Temps:          0       0       0       0       0
      Totals:         0       4       0       0       0
Total ram usage:        4 bytes
 Hardware stack levels used:    1
 Hardware stack levels required when called:   10
 This function calls:
		Nothing
 This function is called by:
		_timer1_lthread
 This function uses a non-reentrant model


 *************** function _timer0_lthread *****************
 Defined at:
		line 9 in file "src/timer0_thread.c"
 Parameters:    Size  Location     Type
  tptr            2   23[BANK0 ] PTR struct __timer0_thre
		 -> main@t0thread_data(2), 
  msgtype         2   25[BANK0 ] int 
  length          2   27[BANK0 ] int 
  msgbuffer       2   29[BANK0 ] PTR unsigned char 
		 -> main@msgbuffer(11), 
 Auto vars:     Size  Location     Type
  msgval          2   31[BANK0 ] PTR unsigned int 
		 -> main@msgbuffer(11), 
 Return value:  Size  Location     Type
                  2   23[BANK0 ] int 
 Registers used:
		wreg, status,2, status,0
 Tracked objects:
		On entry : 
		On exit  : 
		Unchanged: 
 Data sizes:     COMRAM   BANK0   BANK1   BANK2   BANK3
      Params:         0       8       0       0       0
      Locals:         0       2       0       0       0
      Temps:          0       0       0       0       0
      Totals:         0      10       0       0       0
Total ram usage:       10 bytes
 Hardware stack levels used:    1
 Hardware stack levels required when called:   10
 This function calls:
		Nothing
 This function is called by:
		_main
 This function uses a non-reentrant model


 *************** function _start_i2c_slave_reply *****************
 Defined at:
		line 53 in file "src/my_i2c.c"
 Parameters:    Size  Location     Type
  length          1    wreg     unsigned char 
  msg             2   23[BANK0 ] PTR unsigned char 
		 -> main@msgbuffer(11), 
 Auto vars:     Size  Location     Type
  length          1   27[BANK0 ] unsigned char 
 Return value:  Size  Location     Type
		None               void
 Registers used:
		wreg, fsr1l, fsr1h, fsr2l, fsr2h, status,2, status,0, prodl, prodh
 Tracked objects:
		On entry : 
		On exit  : 
		Unchanged: 
 Data sizes:     COMRAM   BANK0   BANK1   BANK2   BANK3
      Params:         0       2       0       0       0
      Locals:         0       1       0       0       0
      Temps:          0       2       0       0       0
      Totals:         0       5       0       0       0
Total ram usage:        5 bytes
 Hardware stack levels used:    1
 Hardware stack levels required when called:   10
 This function calls:
		Nothing
 This function is called by:
		_main
 This function uses a non-reentrant model


 *************** function _init_uart_recv *****************
 Defined at:
		line 49 in file "src/my_uart.c"
 Parameters:    Size  Location     Type
  uc              2   23[BANK0 ] PTR struct __uart_comm
		 -> main@uc(5), 
 Auto vars:     Size  Location     Type
		None
 Return value:  Size  Location     Type
		None               void
 Registers used:
		wreg, fsr2l, fsr2h, status,2, status,0
 Tracked objects:
		On entry : 
		On exit  : 
		Unchanged: 
 Data sizes:     COMRAM   BANK0   BANK1   BANK2   BANK3
      Params:         0       2       0       0       0
      Locals:         0       0       0       0       0
      Temps:          0       0       0       0       0
      Totals:         0       2       0       0       0
Total ram usage:        2 bytes
 Hardware stack levels used:    1
 Hardware stack levels required when called:   10
 This function calls:
		Nothing
 This function is called by:
		_main
 This function uses a non-reentrant model


 *************** function _init_timer1_lthread *****************
 Defined at:
		line 6 in file "src/timer1_thread.c"
 Parameters:    Size  Location     Type
  tptr            2   23[BANK0 ] PTR struct __timer1_thre
		 -> main@t1thread_data(2), 
 Auto vars:     Size  Location     Type
		None
 Return value:  Size  Location     Type
		None               void
 Registers used:
		wreg, fsr2l, fsr2h
 Tracked objects:
		On entry : 
		On exit  : 
		Unchanged: 
 Data sizes:     COMRAM   BANK0   BANK1   BANK2   BANK3
      Params:         0       2       0       0       0
      Locals:         0       0       0       0       0
      Temps:          0       0       0       0       0
      Totals:         0       2       0       0       0
Total ram usage:        2 bytes
 Hardware stack levels used:    1
 Hardware stack levels required when called:   10
 This function calls:
		Nothing
 This function is called by:
		_main
 This function uses a non-reentrant model


 *************** function _init_queues *****************
 Defined at:
		line 194 in file "src/messages.c"
 Parameters:    Size  Location     Type
		None
 Auto vars:     Size  Location     Type
		None
 Return value:  Size  Location     Type
		None               void
 Registers used:
		wreg, fsr2l, fsr2h, status,2, status,0, prodl, prodh, cstack
 Tracked objects:
		On entry : 
		On exit  : 
		Unchanged: 
 Data sizes:     COMRAM   BANK0   BANK1   BANK2   BANK3
      Params:         0       0       0       0       0
      Locals:         0       0       0       0       0
      Temps:          0       1       0       0       0
      Totals:         0       1       0       0       0
Total ram usage:        1 bytes
 Hardware stack levels used:    1
 Hardware stack levels required when called:   11
 This function calls:
		_init_queue
 This function is called by:
		_main
 This function uses a non-reentrant model


 *************** function _init_queue *****************
 Defined at:
		line 14 in file "src/messages.c"
 Parameters:    Size  Location     Type
  qptr            2   23[BANK0 ] PTR struct __msg_queue
		 -> FromMainHigh_MQ(54), FromMainLow_MQ(54), ToMainHigh_MQ(54), ToMainLow_MQ(54), 
 Auto vars:     Size  Location     Type
  i               1   26[BANK0 ] unsigned char 
 Return value:  Size  Location     Type
		None               void
 Registers used:
		wreg, fsr2l, fsr2h, status,2, status,0, prodl, prodh
 Tracked objects:
		On entry : 
		On exit  : 
		Unchanged: 
 Data sizes:     COMRAM   BANK0   BANK1   BANK2   BANK3
      Params:         0       2       0       0       0
      Locals:         0       1       0       0       0
      Temps:          0       1       0       0       0
      Totals:         0       4       0       0       0
Total ram usage:        4 bytes
 Hardware stack levels used:    1
 Hardware stack levels required when called:   10
 This function calls:
		Nothing
 This function is called by:
		_init_queues
 This function uses a non-reentrant model


 *************** function _init_i2c *****************
 Defined at:
		line 268 in file "src/my_i2c.c"
 Parameters:    Size  Location     Type
  ic              2   23[BANK0 ] PTR struct __i2c_comm
		 -> main@ic(28), 
 Auto vars:     Size  Location     Type
		None
 Return value:  Size  Location     Type
		None               void
 Registers used:
		wreg, fsr2l, fsr2h, status,2, status,0
 Tracked objects:
		On entry : 
		On exit  : 
		Unchanged: 
 Data sizes:     COMRAM   BANK0   BANK1   BANK2   BANK3
      Params:         0       2       0       0       0
      Locals:         0       0       0       0       0
      Temps:          0       0       0       0       0
      Totals:         0       2       0       0       0
Total ram usage:        2 bytes
 Hardware stack levels used:    1
 Hardware stack levels required when called:   10
 This function calls:
		Nothing
 This function is called by:
		_main
 This function uses a non-reentrant model


 *************** function _i2c_configure_slave *****************
 Defined at:
		line 279 in file "src/my_i2c.c"
 Parameters:    Size  Location     Type
  addr            1    wreg     unsigned char 
 Auto vars:     Size  Location     Type
  addr            1   23[BANK0 ] unsigned char 
 Return value:  Size  Location     Type
		None               void
 Registers used:
		wreg, status,2, status,0
 Tracked objects:
		On entry : 
		On exit  : 
		Unchanged: 
 Data sizes:     COMRAM   BANK0   BANK1   BANK2   BANK3
      Params:         0       0       0       0       0
      Locals:         0       1       0       0       0
      Temps:          0       0       0       0       0
      Totals:         0       1       0       0       0
Total ram usage:        1 bytes
 Hardware stack levels used:    1
 Hardware stack levels required when called:   10
 This function calls:
		Nothing
 This function is called by:
		_main
 This function uses a non-reentrant model


 *************** function _enable_interrupts *****************
 Defined at:
		line 14 in file "src/interrupts.c"
 Parameters:    Size  Location     Type
		None
 Auto vars:     Size  Location     Type
		None
 Return value:  Size  Location     Type
		None               void
 Registers used:
		None
 Tracked objects:
		On entry : 
		On exit  : 
		Unchanged: 
 Data sizes:     COMRAM   BANK0   BANK1   BANK2   BANK3
      Params:         0       0       0       0       0
      Locals:         0       0       0       0       0
      Temps:          0       0       0       0       0
      Totals:         0       0       0       0       0
Total ram usage:        0 bytes
 Hardware stack levels used:    1
 Hardware stack levels required when called:   10
 This function calls:
		Nothing
 This function is called by:
		_main
 This function uses a non-reentrant model


 *************** function _block_on_To_msgqueues *****************
 Defined at:
		line 258 in file "src/messages.c"
 Parameters:    Size  Location     Type
		None
 Auto vars:     Size  Location     Type
		None
 Return value:  Size  Location     Type
		None               void
 Registers used:
		wreg, fsr2l, fsr2h, status,2, status,0, prodl, prodh, cstack
 Tracked objects:
		On entry : 
		On exit  : 
		Unchanged: 
 Data sizes:     COMRAM   BANK0   BANK1   BANK2   BANK3
      Params:         0       0       0       0       0
      Locals:         0       0       0       0       0
      Temps:          0       1       0       0       0
      Totals:         0       1       0       0       0
Total ram usage:        1 bytes
 Hardware stack levels used:    1
 Hardware stack levels required when called:   13
 This function calls:
		_Delay1KTCYx
		_check_msg
		_in_main
 This function is called by:
		_main
 This function uses a non-reentrant model


 *************** function _in_main *****************
 Defined at:
		line 40 in file "src/interrupts.c"
 Parameters:    Size  Location     Type
		None
 Auto vars:     Size  Location     Type
		None
 Return value:  Size  Location     Type
                  2   27[BANK0 ] int 
 Registers used:
		wreg, status,2, status,0, cstack
 Tracked objects:
		On entry : 
		On exit  : 
		Unchanged: 
 Data sizes:     COMRAM   BANK0   BANK1   BANK2   BANK3
      Params:         0       2       0       0       0
      Locals:         0       0       0       0       0
      Temps:          0       0       0       0       0
      Totals:         0       2       0       0       0
Total ram usage:        2 bytes
 Hardware stack levels used:    1
 Hardware stack levels required when called:   12
 This function calls:
		_in_high_int
		_in_low_int
 This function is called by:
		_block_on_To_msgqueues
 This function uses a non-reentrant model


 *************** function _in_low_int *****************
 Defined at:
		line 30 in file "src/interrupts.c"
 Parameters:    Size  Location     Type
		None
 Auto vars:     Size  Location     Type
		None
 Return value:  Size  Location     Type
                  2   25[BANK0 ] int 
 Registers used:
		wreg, status,2, status,0, cstack
 Tracked objects:
		On entry : 
		On exit  : 
		Unchanged: 
 Data sizes:     COMRAM   BANK0   BANK1   BANK2   BANK3
      Params:         0       2       0       0       0
      Locals:         0       0       0       0       0
      Temps:          0       0       0       0       0
      Totals:         0       2       0       0       0
Total ram usage:        2 bytes
 Hardware stack levels used:    1
 Hardware stack levels required when called:   11
 This function calls:
		_in_high_int
 This function is called by:
		_in_main
 This function uses a non-reentrant model


 *************** function _in_high_int *****************
 Defined at:
		line 22 in file "src/interrupts.c"
 Parameters:    Size  Location     Type
		None
 Auto vars:     Size  Location     Type
		None
 Return value:  Size  Location     Type
                  2   23[BANK0 ] int 
 Registers used:
		wreg, status,2
 Tracked objects:
		On entry : 
		On exit  : 
		Unchanged: 
 Data sizes:     COMRAM   BANK0   BANK1   BANK2   BANK3
      Params:         0       2       0       0       0
      Locals:         0       0       0       0       0
      Temps:          0       0       0       0       0
      Totals:         0       2       0       0       0
Total ram usage:        2 bytes
 Hardware stack levels used:    1
 Hardware stack levels required when called:   10
 This function calls:
		Nothing
 This function is called by:
		_in_low_int
		_in_main
 This function uses a non-reentrant model


 *************** function _check_msg *****************
 Defined at:
		line 222 in file "src/messages.c"
 Parameters:    Size  Location     Type
  qptr            2   23[BANK0 ] PTR struct __msg_queue
		 -> ToMainHigh_MQ(54), ToMainLow_MQ(54), 
 Auto vars:     Size  Location     Type
		None
 Return value:  Size  Location     Type
                  1    wreg      unsigned char 
 Registers used:
		wreg, fsr2l, fsr2h, status,2, status,0, prodl, prodh
 Tracked objects:
		On entry : 
		On exit  : 
		Unchanged: 
 Data sizes:     COMRAM   BANK0   BANK1   BANK2   BANK3
      Params:         0       2       0       0       0
      Locals:         0       0       0       0       0
      Temps:          0       1       0       0       0
      Totals:         0       3       0       0       0
Total ram usage:        3 bytes
 Hardware stack levels used:    1
 Hardware stack levels required when called:   10
 This function calls:
		Nothing
 This function is called by:
		_block_on_To_msgqueues
 This function uses a non-reentrant model


 *************** function _Delay1KTCYx *****************
 Defined at:
		line 8 in file "E:\MPLAB\xc8\v1.30\sources\pic18\d1ktcyx.c"
 Parameters:    Size  Location     Type
  unit            1    wreg     unsigned char 
 Auto vars:     Size  Location     Type
  unit            1   23[BANK0 ] unsigned char 
 Return value:  Size  Location     Type
		None               void
 Registers used:
		wreg
 Tracked objects:
		On entry : 
		On exit  : 
		Unchanged: 
 Data sizes:     COMRAM   BANK0   BANK1   BANK2   BANK3
      Params:         0       0       0       0       0
      Locals:         0       1       0       0       0
      Temps:          0       0       0       0       0
      Totals:         0       1       0       0       0
Total ram usage:        1 bytes
 Hardware stack levels used:    1
 Hardware stack levels required when called:   10
 This function calls:
		Nothing
 This function is called by:
		_block_on_To_msgqueues
 This function uses a non-reentrant model


 *************** function _ToMainLow_recvmsg *****************
 Defined at:
		line 112 in file "src/messages.c"
 Parameters:    Size  Location     Type
  maxlength       1    wreg     unsigned char 
  msgtype         2    0[BANK1 ] PTR unsigned char 
		 -> main@msgtype(1), 
  data            2    2[BANK1 ] PTR void 
		 -> main@msgbuffer(11), 
 Auto vars:     Size  Location     Type
  maxlength       1    4[BANK1 ] unsigned char 
 Return value:  Size  Location     Type
                  1    wreg      char 
 Registers used:
		wreg, fsr1l, fsr1h, fsr2l, fsr2h, status,2, status,0, prodl, prodh, cstack
 Tracked objects:
		On entry : 
		On exit  : 
		Unchanged: 
 Data sizes:     COMRAM   BANK0   BANK1   BANK2   BANK3
      Params:         0       0       4       0       0
      Locals:         0       0       1       0       0
      Temps:          0       0       0       0       0
      Totals:         0       0       5       0       0
Total ram usage:        5 bytes
 Hardware stack levels used:    1
 Hardware stack levels required when called:   12
 This function calls:
		_recv_msg
 This function is called by:
		_main
 This function uses a non-reentrant model


 *************** function _ToMainHigh_recvmsg *****************
 Defined at:
		line 135 in file "src/messages.c"
 Parameters:    Size  Location     Type
  maxlength       1    wreg     unsigned char 
  msgtype         2    0[BANK1 ] PTR unsigned char 
		 -> main@msgtype(1), 
  data            2    2[BANK1 ] PTR void 
		 -> main@msgbuffer(11), 
 Auto vars:     Size  Location     Type
  maxlength       1    4[BANK1 ] unsigned char 
 Return value:  Size  Location     Type
                  1    wreg      char 
 Registers used:
		wreg, fsr1l, fsr1h, fsr2l, fsr2h, status,2, status,0, prodl, prodh, cstack
 Tracked objects:
		On entry : 
		On exit  : 
		Unchanged: 
 Data sizes:     COMRAM   BANK0   BANK1   BANK2   BANK3
      Params:         0       0       4       0       0
      Locals:         0       0       1       0       0
      Temps:          0       0       0       0       0
      Totals:         0       0       5       0       0
Total ram usage:        5 bytes
 Hardware stack levels used:    1
 Hardware stack levels required when called:   12
 This function calls:
		_recv_msg
 This function is called by:
		_main
 This function uses a non-reentrant model


 *************** function _recv_msg *****************
 Defined at:
		line 63 in file "src/messages.c"
 Parameters:    Size  Location     Type
  qptr            2   33[BANK0 ] PTR struct __msg_queue
		 -> FromMainHigh_MQ(54), FromMainLow_MQ(54), ToMainHigh_MQ(54), ToMainLow_MQ(54), 
  maxlength       1   35[BANK0 ] unsigned char 
  msgtype         2   36[BANK0 ] PTR unsigned char 
		 -> timer0_int_handler@msgtype(2), main@msgtype(1), 
  data            2   38[BANK0 ] PTR void 
		 -> timer0_int_handler@val(2), main@msgbuffer(11), 
 Auto vars:     Size  Location     Type
  qmsg            2   45[BANK0 ] PTR struct __msg
		 -> FromMainLow_MQ.queue(52), FromMainHigh_MQ.queue(52), ToMainHigh_MQ.queue(52), ToMainLow_MQ.queue(52), 
		 -> FromMainHigh_MQ(54), FromMainLow_MQ(54), ToMainHigh_MQ(54), ToMainLow_MQ(54), 
  tlength         2   43[BANK0 ] unsigned int 
  slot            1   42[BANK0 ] unsigned char 
 Return value:  Size  Location     Type
[...]
Total ram usage:        4 bytes
 Hardware stack levels used:    1
 This function calls:
		Nothing
 This function is called by:
		_timer0_int_handler
 This function uses a non-reentrant model


 *************** function _FromMainHigh_recvmsg *****************
 Defined at:
		line 183 in file "src/messages.c"
 Parameters:    Size  Location     Type
  maxlength       1    wreg     unsigned char 
  msgtype         2   70[COMRAM] PTR unsigned char 
		 -> timer0_int_handler@msgtype(2), 
  data            2   72[COMRAM] PTR void 
		 -> timer0_int_handler@val(2), 
 Auto vars:     Size  Location     Type
  maxlength       1   74[COMRAM] unsigned char 
 Return value:  Size  Location     Type
                  1    wreg      char 
 Registers used:
		wreg, fsr1l, fsr1h, fsr2l, fsr2h, status,2, status,0, prodl, prodh, cstack
 Tracked objects:
		On entry : 
		On exit  : 
		Unchanged: 
 Data sizes:     COMRAM   BANK0   BANK1   BANK2   BANK3
      Params:         4       0       0       0       0
      Locals:         1       0       0       0       0
      Temps:          0       0       0       0       0
      Totals:         5       0       0       0       0
Total ram usage:        5 bytes
 Hardware stack levels used:    1
 Hardware stack levels required when called:    2
 This function calls:
		i2_recv_msg
 This function is called by:
		_timer0_int_handler
 This function uses a non-reentrant model


 *************** function i2_recv_msg *****************
 Defined at:
		line 63 in file "src/messages.c"
 Parameters:    Size  Location     Type
  qptr            2   56[COMRAM] PTR struct __msg_queue
		 -> FromMainHigh_MQ(54), FromMainLow_MQ(54), ToMainHigh_MQ(54), ToMainLow_MQ(54), 
  maxlength       1   58[COMRAM] unsigned char 
  msgtype         2   59[COMRAM] PTR unsigned char 
		 -> timer0_int_handler@msgtype(2), main@msgtype(1), 
  data            2   61[COMRAM] PTR void 
		 -> timer0_int_handler@val(2), main@msgbuffer(11), 
 Auto vars:     Size  Location     Type
  recv_msg        2   68[COMRAM] PTR struct __msg
		 -> FromMainLow_MQ.queue(52), FromMainHigh_MQ.queue(52), ToMainHigh_MQ.queue(52), ToMainLow_MQ.queue(52), 
		 -> FromMainHigh_MQ(54), FromMainLow_MQ(54), ToMainHigh_MQ(54), ToMainLow_MQ(54), 
  recv_msg        2   66[COMRAM] unsigned int 
  recv_msg        1   65[COMRAM] unsigned char 
 Return value:  Size  Location     Type
                  1    wreg      char 
 Registers used:
		wreg, fsr1l, fsr1h, fsr2l, fsr2h, status,2, status,0, prodl, prodh, cstack
 Tracked objects:
		On entry : 
		On exit  : 
		Unchanged: 
 Data sizes:     COMRAM   BANK0   BANK1   BANK2   BANK3
      Params:         7       0       0       0       0
      Locals:         5       0       0       0       0
      Temps:          2       0       0       0       0
      Totals:        14       0       0       0       0
Total ram usage:       14 bytes
 Hardware stack levels used:    1
 Hardware stack levels required when called:    1
 This function calls:
		i2_memcpy
 This function is called by:
		_FromMainHigh_recvmsg
 This function uses a non-reentrant model


 *************** function _i2c_int_handler *****************
 Defined at:
		line 100 in file "src/my_i2c.c"
 Parameters:    Size  Location     Type
		None
 Auto vars:     Size  Location     Type
  error_buf       3    0[BANK0 ] unsigned char [3]
  data_read       1    8[BANK0 ] unsigned char 
  msg_ready       1    7[BANK0 ] unsigned char 
  msg_to_send     1    6[BANK0 ] unsigned char 
  i2c_data        1    5[BANK0 ] unsigned char 
  overrun_erro    1    4[BANK0 ] unsigned char 
  data_written    1    3[BANK0 ] unsigned char 
 Return value:  Size  Location     Type
		None               void
 Registers used:
		wreg, fsr1l, fsr1h, fsr2l, fsr2h, status,2, status,0, prodl, prodh, cstack
 Tracked objects:
		On entry : 
		On exit  : 
		Unchanged: 
 Data sizes:     COMRAM   BANK0   BANK1   BANK2   BANK3
      Params:         0       0       0       0       0
      Locals:         0       9       0       0       0
      Temps:          2       0       0       0       0
      Totals:         2       9       0       0       0
Total ram usage:       11 bytes
 Hardware stack levels used:    1
 Hardware stack levels required when called:    3
 This function calls:
		_ToMainHigh_sendmsg
		_handle_start
 This function is called by:
		_InterruptHandlerHigh
 This function uses a non-reentrant model


 *************** function _handle_start *****************
 Defined at:
		line 71 in file "src/my_i2c.c"
 Parameters:    Size  Location     Type
  data_read       1    wreg     unsigned char 
 Auto vars:     Size  Location     Type
  data_read       1   46[COMRAM] unsigned char 
 Return value:  Size  Location     Type
		None               void
 Registers used:
		wreg, fsr2l, fsr2h, status,2, status,0
 Tracked objects:
		On entry : 
		On exit  : 
		Unchanged: 
 Data sizes:     COMRAM   BANK0   BANK1   BANK2   BANK3
      Params:         0       0       0       0       0
      Locals:         1       0       0       0       0
      Temps:          0       0       0       0       0
      Totals:         1       0       0       0       0
Total ram usage:        1 bytes
 Hardware stack levels used:    1
 This function calls:
		Nothing
 This function is called by:
		_i2c_int_handler
 This function uses a non-reentrant model


 *************** function _ToMainHigh_sendmsg *****************
 Defined at:
		line 126 in file "src/messages.c"
 Parameters:    Size  Location     Type
  length          1    wreg     unsigned char 
  msgtype         1   68[COMRAM] unsigned char 
  data            2   69[COMRAM] PTR void 
		 -> timer0_int_handler@val(2), NULL(0), i2c_int_handler@error_buf(3), main@ic(28), 
 Auto vars:     Size  Location     Type
  length          1   71[COMRAM] unsigned char 
 Return value:  Size  Location     Type
                  1    wreg      char 
 Registers used:
		wreg, fsr1l, fsr1h, fsr2l, fsr2h, status,2, status,0, prodl, prodh, cstack
 Tracked objects:
		On entry : 
		On exit  : 
		Unchanged: 
 Data sizes:     COMRAM   BANK0   BANK1   BANK2   BANK3
      Params:         3       0       0       0       0
      Locals:         1       0       0       0       0
      Temps:          0       0       0       0       0
      Totals:         4       0       0       0       0
Total ram usage:        4 bytes
 Hardware stack levels used:    1
 Hardware stack levels required when called:    2
 This function calls:
		i2_send_msg
 This function is called by:
		_i2c_int_handler
		_timer0_int_handler
 This function uses a non-reentrant model


 *************** function i2_send_msg *****************
 Defined at:
		line 24 in file "src/messages.c"
 Parameters:    Size  Location     Type
  qptr            2   56[COMRAM] PTR struct __msg_queue
		 -> FromMainHigh_MQ(54), FromMainLow_MQ(54), ToMainHigh_MQ(54), ToMainLow_MQ(54), 
  length          1   58[COMRAM] unsigned char 
  msgtype         1   59[COMRAM] unsigned char 
  data            2   60[COMRAM] PTR void 
		 -> timer0_int_handler@val(2), timer1_lthread@ctrl(2), NULL(0), i2c_int_handler@error_buf(3), 
		 -> main@ic(28), main@uc(5), 
 Auto vars:     Size  Location     Type
  send_msg        2   66[COMRAM] PTR struct __msg
		 -> FromMainLow_MQ.queue(52), FromMainHigh_MQ.queue(52), ToMainHigh_MQ.queue(52), ToMainLow_MQ.queue(52), 
		 -> FromMainHigh_MQ(54), FromMainLow_MQ(54), ToMainHigh_MQ(54), ToMainLow_MQ(54), 
  send_msg        2   63[COMRAM] unsigned int 
  send_msg        1   65[COMRAM] unsigned char 
 Return value:  Size  Location     Type
                  1    wreg      char 
 Registers used:
		wreg, fsr1l, fsr1h, fsr2l, fsr2h, status,2, status,0, prodl, prodh, cstack
 Tracked objects:
		On entry : 
		On exit  : 
		Unchanged: 
 Data sizes:     COMRAM   BANK0   BANK1   BANK2   BANK3
      Params:         6       0       0       0       0
      Locals:         5       0       0       0       0
      Temps:          1       0       0       0       0
      Totals:        12       0       0       0       0
Total ram usage:       12 bytes
 Hardware stack levels used:    1
 Hardware stack levels required when called:    1
 This function calls:
		i2_memcpy
 This function is called by:
		_ToMainHigh_sendmsg
 This function uses a non-reentrant model


 *************** function i2_memcpy *****************
 Defined at:
		line 11 in file "E:\MPLAB\xc8\v1.30\sources\common\memcpy.c"
 Parameters:    Size  Location     Type
  d1              2   46[COMRAM] PTR void 
		 -> FromMainLow_MQ.queue(52), FromMainHigh_MQ.queue(52), ToMainHigh_MQ.queue(52), ToMainLow_MQ.queue(52), 
		 -> timer0_int_handler@val(2), FromMainHigh_MQ(54), FromMainLow_MQ(54), ToMainHigh_MQ(54), 
		 -> ToMainLow_MQ(54), main@msgbuffer(11), 
  s1              2   48[COMRAM] PTR const void 
		 -> ToMainLow_MQ.data(10), ToMainHigh_MQ.data(10), FromMainLow_MQ.data(10), FromMainHigh_MQ.data(10), 
		 -> ToMainLow_MQ.queue.data(10), ToMainHigh_MQ.queue.data(10), FromMainHigh_MQ.queue.data(10), FromMainLow_MQ.queue.data(10), 
		 -> timer0_int_handler@val(2), timer1_lthread@ctrl(2), NULL(0), i2c_int_handler@error_buf(3), 
		 -> FromMainHigh_MQ(54), FromMainLow_MQ(54), ToMainHigh_MQ(54), ToMainLow_MQ(54), 
		 -> main@ic(28), main@uc(5), 
  n               2   50[COMRAM] unsigned int 
 Auto vars:     Size  Location     Type
  memcpy          2   54[COMRAM] PTR const unsigned char 
		 -> ToMainLow_MQ.data(10), ToMainHigh_MQ.data(10), FromMainLow_MQ.data(10), FromMainHigh_MQ.data(10), 
		 -> ToMainLow_MQ.queue.data(10), ToMainHigh_MQ.queue.data(10), FromMainHigh_MQ.queue.data(10), FromMainLow_MQ.queue.data(10), 
		 -> timer0_int_handler@val(2), timer1_lthread@ctrl(2), NULL(0), i2c_int_handler@error_buf(3), 
		 -> FromMainHigh_MQ(54), FromMainLow_MQ(54), ToMainHigh_MQ(54), ToMainLow_MQ(54), 
		 -> main@ic(28), main@uc(5), 
  memcpy          2   52[COMRAM] PTR unsigned char 
		 -> FromMainLow_MQ.queue(52), FromMainHigh_MQ.queue(52), ToMainHigh_MQ.queue(52), ToMainLow_MQ.queue(52), 
		 -> timer0_int_handler@val(2), FromMainHigh_MQ(54), FromMainLow_MQ(54), ToMainHigh_MQ(54), 
		 -> ToMainLow_MQ(54), main@msgbuffer(11), 
 Return value:  Size  Location     Type
                  2   46[COMRAM] PTR void 
 Registers used:
		wreg, fsr1l, fsr1h, fsr2l, fsr2h, status,2, status,0
 Tracked objects:
		On entry : 
		On exit  : 
		Unchanged: 
 Data sizes:     COMRAM   BANK0   BANK1   BANK2   BANK3
      Params:         6       0       0       0       0
      Locals:         4       0       0       0       0
      Temps:          0       0       0       0       0
      Totals:        10       0       0       0       0
Total ram usage:       10 bytes
 Hardware stack levels used:    1
 This function calls:
		Nothing
 This function is called by:
		i2_send_msg
		i2_recv_msg
 This function uses a non-reentrant model


 *************** function _SleepIfOkay *****************
 Defined at:
		line 228 in file "src/messages.c"
 Parameters:    Size  Location     Type
		None
 Auto vars:     Size  Location     Type
		None
 Return value:  Size  Location     Type
		None               void
 Registers used:
		wreg, fsr2l, fsr2h, status,2, status,0, prodl, prodh, cstack
 Tracked objects:
		On entry : 
		On exit  : 
		Unchanged: 
 Data sizes:     COMRAM   BANK0   BANK1   BANK2   BANK3
      Params:         0       0       0       0       0
      Locals:         0       0       0       0       0
      Temps:          0       0       0       0       0
      Totals:         0       0       0       0       0
Total ram usage:        0 bytes
 Hardware stack levels used:    1
 Hardware stack levels required when called:    2
 This function calls:
		_enter_sleep_mode
		i2_check_msg
		i2_in_high_int
		i2_in_low_int
 This function is called by:
		_InterruptHandlerHigh
 This function uses a non-reentrant model


 *************** function i2_in_low_int *****************
 Defined at:
		line 30 in file "src/interrupts.c"
 Parameters:    Size  Location     Type
		None
 Auto vars:     Size  Location     Type
		None
 Return value:  Size  Location     Type
                  2   48[COMRAM] int 
 Registers used:
		wreg, status,2, status,0, cstack
 Tracked objects:
		On entry : 
		On exit  : 
		Unchanged: 
 Data sizes:     COMRAM   BANK0   BANK1   BANK2   BANK3
      Params:         2       0       0       0       0
      Locals:         0       0       0       0       0
      Temps:          0       0       0       0       0
      Totals:         2       0       0       0       0
Total ram usage:        2 bytes
 Hardware stack levels used:    1
 Hardware stack levels required when called:    1
 This function calls:
		i2_in_high_int
 This function is called by:
		_SleepIfOkay
 This function uses a non-reentrant model


 *************** function i2_in_high_int *****************
 Defined at:
		line 22 in file "src/interrupts.c"
 Parameters:    Size  Location     Type
		None
 Auto vars:     Size  Location     Type
		None
 Return value:  Size  Location     Type
                  2   46[COMRAM] int 
 Registers used:
		wreg, status,2
 Tracked objects:
		On entry : 
		On exit  : 
		Unchanged: 
 Data sizes:     COMRAM   BANK0   BANK1   BANK2   BANK3
      Params:         2       0       0       0       0
      Locals:         0       0       0       0       0
      Temps:          0       0       0       0       0
      Totals:         2       0       0       0       0
Total ram usage:        2 bytes
 Hardware stack levels used:    1
 This function calls:
		Nothing
 This function is called by:
		_SleepIfOkay
		i2_in_low_int
 This function uses a non-reentrant model


 *************** function i2_check_msg *****************
 Defined at:
		line 222 in file "src/messages.c"
 Parameters:    Size  Location     Type
  qptr            2   46[COMRAM] PTR struct __msg_queue
		 -> ToMainHigh_MQ(54), ToMainLow_MQ(54), 
 Auto vars:     Size  Location     Type
		None
 Return value:  Size  Location     Type
                  1    wreg      unsigned char 
 Registers used:
		wreg, fsr2l, fsr2h, status,2, status,0, prodl, prodh
 Tracked objects:
		On entry : 
		On exit  : 
		Unchanged: 
 Data sizes:     COMRAM   BANK0   BANK1   BANK2   BANK3
      Params:         2       0       0       0       0
      Locals:         0       0       0       0       0
      Temps:          1       0       0       0       0
      Totals:         3       0       0       0       0
Total ram usage:        3 bytes
 Hardware stack levels used:    1
 This function calls:
		Nothing
 This function is called by:
		_SleepIfOkay
 This function uses a non-reentrant model


 *************** function _enter_sleep_mode *****************
 Defined at:
		line 202 in file "src/messages.c"
 Parameters:    Size  Location     Type
		None
 Auto vars:     Size  Location     Type
		None
 Return value:  Size  Location     Type
		None               void
 Registers used:
		None
 Tracked objects:
		On entry : 
		On exit  : 
		Unchanged: 
 Data sizes:     COMRAM   BANK0   BANK1   BANK2   BANK3
      Params:         0       0       0       0       0
      Locals:         0       0       0       0       0
      Temps:          0       0       0       0       0
      Totals:         0       0       0       0       0
Total ram usage:        0 bytes
 Hardware stack levels used:    1
 This function calls:
		Nothing
 This function is called by:
		_SleepIfOkay
 This function uses a non-reentrant model



MODULE INFORMATION

Module		Function		Class		Link	Load	Size
E:\MPLAB\xc8\v1.30\sources\pic18\plib\Timers\t0write.c
		_WriteTimer0   		CODE           	1B7A	0000	18

E:\MPLAB\xc8\v1.30\sources\pic18\plib\Timers\t0write.c estimated size: 18

src/user_interrupts.c
		_timer0_int_han		CODE           	15DE	0000	100
		_timer1_int_han		CODE           	195E	0000	48

src/user_interrupts.c estimated size: 148

E:\MPLAB\xc8\v1.30\sources\pic18\plib\Timers\t1write.c
		_WriteTimer1   		CODE           	1B68	0000	18

E:\MPLAB\xc8\v1.30\sources\pic18\plib\Timers\t1write.c estimated size: 18

E:\MPLAB\xc8\v1.30\sources\pic18\plib\Timers\t1read.c
		_ReadTimer1    		CODE           	1B0E	0000	18

E:\MPLAB\xc8\v1.30\sources\pic18\plib\Timers\t1read.c estimated size: 18

src/my_uart.c
		_init_uart_recv		CODE           	1AA8	0000	30
		_uart_recv_int_		CODE           	1158	0000	156

src/my_uart.c estimated size: 186

src/main.c
		_main          		CODE           	069C	0000	882

src/main.c estimated size: 882

shared
		i1_send_msg    		CODE           	1004	0000	170
		i2_send_msg    		CODE           	10AE	0000	170
		i2_in_high_int 		CODE           	1B8C	0000	12
		i2_recv_msg    		CODE           	0E6A	0000	210
		__initializatio		CODE           	187C	0000	52
		i2_in_low_int  		CODE           	198E	0000	46
		i1_ReadTimer1  		CODE           	1B56	0000	18
		i1_ToMainLow_se		CODE           	1A38	0000	38
		i1_memcpy      		CODE           	17FC	0000	64
		i2_memcpy      		CODE           	183C	0000	64
		i2_check_msg   		CODE           	1A84	0000	36

shared estimated size: 880

src/interrupts.c
		_enable_interru		CODE           	1B98	0000	8
		_in_low_int    		CODE           	16EE	0000	70
		_in_main       		CODE           	1734	0000	68
		_in_high_int   		CODE           	1B44	0000	18
		_InterruptHandl		CODE           	0018	0000	162
		_InterruptHandl		CODE           	0008	0000	5002

src/interrupts.c estimated size: 5328

E:\MPLAB\xc8\v1.30\sources\pic18\plib\USART\uread.c
		_ReadUSART     		CODE           	1AC6	0000	30

E:\MPLAB\xc8\v1.30\sources\pic18\plib\USART\uread.c estimated size: 30

E:\MPLAB\xc8\v1.30\sources\pic18\plib\Timers\t0open.c
		_OpenTimer0    		CODE           	19BC	0000	42

E:\MPLAB\xc8\v1.30\sources\pic18\plib\Timers\t0open.c estimated size: 42

E:\MPLAB\xc8\v1.30\sources\pic18\plib\Timers\t1open.c
		_OpenTimer1    		CODE           	18BA	0000	56

E:\MPLAB\xc8\v1.30\sources\pic18\plib\Timers\t1open.c estimated size: 56

src/timer0_thread.c
		_timer0_lthread		CODE           	1B20	0000	18

src/timer0_thread.c estimated size: 18

src/timer1_thread.c
		_timer1_lthread		CODE           	0B44	0000	276
		_init_timer1_lt		CODE           	1B32	0000	18

src/timer1_thread.c estimated size: 294

src/my_i2c.c
		_start_i2c_slav		CODE           	0C58	0000	270
		_handle_start  		CODE           	0F3C	0000	200
		_i2c_configure_		CODE           	1A10	0000	40
		_init_i2c      		CODE           	1574	0000	106
		_i2c_int_handle		CODE           	00BE	0000	1502

src/my_i2c.c estimated size: 2118

E:\MPLAB\xc8\v1.30\sources\pic18\d1ktcyx.c
		_Delay1KTCYx   		CODE           	1AE4	0000	22

E:\MPLAB\xc8\v1.30\sources\pic18\d1ktcyx.c estimated size: 22

E:\MPLAB\xc8\v1.30\sources\common\memcpy.c
		_memcpy        		CODE           	1642	0000	94

E:\MPLAB\xc8\v1.30\sources\common\memcpy.c estimated size: 94

E:\MPLAB\xc8\v1.30\sources\pic18\plib\USART\uwrite.c
		_WriteUSART    		CODE           	1AFA	0000	20

E:\MPLAB\xc8\v1.30\sources\pic18\plib\USART\uwrite.c estimated size: 20

src/messages.c
		_ToMainHigh_sen		CODE           	1A5E	0000	38
		_ToMainHigh_rec		CODE           	17BA	0000	66
		_block_on_To_ms		CODE           	1392	0000	126
		_check_msg     		CODE           	1928	0000	54
		_ToMainLow_send		CODE           	18F2	0000	54
		_ToMainLow_recv		CODE           	1778	0000	66
		_enter_sleep_mo		CODE           	1BA0	0000	6
		_send_msg      		CODE           	0D66	0000	260
		_FromMainHigh_r		CODE           	19E6	0000	42
		_init_queue    		CODE           	148C	0000	122
		_init_queues   		CODE           	1506	0000	110
		_recv_msg      		CODE           	0A0E	0000	310
		_SleepIfOkay   		CODE           	16A0	0000	78

src/messages.c estimated size: 1332

E:\MPLAB\xc8\v1.30\sources\pic18\plib\USART\uopen.c
		_OpenUSART     		CODE           	11F4	0000	146

E:\MPLAB\xc8\v1.30\sources\pic18\plib\USART\uopen.c estimated size: 146

src/uart_thread.c
		_uart_lthread  		CODE           	1410	0000	124

src/uart_thread.c estimated size: 124

E:\MPLAB\xc8\v1.30\sources\common\lwmod.c
		___lwmod       		CODE           	1286	0000	138

E:\MPLAB\xc8\v1.30\sources\common\lwmod.c estimated size: 138

