Microchip MPLAB XC8 Compiler V1.32 ()

Linker command line:

--edf=C:\Program Files (x86)\Microchip\xc8\v1.32\dat\en_msgs.txt -cs \
  -h+dist/default/production\motor_control.X.production.sym \
  --cmf=dist/default/production\motor_control.X.production.cmf -z \
  -Q18F45J10 -oC:\Users\Escher\AppData\Local\Temp\sar4.6 \
  -Mdist/default/production/motor_control.X.production.map -E1 -ver=XC8 \
  -ASTACK=0236h-03ffh -pstack=STACK -ACODE=00h-07FF7h -ACONST=00h-07FF7h \
  -ASMALLCONST=0400h-04FFhx123,07F00h-07FF7h -AMEDIUMCONST=0400h-07FF7h \
  -ACOMRAM=01h-07Fh -AABS1=00h-03FFh -ABIGRAM=01h-03FFh \
  -ARAM=080h-0FFh,0100h-01FFhx3 -ABANK0=080h-0FFh -ABANK1=0100h-01FFh \
  -ABANK2=0200h-02FFh -ABANK3=0300h-03FFh -ASFR=0F80h-0FFFh \
  -preset_vec=00h,intcode=08h,intcodelo=018h,powerup,init,end_init \
  -pramtop=0400h -psmallconst=SMALLCONST -pmediumconst=MEDIUMCONST \
  -pconst=CONST -AFARRAM=00h-00h -ACONFIG=07FF8h-07FFDh -pconfig=CONFIG \
  -pjflash_buffer=07800h \
  -prdata=COMRAM,nvrram=COMRAM,nvbit=COMRAM,rbss=COMRAM,rbit=COMRAM \
  -pfarbss=FARRAM,fardata=FARRAM,nvFARRAM=FARRAM \
  -pintsave_regs=BIGRAM,bigbss=BIGRAM,bigdata=BIGRAM -pbss=RAM \
  -pidata=CODE,irdata=CODE,ibigdata=CODE,ifardata=CODE \
  C:\Users\Escher\AppData\Local\Temp\sar4.obj \
  dist/default/production\motor_control.X.production.obj 

Object code version is 3.11

Machine type is 18F45J10

Call graph: (short form)




                Name                               Link     Load   Length Selector   Space Scale
C:\Users\Escher\AppData\Local\Temp\sar4.obj
                end_init                             C0       C0        4        C       0
                reset_vec                             0        0        4        0       0
                config                             7FF8     7FF8        6     7FF8       0
dist/default/production\motor_control.X.production.obj
                intcodelo                            18       18       A8        C       0
                intcode                               8        8       10        4       0
                text54                             1CB4     1CB4        6        C       0
                text53                             1BCE     1BCE       24        C       0
                text52                             1CA0     1CA0        C        C       0
                text51                             1B0A     1B0A       2E        C       0
                text50                             17EC     17EC       4E        C       0
                text49                             187A     187A       40        C       0
                text48                             1158     1158       C6        C       0
                text47                             1BAA     1BAA       24        C       0
                text46                             1092     1092       C6        C       0
                text45                               C4       C4      562        C       0
                text44                             1CBC     1CBC        2        C       0
                intcode_body                       154C     154C       7E        C       0
                text42                             183A     183A       40        C       0
                text41                             138C     138C       AA        C       0
                text40                             1B86     1B86       24        C       0
                text39                             1C2E     1C2E       1C        C       0
                text38                             1C70     1C70       12        C       0
                text37                             18F8     18F8       3E        C       0
                text36                             1C10     1C10       1E        C       0
                text35                             1436     1436       94        C       0
                text34                              FC0      FC0       D2        C       0
                text33                             1B60     1B60       26        C       0
                text32                             1746     1746       56        C       0
                text30                             1AD8     1AD8       32        C       0
                text29                             14CA     14CA       82        C       0
                text28                             179C     179C       50        C       0
                text27                              BCA      BCA      122        C       0
                text26                             19A8     19A8       36        C       0
                text25                             1972     1972       36        C       0
                text24                             1C5E     1C5E       12        C       0
                text23                             1C4A     1C4A       14        C       0
                text22                             1AA6     1AA6       32        C       0
                text21                             1C82     1C82       10        C       0
                text20                             18BA     18BA       3E        C       0
                text19                             1936     1936       3C        C       0
                text18                             1694     1694       5C        C       0
                text17                             1CAC     1CAC        8        C       0
                text16                             1B38     1B38       28        C       0
                text15                             15CA     15CA       66        C       0
                text14                             1630     1630       64        C       0
                text13                             16F0     16F0       56        C       0
                text12                              912      912      2B8        C       0
                text11                             12DE     12DE       AE        C       0
                text10                             1CBA     1CBA        2        C       0
                text9                              1BF2     1BF2       1E        C       0
                text8                               DF0      DF0       F0        C       0
                text7                              1A74     1A74       32        C       0
                text6                              1A42     1A42       32        C       0
                text5                               CEC      CEC      104        C       0
                text4                              1C92     1C92        E        C       0
                text3                               EE0      EE0       E0        C       0
                text2                              1A10     1A10       32        C       0
                text1                              121E     121E       C0        C       0
                text0                               626      626      2EC        C       0
                cstackCOMRAM                          1        1       48        1       1
                cstackBANK0                          B6       B6       2B       80       1
                cstackBANK1                         100      100       7E      100       1
                bssBANK2                            200      200       36      200       1
                bssBANK1                            17E      17E       6C      100       1
                bssBANK0                             80       80       36       80       1
                bssCOMRAM                            4B       4B        2        1       1
                cinit                              19DE     19DE       32        C       0
                nvBANK0                              E1       E1        2       80       1
                nvCOMRAM                             49       49        2        1       1

TOTAL           Name                               Link     Load   Length     Space
        CLASS   STACK          

        CLASS   CODE           
                end_init                             C0       C0        4         0
                intcodelo                            18       18       A8         0
                intcode                               8        8       10         0
                reset_vec                             0        0        4         0
                text54                             1CB4     1CB4        6         0
                text53                             1BCE     1BCE       24         0
                text52                             1CA0     1CA0        C         0
                text51                             1B0A     1B0A       2E         0
                text50                             17EC     17EC       4E         0
                text49                             187A     187A       40         0
                text48                             1158     1158       C6         0
                text47                             1BAA     1BAA       24         0
                text46                             1092     1092       C6         0
                text45                               C4       C4      562         0
                text44                             1CBC     1CBC        2         0
                intcode_body                       154C     154C       7E         0
                text42                             183A     183A       40         0
                text41                             138C     138C       AA         0
                text40                             1B86     1B86       24         0
                text39                             1C2E     1C2E       1C         0
                text38                             1C70     1C70       12         0
                text37                             18F8     18F8       3E         0
                text36                             1C10     1C10       1E         0
                text35                             1436     1436       94         0
                text34                              FC0      FC0       D2         0
                text33                             1B60     1B60       26         0
                text32                             1746     1746       56         0
                text30                             1AD8     1AD8       32         0
                text29                             14CA     14CA       82         0
                text28                             179C     179C       50         0
                text27                              BCA      BCA      122         0
                text26                             19A8     19A8       36         0
                text25                             1972     1972       36         0
                text24                             1C5E     1C5E       12         0
                text23                             1C4A     1C4A       14         0
                text22                             1AA6     1AA6       32         0
                text21                             1C82     1C82       10         0
                text20                             18BA     18BA       3E         0
                text19                             1936     1936       3C         0
                text18                             1694     1694       5C         0
                text17                             1CAC     1CAC        8         0
                text16                             1B38     1B38       28         0
                text15                             15CA     15CA       66         0
                text14                             1630     1630       64         0
                text13                             16F0     16F0       56         0
                text12                              912      912      2B8         0
                text11                             12DE     12DE       AE         0
                text10                             1CBA     1CBA        2         0
                text9                              1BF2     1BF2       1E         0
                text8                               DF0      DF0       F0         0
                text7                              1A74     1A74       32         0
                text6                              1A42     1A42       32         0
                text5                               CEC      CEC      104         0
                text4                              1C92     1C92        E         0
                text3                               EE0      EE0       E0         0
                text2                              1A10     1A10       32         0
                text1                              121E     121E       C0         0
                text0                               626      626      2EC         0
                cinit                              19DE     19DE       32         0

        CLASS   CONST          

        CLASS   SMALLCONST     

        CLASS   MEDIUMCONST    

        CLASS   COMRAM         
                cstackCOMRAM                          1        1       48         1
                bssCOMRAM                            4B       4B        2         1
                nvCOMRAM                             49       49        2         1

        CLASS   ABS1           

        CLASS   BIGRAM         

        CLASS   RAM            

        CLASS   BANK0          
                cstackBANK0                          B6       B6       2B         1
                bssBANK0                             80       80       36         1
                nvBANK0                              E1       E1        2         1

        CLASS   BANK1          
                cstackBANK1                         100      100       7E         1
                bssBANK1                            17E      17E       6C         1

        CLASS   BANK2          
                bssBANK2                            200      200       36         1

        CLASS   BANK3          

        CLASS   SFR            

        CLASS   FARRAM         

        CLASS   CONFIG         
                config                             7FF8     7FF8        6         0

        CLASS   IDLOC          



SEGMENTS        Name                           Load    Length   Top    Selector   Space  Class

                reset_vec                      000000  000004  000004         0       0  CODE    
                cstackCOMRAM                   000001  00004C  00004D         1       1  COMRAM  
                intcode                        000008  000010  000018         4       0  CODE    
                intcodelo                      000018  001CA6  001CBE         C       0  CODE    
                bssBANK0                       000080  000063  0000E3        80       1  BANK0   
                cstackBANK1                    000100  0000EA  0001EA       100       1  BANK1   
                bssBANK2                       000200  000036  000236       200       1  BANK2   
                config                         007FF8  000006  007FFE      7FF8       0  CONFIG  


UNUSED ADDRESS RANGES

        Name                Unused          Largest block    Delta
        BANK0            000E3-000FF              1D
        BANK1            001EA-001FF              16
        BANK2            00236-002FF              CA
        BANK3            00300-003FF             100
        BIGRAM           0004D-0007F              33
                         000E3-000FF              1D
                         001EA-001FF              16
                         00236-003FF             1CA
        CODE             00004-00007               4
                         01CBE-07FF7            633A
        COMRAM           0004D-0007F              33
        CONST            00004-00007               4
                         01CBE-07FF7            633A
        MEDIUMCONST      01CBE-07FF7            633A
        RAM              000E3-000FF              1D
                         001EA-001FF              16
                         00236-003FF              CA
        SFR              00F80-00FFF              80
        SMALLCONST       01CBE-07FF7             100
        STACK            00236-003FF             1CA

                                  Symbol Table

?_in_high_int                    cstackBANK0   000D3
?_in_low_int                     cstackBANK0   000D5
?_in_main                        cstackBANK0   000D7
?i2_in_high_int                  cstackCOMRAM  00034
?i2_in_low_int                   cstackCOMRAM  00036
Delay1KTCYx@unit                 cstackBANK0   000D3
FromMainLow_recvmsg@data         cstackCOMRAM  0001B
FromMainLow_recvmsg@maxlength    cstackCOMRAM  0001D
FromMainLow_recvmsg@msgtype      cstackCOMRAM  00019
FromMainLow_sendmsg@data         cstackBANK0   000DF
FromMainLow_sendmsg@length       cstackBANK1   0010B
FromMainLow_sendmsg@msgtype      cstackBANK0   000DE
OpenTimer1@config                cstackBANK0   000D3
OpenUSART@config                 cstackBANK0   000D8
OpenUSART@spbrg                  cstackBANK0   000D3
ReadUSART@data                   cstackCOMRAM  00001
ToMainHigh_recvmsg@data          cstackBANK1   0010E
ToMainHigh_recvmsg@maxlength     cstackBANK0   000DF
ToMainHigh_recvmsg@msgtype       cstackBANK1   0010C
ToMainHigh_sendmsg@data          cstackCOMRAM  00046
ToMainHigh_sendmsg@length        cstackCOMRAM  00048
ToMainHigh_sendmsg@msgtype       cstackCOMRAM  00045
ToMainLow_recvmsg@data           cstackBANK1   0010E
ToMainLow_recvmsg@maxlength      cstackBANK0   000DF
ToMainLow_recvmsg@msgtype        cstackBANK1   0010C
ToMainLow_sendmsg@data           cstackBANK0   000DF
ToMainLow_sendmsg@length         cstackBANK1   0010B
ToMainLow_sendmsg@msgtype        cstackBANK0   000DE
WriteTimer1@timer                cstackBANK0   000D5
WriteTimer1@timer1               cstackBANK0   000D3
_ADCON1                          (abs)         00FC1
_CMCON                           (abs)         00FB4
_Delay1KTCYx                     text23        01C4A
_FromMainHigh_MQ                 bssBANK2      00200
_FromMainLow_MQ                  bssBANK1      0017E
_FromMainLow_recvmsg             text33        01B60
_FromMainLow_sendmsg             text2         01A10
_INTCONbits                      (abs)         00FF2
_IPR1bits                        (abs)         00F9F
_InterruptHandlerHigh            intcode       00008
_InterruptHandlerLow             intcodelo     00018
_LATA                            (abs)         00F89
_LATB                            (abs)         00F8A
_MQ_Main_Willing_to_block        bssCOMRAM     0004B
_OSCCON                          (abs)         00FD3
_OSCCONbits                      (abs)         00FD3
_OSCTUNEbits                     (abs)         00F9B
_OpenTimer1                      text30        01AD8
_OpenUSART                       text29        014CA
_PIE1bits                        (abs)         00F9D
_PIR1bits                        (abs)         00F9E
_PORTA                           (abs)         00F80
_PORTAbits                       (abs)         00F80
_PORTB                           (abs)         00F81
_RCONbits                        (abs)         00FD0
_RCREG                           (abs)         00FAE
_RCSTA                           (abs)         00FAB
_RCSTAbits                       (abs)         00FAB
_ReadUSART                       text36        01C10
_SPBRG                           (abs)         00FAF
_SPBRGH                          (abs)         00FB0
_SSPADD                          (abs)         00FC8
_SSPBUF                          (abs)         00FC9
_SSPCON1                         (abs)         00FC6
_SSPCON1bits                     (abs)         00FC6
_SSPCON2                         (abs)         00FC5
_SSPCON2bits                     (abs)         00FC5
_SSPSTAT                         (abs)         00FC7
_SSPSTATbits                     (abs)         00FC7
_SleepIfOkay                     text50        017EC
_T1CON                           (abs)         00FCD
_T1CONbits                       (abs)         00FCD
_TMR1H                           (abs)         00FCF
_TMR1L                           (abs)         00FCE
_TRISA                           (abs)         00F92
_TRISB                           (abs)         00F93
_TRISCbits                       (abs)         00F94
_TXREG                           (abs)         00FAD
_TXSTA                           (abs)         00FAC
_TXSTAbits                       (abs)         00FAC
_ToMainHigh_MQ                   bssBANK1      001B4
_ToMainHigh_recvmsg              text26        019A8
_ToMainHigh_sendmsg              text47        01BAA
_ToMainLow_MQ                    bssBANK0      00080
_ToMainLow_recvmsg               text25        01972
_ToMainLow_sendmsg               text7         01A74
_USART_Status                    bssCOMRAM     0004C
_WriteTimer1                     text24        01C5E
__CFG_CCP2MX$DEFAULT             (abs)         00000
__CFG_CP0$OFF                    (abs)         00000
__CFG_FCMEN$ON                   (abs)         00000
__CFG_FOSC$HSPLL                 (abs)         00000
__CFG_FOSC2$ON                   (abs)         00000
__CFG_IESO$ON                    (abs)         00000
__CFG_STVREN$OFF                 (abs)         00000
__CFG_WDTEN$OFF                  (abs)         00000
__CFG_WDTPS$32768                (abs)         00000
__CFG_XINST$OFF                  (abs)         00000
__HRAM                           (abs)         00000
__Habs1                          abs1          00000
__Hbank0                         bank0         00000
__Hbank1                         bank1         00000
__Hbank2                         bank2         00000
__Hbank3                         bank3         00000
__Hbigbss                        bigbss        00000
__Hbigdata                       bigdata       00000
__Hbigram                        bigram        00000
__Hbss                           bss           00000
__HbssBANK0                      bssBANK0      00000
__HbssBANK1                      bssBANK1      00000
__HbssBANK2                      bssBANK2      00000
__HbssCOMRAM                     bssCOMRAM     00000
__Hcinit                         cinit         00000
__Hclrtext                       clrtext       00000
__Hcomram                        comram        00000
__Hconfig                        config        07FFE
__Hconst                         const         00000
__HcstackBANK0                   cstackBANK0   00000
__HcstackBANK1                   cstackBANK1   00000
__HcstackCOMRAM                  cstackCOMRAM  00000
__Hdata                          data          00000
__Hend_init                      end_init      000C4
__Hfarbss                        farbss        00000
__Hfardata                       fardata       00000
__Hibigdata                      ibigdata      00000
__Hidata                         idata         00000
__Hidloc                         idloc         00000
__Hifardata                      ifardata      00000
__Hinit                          init          000C0
__Hintcode                       intcode       00018
__Hintcode_body                  intcode_body  00000
__Hintcodelo                     intcodelo     000C0
__Hintentry                      intentry      00000
__Hintret                        intret        00000
__Hintsave_regs                  intsave_regs  00000
__Hirdata                        irdata        00000
__Hjflash_buffer                 jflash_buffer 07800
__Hmediumconst                   mediumconst   00000
__HnvBANK0                       nvBANK0       00000
__HnvCOMRAM                      nvCOMRAM      00000
__HnvFARRAM                      nvFARRAM      00000
__Hnvbit                         nvbit         00000
__Hnvrram                        nvrram        00000
__Hparam                         rparam        00000
__Hpowerup                       powerup       000C0
__Hram                           ram           00000
__Hramtop                        ramtop        00400
__Hrbit                          rbit          00000
__Hrbss                          rbss          00000
__Hrdata                         rdata         00000
__Hreset_vec                     reset_vec     00004
__Hrparam                        rparam        00000
__Hsfr                           sfr           00000
__Hsmallconst                    smallconst    00000
__Hspace_0                       (abs)         07FFE
__Hspace_1                       (abs)         00236
__Hspace_2                       (abs)         00000
__Hstack                         stack         00000
__Hstruct                        struct        00000
__Htemp                          temp          00000
__Htext                          text          00000
__Htext0                         text0         00000
__Htext1                         text1         00000
__Htext10                        text10        00000
__Htext11                        text11        00000
__Htext12                        text12        00000
__Htext13                        text13        00000
__Htext14                        text14        00000
__Htext15                        text15        00000
__Htext16                        text16        00000
__Htext17                        text17        00000
__Htext18                        text18        00000
__Htext19                        text19        00000
__Htext2                         text2         00000
__Htext20                        text20        00000
__Htext21                        text21        00000
__Htext22                        text22        00000
__Htext23                        text23        00000
__Htext24                        text24        00000
__Htext25                        text25        00000
__Htext26                        text26        00000
__Htext27                        text27        00000
__Htext28                        text28        00000
__Htext29                        text29        00000
__Htext3                         text3         00000
__Htext30                        text30        00000
__Htext32                        text32        00000
__Htext33                        text33        00000
__Htext34                        text34        00000
__Htext35                        text35        00000
__Htext36                        text36        00000
__Htext37                        text37        00000
__Htext38                        text38        00000
__Htext39                        text39        00000
__Htext4                         text4         00000
__Htext40                        text40        00000
__Htext41                        text41        00000
__Htext42                        text42        00000
__Htext44                        text44        00000
__Htext45                        text45        00000
__Htext46                        text46        00000
__Htext47                        text47        00000
__Htext48                        text48        00000
__Htext49                        text49        00000
__Htext5                         text5         00000
__Htext50                        text50        00000
__Htext51                        text51        00000
__Htext52                        text52        00000
__Htext53                        text53        00000
__Htext54                        text54        00000
__Htext6                         text6         00000
__Htext7                         text7         00000
__Htext8                         text8         00000
__Htext9                         text9         00000
__LRAM                           (abs)         00001
__Labs1                          abs1          00000
__Lbank0                         bank0         00000
__Lbank1                         bank1         00000
__Lbank2                         bank2         00000
__Lbank3                         bank3         00000
__Lbigbss                        bigbss        00000
__Lbigdata                       bigdata       00000
__Lbigram                        bigram        00000
__Lbss                           bss           00000
__LbssBANK0                      bssBANK0      00000
__LbssBANK1                      bssBANK1      00000
__LbssBANK2                      bssBANK2      00000
__LbssCOMRAM                     bssCOMRAM     00000
__Lcinit                         cinit         00000
__Lclrtext                       clrtext       00000
__Lcomram                        comram        00000
__Lconfig                        config        07FF8
__Lconst                         const         00000
__LcstackBANK0                   cstackBANK0   00000
__LcstackBANK1                   cstackBANK1   00000
__LcstackCOMRAM                  cstackCOMRAM  00000
__Ldata                          data          00000
__Lend_init                      end_init      000C0
__Lfarbss                        farbss        00000
__Lfardata                       fardata       00000
__Libigdata                      ibigdata      00000
__Lidata                         idata         00000
__Lidloc                         idloc         00000
__Lifardata                      ifardata      00000
__Linit                          init          000C0
__Lintcode                       intcode       00008
__Lintcode_body                  intcode_body  00000
__Lintcodelo                     intcodelo     00018
__Lintentry                      intentry      00000
__Lintret                        intret        00000
__Lintsave_regs                  intsave_regs  00000
__Lirdata                        irdata        00000
__Ljflash_buffer                 jflash_buffer 07800
__Lmediumconst                   mediumconst   00000
__LnvBANK0                       nvBANK0       00000
__LnvCOMRAM                      nvCOMRAM      00000
__LnvFARRAM                      nvFARRAM      00000
__Lnvbit                         nvbit         00000
__Lnvrram                        nvrram        00000
__Lparam                         rparam        00000
__Lpowerup                       powerup       000C0
__Lram                           ram           00000
__Lramtop                        ramtop        00400
__Lrbit                          rbit          00000
__Lrbss                          rbss          00000
__Lrdata                         rdata         00000
__Lreset_vec                     reset_vec     00000
__Lrparam                        rparam        00000
__Lsfr                           sfr           00000
__Lsmallconst                    smallconst    00000
__Lspace_0                       (abs)         00000
__Lspace_1                       (abs)         00000
__Lspace_2                       (abs)         00000
__Lstack                         stack         00000
__Lstruct                        struct        00000
__Ltemp                          temp          00000
__Ltext                          text          00000
__Ltext0                         text0         00000
__Ltext1                         text1         00000
__Ltext10                        text10        00000
__Ltext11                        text11        00000
__Ltext12                        text12        00000
__Ltext13                        text13        00000
__Ltext14                        text14        00000
__Ltext15                        text15        00000
__Ltext16                        text16        00000
__Ltext17                        text17        00000
__Ltext18                        text18        00000
__Ltext19                        text19        00000
__Ltext2                         text2         00000
__Ltext20                        text20        00000
__Ltext21                        text21        00000
__Ltext22                        text22        00000
__Ltext23                        text23        00000
__Ltext24                        text24        00000
__Ltext25                        text25        00000
__Ltext26                        text26        00000
__Ltext27                        text27        00000
__Ltext28                        text28        00000
__Ltext29                        text29        00000
__Ltext3                         text3         00000
__Ltext30                        text30        00000
__Ltext32                        text32        00000
__Ltext33                        text33        00000
__Ltext34                        text34        00000
__Ltext35                        text35        00000
__Ltext36                        text36        00000
__Ltext37                        text37        00000
__Ltext38                        text38        00000
__Ltext39                        text39        00000
__Ltext4                         text4         00000
__Ltext40                        text40        00000
__Ltext41                        text41        00000
__Ltext42                        text42        00000
__Ltext44                        text44        00000
__Ltext45                        text45        00000
__Ltext46                        text46        00000
__Ltext47                        text47        00000
__Ltext48                        text48        00000
__Ltext49                        text49        00000
__Ltext5                         text5         00000
__Ltext50                        text50        00000
__Ltext51                        text51        00000
__Ltext52                        text52        00000
__Ltext53                        text53        00000
__Ltext54                        text54        00000
__Ltext6                         text6         00000
__Ltext7                         text7         00000
__Ltext8                         text8         00000
__Ltext9                         text9         00000
__S0                             (abs)         07FFE
__S1                             (abs)         00236
__S2                             (abs)         00000
___extmem_base                   (abs)         20000
___inthi_sp                      stack         00000
___intlo_sp                      stack         00000
___sp                            stack         00000
__accesstop                      (abs)         00080
__activetblptr                   (abs)         00002
__end_of_Delay1KTCYx             text23        01C5E
__end_of_FromMainLow_recvmsg     text33        01B86
__end_of_FromMainLow_sendmsg     text2         01A42
__end_of_InterruptHandlerHigh    intcode_body  015CA
__end_of_InterruptHandlerLow     intcodelo     000C0
__end_of_OpenTimer1              text30        01B0A
__end_of_OpenUSART               text29        0154C
__end_of_ReadUSART               text36        01C2E
__end_of_SleepIfOkay             text50        0183A
__end_of_ToMainHigh_recvmsg      text26        019DE
__end_of_ToMainHigh_sendmsg      text47        01BCE
__end_of_ToMainLow_recvmsg       text25        019A8
__end_of_ToMainLow_sendmsg       text7         01AA6
__end_of_WriteTimer1             text24        01C70
__end_of__initialization         cinit         01A06
__end_of_block_on_To_msgqueues   text18        016F0
__end_of_check_msg               text22        01AD8
__end_of_enable_interrupts       text17        01CB4
__end_of_enter_sleep_mode        text54        01CBA
__end_of_handle_start            text46        01158
__end_of_i2c_configure_slave     text16        01B60
__end_of_i2c_int_handler         text45        00626
__end_of_in_high_int             text21        01C92
__end_of_in_low_int              text20        018F8
__end_of_in_main                 text19        01972
__end_of_init_i2c                text15        01630
__end_of_init_queue              text14        01694
__end_of_init_queues             text13        01746
__end_of_init_timer1_lthread     text11        0138C
__end_of_init_uart_lthread       text10        01CBC
__end_of_init_uart_recv          text9         01C10
__end_of_main                    text0         00912
__end_of_memcpy                  text28        017EC
__end_of_quad_lookup_init        text12        00BCA
__end_of_recv_msg                text27        00CEC
__end_of_sendUARTarr             text6         01A74
__end_of_sendUARTbyte            text39        01C4A
__end_of_send_msg                text8         00EE0
__end_of_start_i2c_slave_reply   text5         00DF0
__end_of_timer0_int_handler      text44        01CBE
__end_of_timer0_lthread          text4         01CA0
__end_of_timer1_int_handler      text37        01936
__end_of_timer1_lthread          text3         00FC0
__end_of_uart_lthread            text1         012DE
__end_of_uart_recv_int_handler   text35        014CA
__end_of_uart_trans_int_handler  text32        0179C
__end_ofi1_ToMainLow_sendmsg     text40        01BAA
__end_ofi1_WriteTimer1           text38        01C82
__end_ofi1_memcpy                text42        0187A
__end_ofi1_recv_msg              text34        01092
__end_ofi1_send_msg              text41        01436
__end_ofi2_check_msg             text53        01BF2
__end_ofi2_in_high_int           text52        01CAC
__end_ofi2_in_low_int            text51        01B38
__end_ofi2_memcpy                text49        018BA
__end_ofi2_send_msg              text48        0121E
__initialization                 cinit         019DE
__mediumconst                    mediumconst   00000
__pbssBANK0                      bssBANK0      00080
__pbssBANK1                      bssBANK1      0017E
__pbssBANK2                      bssBANK2      00200
__pbssCOMRAM                     bssCOMRAM     0004B
__pcinit                         cinit         019DE
__pcstackBANK0                   cstackBANK0   000B6
__pcstackBANK1                   cstackBANK1   00100
__pcstackCOMRAM                  cstackCOMRAM  00001
__pintcode                       intcode       00008
__pintcode_body                  intcode_body  0154C
__pintcodelo                     intcodelo     00018
__pnvBANK0                       nvBANK0       000E1
__pnvCOMRAM                      nvCOMRAM      00049
__ptext0                         text0         00626
__ptext1                         text1         0121E
__ptext10                        text10        01CBA
__ptext11                        text11        012DE
__ptext12                        text12        00912
__ptext13                        text13        016F0
__ptext14                        text14        01630
__ptext15                        text15        015CA
__ptext16                        text16        01B38
__ptext17                        text17        01CAC
__ptext18                        text18        01694
__ptext19                        text19        01936
__ptext2                         text2         01A10
__ptext20                        text20        018BA
__ptext21                        text21        01C82
__ptext22                        text22        01AA6
__ptext23                        text23        01C4A
__ptext24                        text24        01C5E
__ptext25                        text25        01972
__ptext26                        text26        019A8
__ptext27                        text27        00BCA
__ptext28                        text28        0179C
__ptext29                        text29        014CA
__ptext3                         text3         00EE0
__ptext30                        text30        01AD8
__ptext32                        text32        01746
__ptext33                        text33        01B60
__ptext34                        text34        00FC0
__ptext35                        text35        01436
__ptext36                        text36        01C10
__ptext37                        text37        018F8
__ptext38                        text38        01C70
__ptext39                        text39        01C2E
__ptext4                         text4         01C92
__ptext40                        text40        01B86
__ptext41                        text41        0138C
__ptext42                        text42        0183A
__ptext44                        text44        01CBC
__ptext45                        text45        000C4
__ptext46                        text46        01092
__ptext47                        text47        01BAA
__ptext48                        text48        01158
__ptext49                        text49        0187A
__ptext5                         text5         00CEC
__ptext50                        text50        017EC
__ptext51                        text51        01B0A
__ptext52                        text52        01CA0
__ptext53                        text53        01BCE
__ptext54                        text54        01CB4
__ptext6                         text6         01A42
__ptext7                         text7         01A74
__ptext8                         text8         00DF0
__ptext9                         text9         01BF2
__ramtop                         ramtop        00400
__size_of_Delay1KTCYx            (abs)         00000
__size_of_FromMainLow_recvmsg    (abs)         00000
__size_of_FromMainLow_sendmsg    (abs)         00000
__size_of_InterruptHandlerHigh   (abs)         00000
__size_of_InterruptHandlerLow    (abs)         00000
__size_of_OpenTimer1             (abs)         00000
__size_of_OpenUSART              (abs)         00000
__size_of_ReadUSART              (abs)         00000
__size_of_SleepIfOkay            (abs)         00000
__size_of_ToMainHigh_recvmsg     (abs)         00000
__size_of_ToMainHigh_sendmsg     (abs)         00000
__size_of_ToMainLow_recvmsg      (abs)         00000
__size_of_ToMainLow_sendmsg      (abs)         00000
__size_of_WriteTimer1            (abs)         00000
__size_of_block_on_To_msgqueues  (abs)         00000
__size_of_check_msg              (abs)         00000
__size_of_enable_interrupts      (abs)         00000
__size_of_enter_sleep_mode       (abs)         00000
__size_of_handle_start           (abs)         00000
__size_of_i2c_configure_slave    (abs)         00000
__size_of_i2c_int_handler        (abs)         00000
__size_of_in_high_int            (abs)         00000
__size_of_in_low_int             (abs)         00000
__size_of_in_main                (abs)         00000
__size_of_init_i2c               (abs)         00000
__size_of_init_queue             (abs)         00000
__size_of_init_queues            (abs)         00000
__size_of_init_timer1_lthread    (abs)         00000
__size_of_init_uart_lthread      (abs)         00000
__size_of_init_uart_recv         (abs)         00000
__size_of_main                   (abs)         00000
__size_of_memcpy                 (abs)         00000
__size_of_quad_lookup_init       (abs)         00000
__size_of_recv_msg               (abs)         00000
__size_of_sendUARTarr            (abs)         00000
__size_of_sendUARTbyte           (abs)         00000
__size_of_send_msg               (abs)         00000
__size_of_start_i2c_slave_reply  (abs)         00000
__size_of_timer0_int_handler     (abs)         00000
__size_of_timer0_lthread         (abs)         00000
__size_of_timer1_int_handler     (abs)         00000
__size_of_timer1_lthread         (abs)         00000
__size_of_uart_lthread           (abs)         00000
__size_of_uart_recv_int_handler  (abs)         00000
__size_of_uart_trans_int_handler (abs)         00000
__size_ofi1_ToMainLow_sendmsg    (abs)         00000
__size_ofi1_WriteTimer1          (abs)         00000
__size_ofi1_memcpy               (abs)         00000
__size_ofi1_recv_msg             (abs)         00000
__size_ofi1_send_msg             (abs)         00000
__size_ofi2_check_msg            (abs)         00000
__size_ofi2_in_high_int          (abs)         00000
__size_ofi2_in_low_int           (abs)         00000
__size_ofi2_memcpy               (abs)         00000
__size_ofi2_send_msg             (abs)         00000
__smallconst                     smallconst    00000
_block_on_To_msgqueues           text18        01694
_check_msg                       text22        01AA6
_enable_interrupts               text17        01CAC
_enter_sleep_mode                text54        01CB4
_handle_start                    text46        01092
_i2c_configure_slave             text16        01B38
_i2c_int_handler                 text45        000C4
_ic_ptr                          nvBANK0       000E1
_in_high_int                     text21        01C82
_in_low_int                      text20        018BA
_in_main                         text19        01936
_init_i2c                        text15        015CA
_init_queue                      text14        01630
_init_queues                     text13        016F0
_init_timer1_lthread             text11        012DE
_init_uart_lthread               text10        01CBA
_init_uart_recv                  text9         01BF2
_main                            text0         00626
_memcpy                          text28        0179C
_quad_lookup_init                text12        00912
_recv_msg                        text27        00BCA
_sendUARTarr                     text6         01A42
_sendUARTbyte                    text39        01C2E
_send_msg                        text8         00DF0
_start_i2c_slave_reply           text5         00CEC
_timer0_int_handler              text44        01CBC
_timer0_lthread                  text4         01C92
_timer1_int_handler              text37        018F8
_timer1_lthread                  text3         00EE0
_uart_lthread                    text1         0121E
_uart_recv_int_handler           text35        01436
_uart_trans_int_handler          text32        01746
_uc_ptr                          nvCOMRAM      00049
check_msg@qptr                   cstackBANK0   000D3
end_of_initialization            cinit         01A06
handle_start@data_read           cstackCOMRAM  00034
i1ToMainLow_sendmsg@data         cstackCOMRAM  00018
i1ToMainLow_sendmsg@length       cstackCOMRAM  0001A
i1ToMainLow_sendmsg@msgtype      cstackCOMRAM  00017
i1WriteTimer1@timer              cstackCOMRAM  00003
i1WriteTimer1@timer1             cstackCOMRAM  00001
i1_ToMainLow_sendmsg             text40        01B86
i1_WriteTimer1                   text38        01C70
i1_memcpy                        text42        0183A
i1_recv_msg                      text34        00FC0
i1_send_msg                      text41        0138C
i1memcpy@d                       cstackCOMRAM  00007
i1memcpy@d1                      cstackCOMRAM  00001
i1memcpy@n                       cstackCOMRAM  00005
i1memcpy@s                       cstackCOMRAM  00009
i1memcpy@s1                      cstackCOMRAM  00003
i1recv_msg@data                  cstackCOMRAM  00010
i1recv_msg@maxlength             cstackCOMRAM  0000D
i1recv_msg@msgtype               cstackCOMRAM  0000E
i1recv_msg@qmsg                  cstackCOMRAM  00017
i1recv_msg@qptr                  cstackCOMRAM  0000B
i1recv_msg@slot                  cstackCOMRAM  00014
i1recv_msg@tlength               cstackCOMRAM  00015
i1send_msg@data                  cstackCOMRAM  0000F
i1send_msg@length                cstackCOMRAM  0000D
i1send_msg@msgtype               cstackCOMRAM  0000E
i1send_msg@qmsg                  cstackCOMRAM  00015
i1send_msg@qptr                  cstackCOMRAM  0000B
i1send_msg@slot                  cstackCOMRAM  00014
i1send_msg@tlength               cstackCOMRAM  00012
i2_check_msg                     text53        01BCE
i2_in_high_int                   text52        01CA0
i2_in_low_int                    text51        01B0A
i2_memcpy                        text49        0187A
i2_send_msg                      text48        01158
i2c_configure_slave@addr         cstackBANK0   000D3
i2c_int_handler@data_read        cstackBANK0   000C4
i2c_int_handler@data_written     cstackBANK0   000BF
i2c_int_handler@error_buf        cstackBANK0   000BC
i2c_int_handler@i2c_data         cstackBANK0   000C1
i2c_int_handler@msg_ready        cstackBANK0   000C3
i2c_int_handler@msg_to_send      cstackBANK0   000C2
i2c_int_handler@overrun_error    cstackBANK0   000C0
i2check_msg@qptr                 cstackCOMRAM  00034
i2memcpy@d                       cstackCOMRAM  0003A
i2memcpy@d1                      cstackCOMRAM  00034
i2memcpy@n                       cstackCOMRAM  00038
i2memcpy@s                       cstackCOMRAM  0003C
i2memcpy@s1                      cstackCOMRAM  00036
i2send_msg@data                  cstackCOMRAM  00042
i2send_msg@length                cstackCOMRAM  00040
i2send_msg@msgtype               cstackCOMRAM  00041
i2send_msg@qmsg                  cstackBANK0   000B9
i2send_msg@qptr                  cstackCOMRAM  0003E
i2send_msg@slot                  cstackBANK0   000B8
i2send_msg@tlength               cstackBANK0   000B6
init_i2c@ic                      cstackBANK0   000D3
init_queue@i                     cstackBANK0   000D5
init_queue@qptr                  cstackBANK0   000D3
init_timer1_lthread@tptr         cstackBANK0   000D5
init_uart_lthread@uptr           cstackBANK0   000D3
init_uart_recv@uc                cstackBANK0   000D3
int_func                         intcode_body  0154C
intlevel0                        text          00000
intlevel1                        text          00000
intlevel2                        text          00000
intlevel3                        text          00000
main@UARTConfig                  cstackBANK1   00125
main@baud                        cstackBANK1   00124
main@ctrl                        cstackBANK1   00136
main@ic                          cstackBANK1   00162
main@last_reg_recvd              cstackBANK1   00126
main@length                      cstackBANK1   00139
main@msgbuffer                   cstackBANK1   00119
main@msgtype                     cstackBANK1   00138
main@t0thread_data               cstackBANK1   00117
main@t1thread_data               cstackBANK1   0013A
main@uc                          cstackBANK1   00131
main@uthread_data                cstackBANK1   00127
memcpy@d                         cstackBANK0   000D9
memcpy@d1                        cstackBANK0   000D3
memcpy@n                         cstackBANK0   000D7
memcpy@s                         cstackBANK0   000DB
memcpy@s1                        cstackBANK0   000D5
quad_lookup_init@table           cstackBANK0   000D3
recv_msg@data                    cstackBANK1   00105
recv_msg@maxlength               cstackBANK1   00102
recv_msg@msgtype                 cstackBANK1   00103
recv_msg@qmsg                    cstackBANK1   0010A
recv_msg@qptr                    cstackBANK1   00100
recv_msg@slot                    cstackBANK1   00107
recv_msg@tlength                 cstackBANK1   00108
sendUARTarr@data                 cstackBANK1   0010C
sendUARTarr@length               cstackBANK1   0010F
sendUARTarr@retval               cstackBANK1   0010E
sendUARTbyte@data                cstackCOMRAM  0001B
sendUARTbyte@retval              cstackCOMRAM  0001C
sendUARTbyte@temp                cstackCOMRAM  0001D
send_msg@data                    cstackBANK1   00104
send_msg@length                  cstackBANK1   00102
send_msg@msgtype                 cstackBANK1   00103
send_msg@qmsg                    cstackBANK1   00109
send_msg@qptr                    cstackBANK1   00100
send_msg@slot                    cstackBANK1   00108
send_msg@tlength                 cstackBANK1   00106
stackhi                          (abs)         003FF
stacklo                          (abs)         00236
start                            init          000C0
start_i2c_slave_reply@length     cstackBANK0   000D7
start_i2c_slave_reply@msg        cstackBANK0   000D3
start_initialization             cinit         019DE
timer0_lthread@length            cstackBANK0   000D7
timer0_lthread@msgbuffer         cstackBANK0   000D9
timer0_lthread@msgtype           cstackBANK0   000D5
timer0_lthread@msgval            cstackBANK0   000DB
timer0_lthread@tptr              cstackBANK0   000D3
timer1_int_handler@curPos        cstackCOMRAM  0001E
timer1_lthread@index             cstackBANK0   000DF
timer1_lthread@length            cstackBANK0   000D7
timer1_lthread@msgbuffer         cstackBANK0   000D9
timer1_lthread@msgtype           cstackBANK0   000D5
timer1_lthread@tptr              cstackBANK0   000D3
uart_lthread@index               cstackBANK1   00115
uart_lthread@length              cstackBANK1   00110
uart_lthread@msgbuffer           cstackBANK1   00112
uart_lthread@msgtype             cstackBANK1   0010E
uart_lthread@status              cstackBANK1   00114
uart_lthread@uptr                cstackBANK1   0010C
uart_trans_int_handler@curIndex  cstackCOMRAM  00021
uart_trans_int_handler@data      cstackCOMRAM  0001E
uart_trans_int_handler@length    cstackCOMRAM  00022
uart_trans_int_handler@msgtype   cstackCOMRAM  00020


FUNCTION INFORMATION:

 *************** function _main *****************
 Defined at:
		line 139 in file "src/main.c"
 Parameters:    Size  Location     Type
		None
 Auto vars:     Size  Location     Type
  ctrl            2   54[BANK1 ] unsigned char [2]
  t1thread_dat   40   58[BANK1 ] struct __timer1_thread_s
  ic             28   98[BANK1 ] struct __i2c_comm
  msgbuffer      11   25[BANK1 ] unsigned char [11]
  uthread_data   10   39[BANK1 ] struct __uart_thread_str
  uc              5   49[BANK1 ] struct __uart_comm
  t0thread_dat    2   23[BANK1 ] struct __timer0_thread_s
  length          1   57[BANK1 ] char 
  msgtype         1   56[BANK1 ] unsigned char 
  last_reg_rec    1   38[BANK1 ] unsigned char 
  UARTConfig      1   37[BANK1 ] unsigned char 
  baud            1   36[BANK1 ] unsigned char 
  i               1    0        unsigned char 
  c               1    0        unsigned char 
 Return value:  Size  Location     Type
		None               void
 Registers used:
		wreg, fsr1l, fsr1h, fsr2l, fsr2h, status,2, status,0, prodl, prodh, cstack
 Tracked objects:
		On entry : 
		On exit  : 
		Unchanged: 
 Data sizes:     COMRAM   BANK0   BANK1   BANK2   BANK3
      Params:         0       0       0       0       0
      Locals:         0       0     103       0       0
      Temps:          0       0       0       0       0
      Totals:         0       0     103       0       0
Total ram usage:      103 bytes
 Hardware stack levels required when called:   15
 This function calls:
		_OpenTimer1
		_OpenUSART
		_ToMainHigh_recvmsg
		_ToMainLow_recvmsg
		_WriteTimer1
		_block_on_To_msgqueues
		_enable_interrupts
		_i2c_configure_slave
		_init_i2c
		_init_queues
		_init_timer1_lthread
		_init_uart_lthread
		_init_uart_recv
		_sendUARTarr
		_start_i2c_slave_reply
		_timer0_lthread
		_timer1_lthread
		_uart_lthread
 This function is called by:
		Startup code after reset
 This function uses a non-reentrant model


 *************** function _uart_lthread *****************
 Defined at:
		line 12 in file "src/uart_thread.c"
 Parameters:    Size  Location     Type
  uptr            2   12[BANK1 ] PTR struct __uart_thread
		 -> main@uthread_data(10), 
  msgtype         2   14[BANK1 ] int 
  length          2   16[BANK1 ] int 
  msgbuffer       2   18[BANK1 ] PTR unsigned char 
		 -> main@msgbuffer(11), 
 Auto vars:     Size  Location     Type
  index           2   21[BANK1 ] int 
  status          1   20[BANK1 ] char 
 Return value:  Size  Location     Type
                  2   12[BANK1 ] int 
 Registers used:
		wreg, fsr1l, fsr1h, fsr2l, fsr2h, status,2, status,0, prodl, prodh, cstack
 Tracked objects:
		On entry : 
		On exit  : 
		Unchanged: 
 Data sizes:     COMRAM   BANK0   BANK1   BANK2   BANK3
      Params:         0       0       8       0       0
      Locals:         0       0       3       0       0
      Temps:          0       0       0       0       0
      Totals:         0       0      11       0       0
Total ram usage:       11 bytes
 Hardware stack levels used:    1
 Hardware stack levels required when called:   14
 This function calls:
		_FromMainLow_sendmsg
 This function is called by:
		_main
 This function uses a non-reentrant model


 *************** function _FromMainLow_sendmsg *****************
 Defined at:
		line 150 in file "src/messages.c"
 Parameters:    Size  Location     Type
  length          1    wreg     unsigned char 
  msgtype         1   40[BANK0 ] unsigned char 
  data            2   41[BANK0 ] PTR void 
		 -> main@uthread_data(10), 
 Auto vars:     Size  Location     Type
  length          1   11[BANK1 ] unsigned char 
 Return value:  Size  Location     Type
                  1    wreg      char 
 Registers used:
		wreg, fsr1l, fsr1h, fsr2l, fsr2h, status,2, status,0, prodl, prodh, cstack
 Tracked objects:
		On entry : 
		On exit  : 
		Unchanged: 
 Data sizes:     COMRAM   BANK0   BANK1   BANK2   BANK3
      Params:         0       3       0       0       0
      Locals:         0       0       1       0       0
      Temps:          0       0       0       0       0
      Totals:         0       3       1       0       0
Total ram usage:        4 bytes
 Hardware stack levels used:    1
 Hardware stack levels required when called:   13
 This function calls:
		_send_msg
 This function is called by:
		_uart_lthread
 This function uses a non-reentrant model


 *************** function _timer1_lthread *****************
 Defined at:
		line 22 in file "src/timer1_thread.c"
 Parameters:    Size  Location     Type
  tptr            2   29[BANK0 ] PTR struct __timer1_thre
		 -> main@t1thread_data(40), 
  msgtype         2   31[BANK0 ] int 
  length          2   33[BANK0 ] int 
  msgbuffer       2   35[BANK0 ] PTR unsigned char 
		 -> main@msgbuffer(11), 
 Auto vars:     Size  Location     Type
  index           1   41[BANK0 ] unsigned char 
 Return value:  Size  Location     Type
                  2   29[BANK0 ] int 
 Registers used:
		wreg, fsr1l, fsr1h, fsr2l, fsr2h, status,2, status,0
 Tracked objects:
		On entry : 
		On exit  : 
		Unchanged: 
 Data sizes:     COMRAM   BANK0   BANK1   BANK2   BANK3
      Params:         0       8       0       0       0
      Locals:         0       1       0       0       0
      Temps:          0       4       0       0       0
      Totals:         0      13       0       0       0
Total ram usage:       13 bytes
 Hardware stack levels used:    1
 Hardware stack levels required when called:   11
 This function calls:
		Nothing
 This function is called by:
		_main
 This function uses a non-reentrant model


 *************** function _timer0_lthread *****************
 Defined at:
		line 9 in file "src/timer0_thread.c"
 Parameters:    Size  Location     Type
  tptr            2   29[BANK0 ] PTR struct __timer0_thre
		 -> main@t0thread_data(2), 
  msgtype         2   31[BANK0 ] int 
  length          2   33[BANK0 ] int 
  msgbuffer       2   35[BANK0 ] PTR unsigned char 
		 -> main@msgbuffer(11), 
 Auto vars:     Size  Location     Type
  msgval          2   37[BANK0 ] PTR unsigned int 
		 -> main@msgbuffer(11), 
 Return value:  Size  Location     Type
                  2   29[BANK0 ] int 
 Registers used:
		wreg, status,2, status,0
 Tracked objects:
		On entry : 
		On exit  : 
		Unchanged: 
 Data sizes:     COMRAM   BANK0   BANK1   BANK2   BANK3
      Params:         0       8       0       0       0
      Locals:         0       2       0       0       0
      Temps:          0       0       0       0       0
      Totals:         0      10       0       0       0
Total ram usage:       10 bytes
 Hardware stack levels used:    1
 Hardware stack levels required when called:   11
 This function calls:
		Nothing
 This function is called by:
		_main
 This function uses a non-reentrant model


 *************** function _start_i2c_slave_reply *****************
 Defined at:
		line 53 in file "src/my_i2c.c"
 Parameters:    Size  Location     Type
  length          1    wreg     unsigned char 
  msg             2   29[BANK0 ] PTR unsigned char 
		 -> main@msgbuffer(11), 
 Auto vars:     Size  Location     Type
  length          1   33[BANK0 ] unsigned char 
 Return value:  Size  Location     Type
		None               void
 Registers used:
		wreg, fsr1l, fsr1h, fsr2l, fsr2h, status,2, status,0, prodl, prodh
 Tracked objects:
		On entry : 
		On exit  : 
		Unchanged: 
 Data sizes:     COMRAM   BANK0   BANK1   BANK2   BANK3
      Params:         0       2       0       0       0
      Locals:         0       1       0       0       0
      Temps:          0       2       0       0       0
      Totals:         0       5       0       0       0
Total ram usage:        5 bytes
 Hardware stack levels used:    1
 Hardware stack levels required when called:   11
 This function calls:
		Nothing
 This function is called by:
		_main
 This function uses a non-reentrant model


 *************** function _sendUARTarr *****************
 Defined at:
		line 85 in file "src/my_uart.c"
 Parameters:    Size  Location     Type
  length          1    wreg     unsigned char 
  data            2   12[BANK1 ] PTR unsigned char 
		 -> main@ctrl(2), 
 Auto vars:     Size  Location     Type
  length          1   15[BANK1 ] unsigned char 
  retval          1   14[BANK1 ] char 
 Return value:  Size  Location     Type
                  1    wreg      enum E4333
 Registers used:
		wreg, fsr1l, fsr1h, fsr2l, fsr2h, status,2, status,0, prodl, prodh, cstack
 Tracked objects:
		On entry : 
		On exit  : 
		Unchanged: 
 Data sizes:     COMRAM   BANK0   BANK1   BANK2   BANK3
      Params:         0       0       2       0       0
      Locals:         0       0       2       0       0
      Temps:          0       0       0       0       0
      Totals:         0       0       4       0       0
Total ram usage:        4 bytes
 Hardware stack levels used:    1
 Hardware stack levels required when called:   14
 This function calls:
		_ToMainLow_sendmsg
 This function is called by:
		_main
 This function uses a non-reentrant model


 *************** function _ToMainLow_sendmsg *****************
 Defined at:
		line 103 in file "src/messages.c"
 Parameters:    Size  Location     Type
  length          1    wreg     unsigned char 
  msgtype         1   40[BANK0 ] unsigned char 
  data            2   41[BANK0 ] PTR void 
		 -> timer1_int_handler@curPos(2), sendUARTbyte@temp(1), NULL(0), main@ctrl(2), 
		 -> main@uc(5), 
 Auto vars:     Size  Location     Type
  length          1   11[BANK1 ] unsigned char 
 Return value:  Size  Location     Type
                  1    wreg      char 
 Registers used:
		wreg, fsr1l, fsr1h, fsr2l, fsr2h, status,2, status,0, prodl, prodh, cstack
 Tracked objects:
		On entry : 
		On exit  : 
		Unchanged: 
 Data sizes:     COMRAM   BANK0   BANK1   BANK2   BANK3
      Params:         0       3       0       0       0
      Locals:         0       0       1       0       0
      Temps:          0       0       0       0       0
      Totals:         0       3       1       0       0
Total ram usage:        4 bytes
 Hardware stack levels used:    1
 Hardware stack levels required when called:   13
 This function calls:
		_send_msg
 This function is called by:
		_sendUARTarr
 This function uses a non-reentrant model


 *************** function _send_msg *****************
 Defined at:
		line 24 in file "src/messages.c"
 Parameters:    Size  Location     Type
  qptr            2    0[BANK1 ] PTR struct __msg_queue
		 -> FromMainHigh_MQ(54), FromMainLow_MQ(54), ToMainHigh_MQ(54), ToMainLow_MQ(54), 
  length          1    2[BANK1 ] unsigned char 
  msgtype         1    3[BANK1 ] unsigned char 
  data            2    4[BANK1 ] PTR void 
		 -> timer1_int_handler@curPos(2), sendUARTbyte@temp(1), NULL(0), i2c_int_handler@error_buf(3), 
		 -> main@ctrl(2), main@uthread_data(10), main@ic(28), main@uc(5), 
 Auto vars:     Size  Location     Type
  qmsg            2    9[BANK1 ] PTR struct __msg
		 -> FromMainLow_MQ.queue(52), FromMainHigh_MQ.queue(52), ToMainHigh_MQ.queue(52), ToMainLow_MQ.queue(52), 
		 -> FromMainHigh_MQ(54), FromMainLow_MQ(54), ToMainHigh_MQ(54), ToMainLow_MQ(54), 
  tlength         2    6[BANK1 ] unsigned int 
  slot            1    8[BANK1 ] unsigned char 
 Return value:  Size  Location     Type
                  1    wreg      char 
 Registers used:
		wreg, fsr1l, fsr1h, fsr2l, fsr2h, status,2, status,0, prodl, prodh, cstack
 Tracked objects:
		On entry : 
		On exit  : 
		Unchanged: 
 Data sizes:     COMRAM   BANK0   BANK1   BANK2   BANK3
      Params:         0       0       6       0       0
      Locals:         0       0       5       0       0
      Temps:          0       1       0       0       0
      Totals:         0       1      11       0       0
Total ram usage:       12 bytes
 Hardware stack levels used:    1
 Hardware stack levels required when called:   12
 This function calls:
		_memcpy
 This function is called by:
		_ToMainLow_sendmsg
		_FromMainLow_sendmsg
		_FromMainHigh_sendmsg
 This function uses a non-reentrant model


 *************** function _init_uart_recv *****************
 Defined at:
		line 80 in file "src/my_uart.c"
 Parameters:    Size  Location     Type
  uc              2   29[BANK0 ] PTR struct __uart_comm
		 -> main@uc(5), 
 Auto vars:     Size  Location     Type
		None
 Return value:  Size  Location     Type
		None               void
 Registers used:
		wreg, fsr2l, fsr2h, status,2, status,0
 Tracked objects:
		On entry : 
		On exit  : 
		Unchanged: 
 Data sizes:     COMRAM   BANK0   BANK1   BANK2   BANK3
      Params:         0       2       0       0       0
      Locals:         0       0       0       0       0
      Temps:          0       0       0       0       0
      Totals:         0       2       0       0       0
Total ram usage:        2 bytes
 Hardware stack levels used:    1
 Hardware stack levels required when called:   11
 This function calls:
		Nothing
 This function is called by:
		_main
 This function uses a non-reentrant model


 *************** function _init_uart_lthread *****************
 Defined at:
		line 7 in file "src/uart_thread.c"
 Parameters:    Size  Location     Type
  uptr            2   29[BANK0 ] PTR struct __uart_thread
		 -> main@uthread_data(10), 
 Auto vars:     Size  Location     Type
		None
 Return value:  Size  Location     Type
		None               void
 Registers used:
		None
 Tracked objects:
		On entry : 
		On exit  : 
		Unchanged: 
 Data sizes:     COMRAM   BANK0   BANK1   BANK2   BANK3
      Params:         0       2       0       0       0
      Locals:         0       0       0       0       0
      Temps:          0       0       0       0       0
      Totals:         0       2       0       0       0
Total ram usage:        2 bytes
 Hardware stack levels used:    1
 Hardware stack levels required when called:   11
 This function calls:
		Nothing
 This function is called by:
		_main
 This function uses a non-reentrant model


 *************** function _init_timer1_lthread *****************
 Defined at:
		line 7 in file "src/timer1_thread.c"
 Parameters:    Size  Location     Type
  tptr            2   31[BANK0 ] PTR struct __timer1_thre
		 -> main@t1thread_data(40), 
 Auto vars:     Size  Location     Type
		None
 Return value:  Size  Location     Type
		None               void
 Registers used:
		wreg, fsr2l, fsr2h, status,2, status,0, cstack
 Tracked objects:
		On entry : 
		On exit  : 
		Unchanged: 
 Data sizes:     COMRAM   BANK0   BANK1   BANK2   BANK3
      Params:         0       2       0       0       0
      Locals:         0       0       0       0       0
      Temps:          0       0       0       0       0
      Totals:         0       2       0       0       0
Total ram usage:        2 bytes
 Hardware stack levels used:    1
 Hardware stack levels required when called:   12
 This function calls:
		_quad_lookup_init
 This function is called by:
		_main
 This function uses a non-reentrant model


 *************** function _quad_lookup_init *****************
 Defined at:
		line 36 in file "src/timer1_thread.c"
 Parameters:    Size  Location     Type
  table           2   29[BANK0 ] PTR unsigned char 
		 -> main@t1thread_data(40), 
 Auto vars:     Size  Location     Type
		None
 Return value:  Size  Location     Type
		None               void
 Registers used:
		wreg, fsr2l, fsr2h, status,2, status,0
 Tracked objects:
		On entry : 
		On exit  : 
		Unchanged: 
 Data sizes:     COMRAM   BANK0   BANK1   BANK2   BANK3
      Params:         0       2       0       0       0
      Locals:         0       0       0       0       0
      Temps:          0       0       0       0       0
      Totals:         0       2       0       0       0
Total ram usage:        2 bytes
 Hardware stack levels used:    1
 Hardware stack levels required when called:   11
 This function calls:
		Nothing
 This function is called by:
		_init_timer1_lthread
 This function uses a non-reentrant model


 *************** function _init_queues *****************
 Defined at:
		line 194 in file "src/messages.c"
 Parameters:    Size  Location     Type
		None
 Auto vars:     Size  Location     Type
		None
 Return value:  Size  Location     Type
		None               void
 Registers used:
		wreg, fsr2l, fsr2h, status,2, status,0, prodl, prodh, cstack
 Tracked objects:
		On entry : 
		On exit  : 
		Unchanged: 
 Data sizes:     COMRAM   BANK0   BANK1   BANK2   BANK3
      Params:         0       0       0       0       0
      Locals:         0       0       0       0       0
      Temps:          0       0       0       0       0
      Totals:         0       0       0       0       0
Total ram usage:        0 bytes
 Hardware stack levels used:    1
 Hardware stack levels required when called:   12
 This function calls:
		_init_queue
 This function is called by:
		_main
 This function uses a non-reentrant model


 *************** function _init_queue *****************
 Defined at:
		line 14 in file "src/messages.c"
 Parameters:    Size  Location     Type
  qptr            2   29[BANK0 ] PTR struct __msg_queue
		 -> FromMainHigh_MQ(54), FromMainLow_MQ(54), ToMainHigh_MQ(54), ToMainLow_MQ(54), 
 Auto vars:     Size  Location     Type
  i               1   31[BANK0 ] unsigned char 
 Return value:  Size  Location     Type
		None               void
 Registers used:
		wreg, fsr2l, fsr2h, status,2, status,0, prodl, prodh
 Tracked objects:
		On entry : 
		On exit  : 
		Unchanged: 
 Data sizes:     COMRAM   BANK0   BANK1   BANK2   BANK3
      Params:         0       2       0       0       0
      Locals:         0       1       0       0       0
      Temps:          0       0       0       0       0
      Totals:         0       3       0       0       0
Total ram usage:        3 bytes
 Hardware stack levels used:    1
 Hardware stack levels required when called:   11
 This function calls:
		Nothing
 This function is called by:
		_init_queues
 This function uses a non-reentrant model


 *************** function _init_i2c *****************
 Defined at:
		line 268 in file "src/my_i2c.c"
 Parameters:    Size  Location     Type
  ic              2   29[BANK0 ] PTR struct __i2c_comm
		 -> main@ic(28), 
 Auto vars:     Size  Location     Type
		None
 Return value:  Size  Location     Type
		None               void
 Registers used:
		wreg, fsr2l, fsr2h, status,2, status,0
 Tracked objects:
		On entry : 
		On exit  : 
		Unchanged: 
 Data sizes:     COMRAM   BANK0   BANK1   BANK2   BANK3
      Params:         0       2       0       0       0
      Locals:         0       0       0       0       0
      Temps:          0       0       0       0       0
      Totals:         0       2       0       0       0
Total ram usage:        2 bytes
 Hardware stack levels used:    1
 Hardware stack levels required when called:   11
 This function calls:
		Nothing
 This function is called by:
		_main
 This function uses a non-reentrant model


 *************** function _i2c_configure_slave *****************
 Defined at:
		line 279 in file "src/my_i2c.c"
 Parameters:    Size  Location     Type
  addr            1    wreg     unsigned char 
 Auto vars:     Size  Location     Type
  addr            1   29[BANK0 ] unsigned char 
 Return value:  Size  Location     Type
		None               void
 Registers used:
		wreg, status,2, status,0
 Tracked objects:
		On entry : 
		On exit  : 
		Unchanged: 
 Data sizes:     COMRAM   BANK0   BANK1   BANK2   BANK3
      Params:         0       0       0       0       0
      Locals:         0       1       0       0       0
      Temps:          0       0       0       0       0
      Totals:         0       1       0       0       0
Total ram usage:        1 bytes
 Hardware stack levels used:    1
 Hardware stack levels required when called:   11
 This function calls:
		Nothing
 This function is called by:
		_main
 This function uses a non-reentrant model


 *************** function _enable_interrupts *****************
 Defined at:
		line 14 in file "src/interrupts.c"
 Parameters:    Size  Location     Type
		None
 Auto vars:     Size  Location     Type
		None
 Return value:  Size  Location     Type
		None               void
 Registers used:
		None
 Tracked objects:
		On entry : 
		On exit  : 
		Unchanged: 
 Data sizes:     COMRAM   BANK0   BANK1   BANK2   BANK3
      Params:         0       0       0       0       0
      Locals:         0       0       0       0       0
      Temps:          0       0       0       0       0
      Totals:         0       0       0       0       0
Total ram usage:        0 bytes
 Hardware stack levels used:    1
 Hardware stack levels required when called:   11
 This function calls:
		Nothing
 This function is called by:
		_main
 This function uses a non-reentrant model


 *************** function _block_on_To_msgqueues *****************
 Defined at:
		line 256 in file "src/messages.c"
 Parameters:    Size  Location     Type
		None
 Auto vars:     Size  Location     Type
		None
 Return value:  Size  Location     Type
		None               void
 Registers used:
		wreg, fsr2l, fsr2h, status,2, status,0, prodl, prodh, cstack
 Tracked objects:
		On entry : 
		On exit  : 
		Unchanged: 
 Data sizes:     COMRAM   BANK0   BANK1   BANK2   BANK3
      Params:         0       0       0       0       0
      Locals:         0       0       0       0       0
      Temps:          0       0       0       0       0
      Totals:         0       0       0       0       0
Total ram usage:        0 bytes
 Hardware stack levels used:    1
 Hardware stack levels required when called:   14
 This function calls:
		_Delay1KTCYx
		_check_msg
		_in_main
 This function is called by:
		_main
 This function uses a non-reentrant model


 *************** function _in_main *****************
 Defined at:
		line 40 in file "src/interrupts.c"
 Parameters:    Size  Location     Type
		None
 Auto vars:     Size  Location     Type
		None
 Return value:  Size  Location     Type
                  2   33[BANK0 ] int 
 Registers used:
		wreg, status,2, status,0, cstack
 Tracked objects:
		On entry : 
		On exit  : 
		Unchanged: 
 Data sizes:     COMRAM   BANK0   BANK1   BANK2   BANK3
      Params:         0       2       0       0       0
      Locals:         0       0       0       0       0
      Temps:          0       0       0       0       0
      Totals:         0       2       0       0       0
Total ram usage:        2 bytes
 Hardware stack levels used:    1
 Hardware stack levels required when called:   13
 This function calls:
		_in_high_int
		_in_low_int
 This function is called by:
		_block_on_To_msgqueues
 This function uses a non-reentrant model


 *************** function _in_low_int *****************
 Defined at:
		line 30 in file "src/interrupts.c"
 Parameters:    Size  Location     Type
		None
 Auto vars:     Size  Location     Type
		None
 Return value:  Size  Location     Type
                  2   31[BANK0 ] int 
 Registers used:
		wreg, status,2, status,0, cstack
 Tracked objects:
		On entry : 
		On exit  : 
		Unchanged: 
 Data sizes:     COMRAM   BANK0   BANK1   BANK2   BANK3
      Params:         0       2       0       0       0
      Locals:         0       0       0       0       0
      Temps:          0       0       0       0       0
      Totals:         0       2       0       0       0
Total ram usage:        2 bytes
 Hardware stack levels used:    1
 Hardware stack levels required when called:   12
 This function calls:
		_in_high_int
 This function is called by:
		_in_main
 This function uses a non-reentrant model


 *************** function _in_high_int *****************
 Defined at:
		line 22 in file "src/interrupts.c"
 Parameters:    Size  Location     Type
		None
 Auto vars:     Size  Location     Type
		None
 Return value:  Size  Location     Type
                  2   29[BANK0 ] int 
 Registers used:
		wreg, status,2
 Tracked objects:
		On entry : 
		On exit  : 
		Unchanged: 
 Data sizes:     COMRAM   BANK0   BANK1   BANK2   BANK3
      Params:         0       2       0       0       0
      Locals:         0       0       0       0       0
      Temps:          0       0       0       0       0
      Totals:         0       2       0       0       0
Total ram usage:        2 bytes
 Hardware stack levels used:    1
 Hardware stack levels required when called:   11
 This function calls:
		Nothing
 This function is called by:
		_in_low_int
		_in_main
 This function uses a non-reentrant model


 *************** function _check_msg *****************
 Defined at:
		line 220 in file "src/messages.c"
 Parameters:    Size  Location     Type
  qptr            2   29[BANK0 ] PTR struct __msg_queue
		 -> ToMainHigh_MQ(54), ToMainLow_MQ(54), 
 Auto vars:     Size  Location     Type
		None
 Return value:  Size  Location     Type
                  1    wreg      unsigned char 
 Registers used:
		wreg, fsr2l, fsr2h, status,2, status,0, prodl, prodh
 Tracked objects:
		On entry : 
		On exit  : 
		Unchanged: 
 Data sizes:     COMRAM   BANK0   BANK1   BANK2   BANK3
      Params:         0       2       0       0       0
      Locals:         0       0       0       0       0
      Temps:          0       1       0       0       0
      Totals:         0       3       0       0       0
Total ram usage:        3 bytes
 Hardware stack levels used:    1
 Hardware stack levels required when called:   11
 This function calls:
		Nothing
 This function is called by:
		_block_on_To_msgqueues
 This function uses a non-reentrant model


 *************** function _Delay1KTCYx *****************
 Defined at:
		line 8 in file "C:\Program Files (x86)\Microchip\xc8\v1.32\sources\pic18\d1ktcyx.c"
 Parameters:    Size  Location     Type
  unit            1    wreg     unsigned char 
 Auto vars:     Size  Location     Type
  unit            1   29[BANK0 ] unsigned char 
 Return value:  Size  Location     Type
		None               void
 Registers used:
		wreg
 Tracked objects:
		On entry : 
		On exit  : 
		Unchanged: 
 Data sizes:     COMRAM   BANK0   BANK1   BANK2   BANK3
      Params:         0       0       0       0       0
      Locals:         0       1       0       0       0
      Temps:          0       0       0       0       0
      Totals:         0       1       0       0       0
Total ram usage:        1 bytes
 Hardware stack levels used:    1
 Hardware stack levels required when called:   11
 This function calls:
		Nothing
 This function is called by:
		_block_on_To_msgqueues
 This function uses a non-reentrant model


 *************** function _WriteTimer1 *****************
 Defined at:
		line 14 in file "C:\Program Files (x86)\Microchip\xc8\v1.32\sources\pic18\plib\Timers\t1write.c"
 Parameters:    Size  Location     Type
  timer1          2   29[BANK0 ] unsigned int 
 Auto vars:     Size  Location     Type
  timer           2   31[BANK0 ] struct Timers
 Return value:  Size  Location     Type
		None               void
 Registers used:
		None
 Tracked objects:
		On entry : 
		On exit  : 
		Unchanged: 
 Data sizes:     COMRAM   BANK0   BANK1   BANK2   BANK3
      Params:         0       2       0       0       0
      Locals:         0       2       0       0       0
      Temps:          0       0       0       0       0
[...]
		 -> ToMainLow_MQ.queue.data(10), ToMainHigh_MQ.queue.data(10), FromMainHigh_MQ.queue.data(10), FromMainLow_MQ.queue.data(10), 
		 -> timer1_int_handler@curPos(2), sendUARTbyte@temp(1), NULL(0), i2c_int_handler@error_buf(3), 
		 -> FromMainHigh_MQ(54), FromMainLow_MQ(54), ToMainHigh_MQ(54), ToMainLow_MQ(54), 
		 -> main@ctrl(2), main@uthread_data(10), main@ic(28), main@uc(5), 
  memcpy          2    6[COMRAM] PTR unsigned char 
		 -> FromMainLow_MQ.queue(52), FromMainHigh_MQ.queue(52), ToMainHigh_MQ.queue(52), ToMainLow_MQ.queue(52), 
		 -> NULL(0), FromMainHigh_MQ(54), FromMainLow_MQ(54), ToMainHigh_MQ(54), 
		 -> ToMainLow_MQ(54), main@msgbuffer(11), 
 Return value:  Size  Location     Type
                  2    0[COMRAM] PTR void 
 Registers used:
		wreg, fsr1l, fsr1h, fsr2l, fsr2h, status,2, status,0
 Tracked objects:
		On entry : 
		On exit  : 
		Unchanged: 
 Data sizes:     COMRAM   BANK0   BANK1   BANK2   BANK3
      Params:         6       0       0       0       0
      Locals:         4       0       0       0       0
      Temps:          0       0       0       0       0
      Totals:        10       0       0       0       0
Total ram usage:       10 bytes
 Hardware stack levels used:    1
 Hardware stack levels required when called:    5
 This function calls:
		Nothing
 This function is called by:
		i1_send_msg
		i1_recv_msg
 This function uses a non-reentrant model


 *************** function _InterruptHandlerHigh *****************
 Defined at:
		line 83 in file "src/interrupts.c"
 Parameters:    Size  Location     Type
		None
 Auto vars:     Size  Location     Type
		None
 Return value:  Size  Location     Type
		None               void
 Registers used:
		wreg, fsr1l, fsr1h, fsr2l, fsr2h, status,2, status,0, prodl, prodh, cstack
 Tracked objects:
		On entry : 
		On exit  : 
		Unchanged: 
 Data sizes:     COMRAM   BANK0   BANK1   BANK2   BANK3
      Params:         0       0       0       0       0
      Locals:         0       0       0       0       0
      Temps:          0      14       0       0       0
      Totals:         0      14       0       0       0
Total ram usage:       14 bytes
 Hardware stack levels used:    1
 Hardware stack levels required when called:    4
 This function calls:
		_SleepIfOkay
		_i2c_int_handler
		_timer0_int_handler
 This function is called by:
		Interrupt level 2
 This function uses a non-reentrant model


 *************** function _timer0_int_handler *****************
 Defined at:
		line 17 in file "src/user_interrupts.c"
 Parameters:    Size  Location     Type
		None
 Auto vars:     Size  Location     Type
  msgtype         2    0        int 
  length          2    0        int 
  val             2    0        unsigned int 
 Return value:  Size  Location     Type
		None               void
 Registers used:
		None
 Tracked objects:
		On entry : 
		On exit  : 
		Unchanged: 
 Data sizes:     COMRAM   BANK0   BANK1   BANK2   BANK3
      Params:         0       0       0       0       0
      Locals:         0       0       0       0       0
      Temps:          0       0       0       0       0
      Totals:         0       0       0       0       0
Total ram usage:        0 bytes
 Hardware stack levels used:    1
 This function calls:
		Nothing
 This function is called by:
		_InterruptHandlerHigh
 This function uses a non-reentrant model


 *************** function _i2c_int_handler *****************
 Defined at:
		line 100 in file "src/my_i2c.c"
 Parameters:    Size  Location     Type
		None
 Auto vars:     Size  Location     Type
  error_buf       3    6[BANK0 ] unsigned char [3]
  data_read       1   14[BANK0 ] unsigned char 
  msg_ready       1   13[BANK0 ] unsigned char 
  msg_to_send     1   12[BANK0 ] unsigned char 
  i2c_data        1   11[BANK0 ] unsigned char 
  overrun_erro    1   10[BANK0 ] unsigned char 
  data_written    1    9[BANK0 ] unsigned char 
 Return value:  Size  Location     Type
		None               void
 Registers used:
		wreg, fsr1l, fsr1h, fsr2l, fsr2h, status,2, status,0, prodl, prodh, cstack
 Tracked objects:
		On entry : 
		On exit  : 
		Unchanged: 
 Data sizes:     COMRAM   BANK0   BANK1   BANK2   BANK3
      Params:         0       0       0       0       0
      Locals:         0       9       0       0       0
      Temps:          0       1       0       0       0
      Totals:         0      10       0       0       0
Total ram usage:       10 bytes
 Hardware stack levels used:    1
 Hardware stack levels required when called:    3
 This function calls:
		_ToMainHigh_sendmsg
		_handle_start
 This function is called by:
		_InterruptHandlerHigh
 This function uses a non-reentrant model


 *************** function _handle_start *****************
 Defined at:
		line 71 in file "src/my_i2c.c"
 Parameters:    Size  Location     Type
  data_read       1    wreg     unsigned char 
 Auto vars:     Size  Location     Type
  data_read       1   51[COMRAM] unsigned char 
 Return value:  Size  Location     Type
		None               void
 Registers used:
		wreg, fsr2l, fsr2h, status,2, status,0
 Tracked objects:
		On entry : 
		On exit  : 
		Unchanged: 
 Data sizes:     COMRAM   BANK0   BANK1   BANK2   BANK3
      Params:         0       0       0       0       0
      Locals:         1       0       0       0       0
      Temps:          0       0       0       0       0
      Totals:         1       0       0       0       0
Total ram usage:        1 bytes
 Hardware stack levels used:    1
 This function calls:
		Nothing
 This function is called by:
		_i2c_int_handler
 This function uses a non-reentrant model


 *************** function _ToMainHigh_sendmsg *****************
 Defined at:
		line 126 in file "src/messages.c"
 Parameters:    Size  Location     Type
  length          1    wreg     unsigned char 
  msgtype         1   68[COMRAM] unsigned char 
  data            2   69[COMRAM] PTR void 
		 -> NULL(0), i2c_int_handler@error_buf(3), main@ic(28), 
 Auto vars:     Size  Location     Type
  length          1   71[COMRAM] unsigned char 
 Return value:  Size  Location     Type
                  1    wreg      char 
 Registers used:
		wreg, fsr1l, fsr1h, fsr2l, fsr2h, status,2, status,0, prodl, prodh, cstack
 Tracked objects:
		On entry : 
		On exit  : 
		Unchanged: 
 Data sizes:     COMRAM   BANK0   BANK1   BANK2   BANK3
      Params:         3       0       0       0       0
      Locals:         1       0       0       0       0
      Temps:          0       0       0       0       0
      Totals:         4       0       0       0       0
Total ram usage:        4 bytes
 Hardware stack levels used:    1
 Hardware stack levels required when called:    2
 This function calls:
		i2_send_msg
 This function is called by:
		_i2c_int_handler
 This function uses a non-reentrant model


 *************** function i2_send_msg *****************
 Defined at:
		line 24 in file "src/messages.c"
 Parameters:    Size  Location     Type
  qptr            2   61[COMRAM] PTR struct __msg_queue
		 -> FromMainHigh_MQ(54), FromMainLow_MQ(54), ToMainHigh_MQ(54), ToMainLow_MQ(54), 
  length          1   63[COMRAM] unsigned char 
  msgtype         1   64[COMRAM] unsigned char 
  data            2   65[COMRAM] PTR void 
		 -> timer1_int_handler@curPos(2), sendUARTbyte@temp(1), NULL(0), i2c_int_handler@error_buf(3), 
		 -> main@ctrl(2), main@uthread_data(10), main@ic(28), main@uc(5), 
 Auto vars:     Size  Location     Type
  send_msg        2    3[BANK0 ] PTR struct __msg
		 -> FromMainLow_MQ.queue(52), FromMainHigh_MQ.queue(52), ToMainHigh_MQ.queue(52), ToMainLow_MQ.queue(52), 
		 -> FromMainHigh_MQ(54), FromMainLow_MQ(54), ToMainHigh_MQ(54), ToMainLow_MQ(54), 
  send_msg        2    0[BANK0 ] unsigned int 
  send_msg        1    2[BANK0 ] unsigned char 
 Return value:  Size  Location     Type
                  1    wreg      char 
 Registers used:
		wreg, fsr1l, fsr1h, fsr2l, fsr2h, status,2, status,0, prodl, prodh, cstack
 Tracked objects:
		On entry : 
		On exit  : 
		Unchanged: 
 Data sizes:     COMRAM   BANK0   BANK1   BANK2   BANK3
      Params:         6       0       0       0       0
      Locals:         0       5       0       0       0
      Temps:          1       0       0       0       0
      Totals:         7       5       0       0       0
Total ram usage:       12 bytes
 Hardware stack levels used:    1
 Hardware stack levels required when called:    1
 This function calls:
		i2_memcpy
 This function is called by:
		_ToMainHigh_sendmsg
 This function uses a non-reentrant model


 *************** function i2_memcpy *****************
 Defined at:
		line 11 in file "C:\Program Files (x86)\Microchip\xc8\v1.32\sources\common\memcpy.c"
 Parameters:    Size  Location     Type
  d1              2   51[COMRAM] PTR void 
		 -> FromMainLow_MQ.queue(52), FromMainHigh_MQ.queue(52), ToMainHigh_MQ.queue(52), ToMainLow_MQ.queue(52), 
		 -> NULL(0), FromMainHigh_MQ(54), FromMainLow_MQ(54), ToMainHigh_MQ(54), 
		 -> ToMainLow_MQ(54), main@msgbuffer(11), 
  s1              2   53[COMRAM] PTR const void 
		 -> ToMainLow_MQ.data(10), ToMainHigh_MQ.data(10), FromMainLow_MQ.data(10), FromMainHigh_MQ.data(10), 
		 -> ToMainLow_MQ.queue.data(10), ToMainHigh_MQ.queue.data(10), FromMainHigh_MQ.queue.data(10), FromMainLow_MQ.queue.data(10), 
		 -> timer1_int_handler@curPos(2), sendUARTbyte@temp(1), NULL(0), i2c_int_handler@error_buf(3), 
		 -> FromMainHigh_MQ(54), FromMainLow_MQ(54), ToMainHigh_MQ(54), ToMainLow_MQ(54), 
		 -> main@ctrl(2), main@uthread_data(10), main@ic(28), main@uc(5), 
  n               2   55[COMRAM] unsigned int 
 Auto vars:     Size  Location     Type
  memcpy          2   59[COMRAM] PTR const unsigned char 
		 -> ToMainLow_MQ.data(10), ToMainHigh_MQ.data(10), FromMainLow_MQ.data(10), FromMainHigh_MQ.data(10), 
		 -> ToMainLow_MQ.queue.data(10), ToMainHigh_MQ.queue.data(10), FromMainHigh_MQ.queue.data(10), FromMainLow_MQ.queue.data(10), 
		 -> timer1_int_handler@curPos(2), sendUARTbyte@temp(1), NULL(0), i2c_int_handler@error_buf(3), 
		 -> FromMainHigh_MQ(54), FromMainLow_MQ(54), ToMainHigh_MQ(54), ToMainLow_MQ(54), 
		 -> main@ctrl(2), main@uthread_data(10), main@ic(28), main@uc(5), 
  memcpy          2   57[COMRAM] PTR unsigned char 
		 -> FromMainLow_MQ.queue(52), FromMainHigh_MQ.queue(52), ToMainHigh_MQ.queue(52), ToMainLow_MQ.queue(52), 
		 -> NULL(0), FromMainHigh_MQ(54), FromMainLow_MQ(54), ToMainHigh_MQ(54), 
		 -> ToMainLow_MQ(54), main@msgbuffer(11), 
 Return value:  Size  Location     Type
                  2   51[COMRAM] PTR void 
 Registers used:
		wreg, fsr1l, fsr1h, fsr2l, fsr2h, status,2, status,0
 Tracked objects:
		On entry : 
		On exit  : 
		Unchanged: 
 Data sizes:     COMRAM   BANK0   BANK1   BANK2   BANK3
      Params:         6       0       0       0       0
      Locals:         4       0       0       0       0
      Temps:          0       0       0       0       0
      Totals:        10       0       0       0       0
Total ram usage:       10 bytes
 Hardware stack levels used:    1
 This function calls:
		Nothing
 This function is called by:
		i2_send_msg
 This function uses a non-reentrant model


 *************** function _SleepIfOkay *****************
 Defined at:
		line 226 in file "src/messages.c"
 Parameters:    Size  Location     Type
		None
 Auto vars:     Size  Location     Type
		None
 Return value:  Size  Location     Type
		None               void
 Registers used:
		wreg, fsr2l, fsr2h, status,2, status,0, prodl, prodh, cstack
 Tracked objects:
		On entry : 
		On exit  : 
		Unchanged: 
 Data sizes:     COMRAM   BANK0   BANK1   BANK2   BANK3
      Params:         0       0       0       0       0
      Locals:         0       0       0       0       0
      Temps:          0       0       0       0       0
      Totals:         0       0       0       0       0
Total ram usage:        0 bytes
 Hardware stack levels used:    1
 Hardware stack levels required when called:    2
 This function calls:
		_enter_sleep_mode
		i2_check_msg
		i2_in_high_int
		i2_in_low_int
 This function is called by:
		_InterruptHandlerHigh
 This function uses a non-reentrant model


 *************** function i2_in_low_int *****************
 Defined at:
		line 30 in file "src/interrupts.c"
 Parameters:    Size  Location     Type
		None
 Auto vars:     Size  Location     Type
		None
 Return value:  Size  Location     Type
                  2   53[COMRAM] int 
 Registers used:
		wreg, status,2, status,0, cstack
 Tracked objects:
		On entry : 
		On exit  : 
		Unchanged: 
 Data sizes:     COMRAM   BANK0   BANK1   BANK2   BANK3
      Params:         2       0       0       0       0
      Locals:         0       0       0       0       0
      Temps:          0       0       0       0       0
      Totals:         2       0       0       0       0
Total ram usage:        2 bytes
 Hardware stack levels used:    1
 Hardware stack levels required when called:    1
 This function calls:
		i2_in_high_int
 This function is called by:
		_SleepIfOkay
 This function uses a non-reentrant model


 *************** function i2_in_high_int *****************
 Defined at:
		line 22 in file "src/interrupts.c"
 Parameters:    Size  Location     Type
		None
 Auto vars:     Size  Location     Type
		None
 Return value:  Size  Location     Type
                  2   51[COMRAM] int 
 Registers used:
		wreg, status,2
 Tracked objects:
		On entry : 
		On exit  : 
		Unchanged: 
 Data sizes:     COMRAM   BANK0   BANK1   BANK2   BANK3
      Params:         2       0       0       0       0
      Locals:         0       0       0       0       0
      Temps:          0       0       0       0       0
      Totals:         2       0       0       0       0
Total ram usage:        2 bytes
 Hardware stack levels used:    1
 This function calls:
		Nothing
 This function is called by:
		_SleepIfOkay
		i2_in_low_int
 This function uses a non-reentrant model


 *************** function i2_check_msg *****************
 Defined at:
		line 220 in file "src/messages.c"
 Parameters:    Size  Location     Type
  qptr            2   51[COMRAM] PTR struct __msg_queue
		 -> ToMainHigh_MQ(54), ToMainLow_MQ(54), 
 Auto vars:     Size  Location     Type
		None
 Return value:  Size  Location     Type
                  1    wreg      unsigned char 
 Registers used:
		wreg, fsr2l, fsr2h, status,2, status,0, prodl, prodh
 Tracked objects:
		On entry : 
		On exit  : 
		Unchanged: 
 Data sizes:     COMRAM   BANK0   BANK1   BANK2   BANK3
      Params:         2       0       0       0       0
      Locals:         0       0       0       0       0
      Temps:          1       0       0       0       0
      Totals:         3       0       0       0       0
Total ram usage:        3 bytes
 Hardware stack levels used:    1
 This function calls:
		Nothing
 This function is called by:
		_SleepIfOkay
 This function uses a non-reentrant model


 *************** function _enter_sleep_mode *****************
 Defined at:
		line 202 in file "src/messages.c"
 Parameters:    Size  Location     Type
		None
 Auto vars:     Size  Location     Type
		None
 Return value:  Size  Location     Type
		None               void
 Registers used:
		None
 Tracked objects:
		On entry : 
		On exit  : 
		Unchanged: 
 Data sizes:     COMRAM   BANK0   BANK1   BANK2   BANK3
      Params:         0       0       0       0       0
      Locals:         0       0       0       0       0
      Temps:          0       0       0       0       0
      Totals:         0       0       0       0       0
Total ram usage:        0 bytes
 Hardware stack levels used:    1
 This function calls:
		Nothing
 This function is called by:
		_SleepIfOkay
 This function uses a non-reentrant model



MODULE INFORMATION

Module		Function		Class		Link	Load	Size
src/uart_thread.c
		_init_uart_lthr		CODE           	1CBA	0000	2
		_uart_lthread  		CODE           	121E	0000	192

src/uart_thread.c estimated size: 194

C:\Program Files (x86)\Microchip\xc8\v1.32\sources\pic18\plib\Timers\t1write.c
		_WriteTimer1   		CODE           	1C5E	0000	18

C:\Program Files (x86)\Microchip\xc8\v1.32\sources\pic18\plib\Timers\t1write.c estimated size: 18

src/my_uart.c
		_sendUARTarr   		CODE           	1A42	0000	50
		_sendUARTbyte  		CODE           	1C2E	0000	28
		_uart_trans_int		CODE           	1746	0000	86
		_init_uart_recv		CODE           	1BF2	0000	30
		_uart_recv_int_		CODE           	1436	0000	148

src/my_uart.c estimated size: 342

C:\Program Files (x86)\Microchip\xc8\v1.32\sources\pic18\plib\USART\uopen.c
		_OpenUSART     		CODE           	14CA	0000	130

C:\Program Files (x86)\Microchip\xc8\v1.32\sources\pic18\plib\USART\uopen.c estimated size: 130

C:\Program Files (x86)\Microchip\xc8\v1.32\sources\common\memcpy.c
		_memcpy        		CODE           	179C	0000	80

C:\Program Files (x86)\Microchip\xc8\v1.32\sources\common\memcpy.c estimated size: 80

src/user_interrupts.c
		_timer0_int_han		CODE           	1CBC	0000	2
		_timer1_int_han		CODE           	18F8	0000	62

src/user_interrupts.c estimated size: 64

src/messages.c
		_ToMainHigh_sen		CODE           	1BAA	0000	36
		_ToMainHigh_rec		CODE           	19A8	0000	54
		_block_on_To_ms		CODE           	1694	0000	92
		_check_msg     		CODE           	1AA6	0000	50
		_FromMainLow_se		CODE           	1A10	0000	50
		_ToMainLow_send		CODE           	1A74	0000	50
		_ToMainLow_recv		CODE           	1972	0000	54
		_FromMainLow_re		CODE           	1B60	0000	38
		_enter_sleep_mo		CODE           	1CB4	0000	6
		_send_msg      		CODE           	0DF0	0000	240
		_init_queue    		CODE           	1630	0000	100
		_init_queues   		CODE           	16F0	0000	86
		_recv_msg      		CODE           	0BCA	0000	290
		_SleepIfOkay   		CODE           	17EC	0000	78

src/messages.c estimated size: 1224

src/my_i2c.c
		_start_i2c_slav		CODE           	0CEC	0000	260
		_handle_start  		CODE           	1092	0000	198
		_i2c_configure_		CODE           	1B38	0000	40
		_init_i2c      		CODE           	15CA	0000	102
		_i2c_int_handle		CODE           	00C4	0000	1378

src/my_i2c.c estimated size: 1978

src/timer0_thread.c
		_timer0_lthread		CODE           	1C92	0000	14

src/timer0_thread.c estimated size: 14

src/main.c
		_main          		CODE           	0626	0000	748

src/main.c estimated size: 748

C:\Program Files (x86)\Microchip\xc8\v1.32\sources\pic18\d1ktcyx.c
		_Delay1KTCYx   		CODE           	1C4A	0000	20

C:\Program Files (x86)\Microchip\xc8\v1.32\sources\pic18\d1ktcyx.c estimated size: 20

src/interrupts.c
		_enable_interru		CODE           	1CAC	0000	8
		_in_low_int    		CODE           	18BA	0000	62
		_in_main       		CODE           	1936	0000	60
		_in_high_int   		CODE           	1C82	0000	16
		_InterruptHandl		CODE           	0018	0000	168
		_InterruptHandl		CODE           	0008	0000	5570

src/interrupts.c estimated size: 5884

shared
		i1_send_msg    		CODE           	138C	0000	170
		i2_send_msg    		CODE           	1158	0000	198
		i2_in_high_int 		CODE           	1CA0	0000	12
		i1_recv_msg    		CODE           	0FC0	0000	210
		__initializatio		CODE           	19DE	0000	40
		i2_in_low_int  		CODE           	1B0A	0000	46
		i1_WriteTimer1 		CODE           	1C70	0000	18
		i1_ToMainLow_se		CODE           	1B86	0000	36
		i1_memcpy      		CODE           	183A	0000	64
		i2_memcpy      		CODE           	187A	0000	64
		i2_check_msg   		CODE           	1BCE	0000	36

shared estimated size: 894

C:\Program Files (x86)\Microchip\xc8\v1.32\sources\pic18\plib\USART\uread.c
		_ReadUSART     		CODE           	1C10	0000	30

C:\Program Files (x86)\Microchip\xc8\v1.32\sources\pic18\plib\USART\uread.c estimated size: 30

C:\Program Files (x86)\Microchip\xc8\v1.32\sources\pic18\plib\Timers\t1open.c
		_OpenTimer1    		CODE           	1AD8	0000	50

C:\Program Files (x86)\Microchip\xc8\v1.32\sources\pic18\plib\Timers\t1open.c estimated size: 50

src/timer1_thread.c
		_timer1_lthread		CODE           	0EE0	0000	224
		_init_timer1_lt		CODE           	12DE	0000	174
		_quad_lookup_in		CODE           	0912	0000	696

src/timer1_thread.c estimated size: 1094

