Microchip MPLAB XC8 Compiler V1.32 ()

Linker command line:

--edf=C:\Program Files (x86)\Microchip\xc8\v1.32\dat\en_msgs.txt -cs \
  -h+dist/default/production\motor.production.sym \
  --cmf=dist/default/production\motor.production.cmf -z -Q18F45J10 \
  -oC:\Users\Escher\AppData\Local\Temp\s5lk.6 \
  -Mdist/default/production/motor.production.map -E1 -ver=XC8 \
  -ASTACK=024Fh-03ffh -pstack=STACK -ACODE=00h-07FF7h -ACONST=00h-07FF7h \
  -ASMALLCONST=0400h-04FFhx123,07F00h-07FF7h -AMEDIUMCONST=0400h-07FF7h \
  -ACOMRAM=01h-07Fh -AABS1=00h-03FFh -ABIGRAM=01h-03FFh \
  -ARAM=080h-0FFh,0100h-01FFhx3 -ABANK0=080h-0FFh -ABANK1=0100h-01FFh \
  -ABANK2=0200h-02FFh -ABANK3=0300h-03FFh -ASFR=0F80h-0FFFh \
  -preset_vec=00h,intcode=08h,intcodelo=018h,powerup,init,end_init \
  -pramtop=0400h -psmallconst=SMALLCONST -pmediumconst=MEDIUMCONST \
  -pconst=CONST -AFARRAM=00h-00h -ACONFIG=07FF8h-07FFDh -pconfig=CONFIG \
  -pjflash_buffer=07800h \
  -prdata=COMRAM,nvrram=COMRAM,nvbit=COMRAM,rbss=COMRAM,rbit=COMRAM \
  -pfarbss=FARRAM,fardata=FARRAM,nvFARRAM=FARRAM \
  -pintsave_regs=BIGRAM,bigbss=BIGRAM,bigdata=BIGRAM -pbss=RAM \
  -pidata=CODE,irdata=CODE,ibigdata=CODE,ifardata=CODE \
  C:\Users\Escher\AppData\Local\Temp\s5lk.obj \
  dist/default/production\motor.production.obj 

Object code version is 3.11

Machine type is 18F45J10

Call graph: (short form)




                Name                               Link     Load   Length Selector   Space Scale
C:\Users\Escher\AppData\Local\Temp\s5lk.obj
                end_init                             CE       CE        4        C       0
                reset_vec                             0        0        4        0       0
                config                             7FF8     7FF8        6     7FF8       0
dist/default/production\motor.production.obj
                intcodelo                            18       18       B6        C       0
                intcode                               8        8       10        4       0
                text56                             1C94     1C94        6        C       0
                text55                             1BD8     1BD8       24        C       0
                text54                             1C80     1C80        C        C       0
                text53                             1AC8     1AC8       2E        C       0
                text52                             1796     1796       4E        C       0
                text51                             18B4     18B4       40        C       0
                text50                              F8E      F8E       C6        C       0
                text49                             1BB4     1BB4       24        C       0
                text48                              EC8      EC8       C6        C       0
                text47                               D2       D2      562        C       0
                intcode_body                       12EE     12EE       8C        C       0
                text45                             1C1A     1C1A       1E        C       0
                text44                             1874     1874       40        C       0
                text43                             1110     1110       AA        C       0
                text42                             1B90     1B90       24        C       0
                text41                             125A     125A       94        C       0
                text40                              DF6      DF6       D2        C       0
                text39                             1B6A     1B6A       26        C       0
                text38                             1740     1740       56        C       0
                text36                             1B44     1B44       26        C       0
                text35                             1A0C     1A0C       32        C       0
                text34                             148A     148A       82        C       0
                text33                             1692     1692       58        C       0
                text32                              90C      90C      122        C       0
                text31                             19A4     19A4       36        C       0
                text30                             196E     196E       36        C       0
                text29                             1C38     1C38       14        C       0
                text28                             19DA     19DA       32        C       0
                text27                             1C70     1C70       10        C       0
                text26                             18F4     18F4       3E        C       0
                text25                             1932     1932       3C        C       0
                text24                             1636     1636       5C        C       0
                text23                             1C8C     1C8C        8        C       0
                text22                             1AF6     1AF6       28        C       0
                text21                             150C     150C       66        C       0
                text20                             1572     1572       64        C       0
                text19                             16EA     16EA       56        C       0
                text18                             1402     1402       88        C       0
                text17                             137A     137A       88        C       0
                text16                             1C9A     1C9A        2        C       0
                text15                             1BFC     1BFC       1E        C       0
                text14                              B32      B32       F0        C       0
                text13                             1A9A     1A9A       2E        C       0
                text12                             1A6C     1A6C       2E        C       0
                text11                             17E4     17E4       4A        C       0
                text10                              A2E      A2E      104        C       0
                text9                              1C5E     1C5E       12        C       0
                text8                              182E     182E       46        C       0
                text7                              1C4C     1C4C       12        C       0
                text6                              15D6     15D6       60        C       0
                text5                               D0C      D0C       EA        C       0
                text4                               C22      C22       EA        C       0
                text3                              11BA     11BA       A0        C       0
                text2                              1A3E     1A3E       2E        C       0
                text1                              1054     1054       BC        C       0
                text0                               634      634      2D8        C       0
                cstackCOMRAM                          1        1       48        1       1
                cstackBANK0                          BC       BC       25       80       1
                cstackBANK1                         1A2      1A2       1E      100       1
                cstackBANK2                         200      200       4F      200       1
                bssBANK1                            100      100       A2      100       1
                bssBANK0                             80       80       3C       80       1
                bssCOMRAM                            4B       4B        2        1       1
                cinit                              1B1E     1B1E       26        C       0
                nvBANK0                              E1       E1        2       80       1
                nvCOMRAM                             49       49        2        1       1

TOTAL           Name                               Link     Load   Length     Space
        CLASS   STACK          

        CLASS   CODE           
                end_init                             CE       CE        4         0
                intcodelo                            18       18       B6         0
                intcode                               8        8       10         0
                reset_vec                             0        0        4         0
                text56                             1C94     1C94        6         0
                text55                             1BD8     1BD8       24         0
                text54                             1C80     1C80        C         0
                text53                             1AC8     1AC8       2E         0
                text52                             1796     1796       4E         0
                text51                             18B4     18B4       40         0
                text50                              F8E      F8E       C6         0
                text49                             1BB4     1BB4       24         0
                text48                              EC8      EC8       C6         0
                text47                               D2       D2      562         0
                intcode_body                       12EE     12EE       8C         0
                text45                             1C1A     1C1A       1E         0
                text44                             1874     1874       40         0
                text43                             1110     1110       AA         0
                text42                             1B90     1B90       24         0
                text41                             125A     125A       94         0
                text40                              DF6      DF6       D2         0
                text39                             1B6A     1B6A       26         0
                text38                             1740     1740       56         0
                text36                             1B44     1B44       26         0
                text35                             1A0C     1A0C       32         0
                text34                             148A     148A       82         0
                text33                             1692     1692       58         0
                text32                              90C      90C      122         0
                text31                             19A4     19A4       36         0
                text30                             196E     196E       36         0
                text29                             1C38     1C38       14         0
                text28                             19DA     19DA       32         0
                text27                             1C70     1C70       10         0
                text26                             18F4     18F4       3E         0
                text25                             1932     1932       3C         0
                text24                             1636     1636       5C         0
                text23                             1C8C     1C8C        8         0
                text22                             1AF6     1AF6       28         0
                text21                             150C     150C       66         0
                text20                             1572     1572       64         0
                text19                             16EA     16EA       56         0
                text18                             1402     1402       88         0
                text17                             137A     137A       88         0
                text16                             1C9A     1C9A        2         0
                text15                             1BFC     1BFC       1E         0
                text14                              B32      B32       F0         0
                text13                             1A9A     1A9A       2E         0
                text12                             1A6C     1A6C       2E         0
                text11                             17E4     17E4       4A         0
                text10                              A2E      A2E      104         0
                text9                              1C5E     1C5E       12         0
                text8                              182E     182E       46         0
                text7                              1C4C     1C4C       12         0
                text6                              15D6     15D6       60         0
                text5                               D0C      D0C       EA         0
                text4                               C22      C22       EA         0
                text3                              11BA     11BA       A0         0
                text2                              1A3E     1A3E       2E         0
                text1                              1054     1054       BC         0
                text0                               634      634      2D8         0
                cinit                              1B1E     1B1E       26         0

        CLASS   CONST          

        CLASS   SMALLCONST     

        CLASS   MEDIUMCONST    

        CLASS   COMRAM         
                cstackCOMRAM                          1        1       48         1
                bssCOMRAM                            4B       4B        2         1
                nvCOMRAM                             49       49        2         1

        CLASS   ABS1           

        CLASS   BIGRAM         

        CLASS   RAM            

        CLASS   BANK0          
                cstackBANK0                          BC       BC       25         1
                bssBANK0                             80       80       3C         1
                nvBANK0                              E1       E1        2         1

        CLASS   BANK1          
                cstackBANK1                         1A2      1A2       1E         1
                bssBANK1                            100      100       A2         1

        CLASS   BANK2          
                cstackBANK2                         200      200       4F         1

        CLASS   BANK3          

        CLASS   SFR            

        CLASS   FARRAM         

        CLASS   CONFIG         
                config                             7FF8     7FF8        6         0

        CLASS   IDLOC          



SEGMENTS        Name                           Load    Length   Top    Selector   Space  Class

                reset_vec                      000000  000004  000004         0       0  CODE    
                cstackCOMRAM                   000001  00004C  00004D         1       1  COMRAM  
                intcode                        000008  000010  000018         4       0  CODE    
                intcodelo                      000018  001C84  001C9C         C       0  CODE    
                bssBANK0                       000080  000063  0000E3        80       1  BANK0   
                bssBANK1                       000100  0000C0  0001C0       100       1  BANK1   
                cstackBANK2                    000200  00004F  00024F       200       1  BANK2   
                config                         007FF8  000006  007FFE      7FF8       0  CONFIG  


UNUSED ADDRESS RANGES

        Name                Unused          Largest block    Delta
        BANK0            000E3-000FF              1D
        BANK1            001C0-001FF              40
        BANK2            0024F-002FF              B1
        BANK3            00300-003FF             100
        BIGRAM           0004D-0007F              33
                         000E3-000FF              1D
                         001C0-001FF              40
                         0024F-003FF             1B1
        CODE             00004-00007               4
                         01C9C-07FF7            635C
        COMRAM           0004D-0007F              33
        CONST            00004-00007               4
                         01C9C-07FF7            635C
        MEDIUMCONST      01C9C-07FF7            635C
        RAM              000E3-000FF              1D
                         001C0-001FF              40
                         0024F-003FF              B1
        SFR              00F80-00FFF              80
        SMALLCONST       01C9C-07FF7             100
        STACK            0024F-003FF             1B1

                                  Symbol Table

?___lwmod                        cstackBANK0   000D9
?_in_high_int                    cstackBANK0   000D9
?_in_low_int                     cstackBANK0   000DB
?_in_main                        cstackBANK0   000DD
?i2_in_high_int                  cstackCOMRAM  00034
?i2_in_low_int                   cstackCOMRAM  00036
Delay1KTCYx@unit                 cstackBANK0   000D9
FromMainLow_recvmsg@data         cstackCOMRAM  0001B
FromMainLow_recvmsg@maxlength    cstackCOMRAM  0001D
FromMainLow_recvmsg@msgtype      cstackCOMRAM  00019
FromMainLow_sendmsg@data         cstackBANK1   001B2
FromMainLow_sendmsg@length       cstackBANK0   000E0
FromMainLow_sendmsg@msgtype      cstackBANK1   001B1
OpenTimer0@config                cstackBANK0   000D9
OpenTimer1@config                cstackBANK0   000D9
OpenUSART@config                 cstackBANK0   000DE
OpenUSART@spbrg                  cstackBANK0   000D9
ReadUSART@data                   cstackCOMRAM  00001
ToMainHigh_recvmsg@data          cstackBANK1   001B4
ToMainHigh_recvmsg@maxlength     cstackBANK1   001B6
ToMainHigh_recvmsg@msgtype       cstackBANK1   001B2
ToMainHigh_sendmsg@data          cstackCOMRAM  00046
ToMainHigh_sendmsg@length        cstackCOMRAM  00048
ToMainHigh_sendmsg@msgtype       cstackCOMRAM  00045
ToMainLow_recvmsg@data           cstackBANK1   001B4
ToMainLow_recvmsg@maxlength      cstackBANK1   001B6
ToMainLow_recvmsg@msgtype        cstackBANK1   001B2
ToMainLow_sendmsg@data           cstackBANK1   001B2
ToMainLow_sendmsg@length         cstackBANK0   000E0
ToMainLow_sendmsg@msgtype        cstackBANK1   001B1
WriteTimer0@timer                cstackBANK0   000DB
WriteTimer0@timer0               cstackBANK0   000D9
WriteTimer1@timer                cstackBANK0   000DB
WriteTimer1@timer1               cstackBANK0   000D9
_ADCON1                          (abs)         00FC1
_CMCON                           (abs)         00FB4
_Delay1KTCYx                     text29        01C38
_FromMainHigh_MQ                 bssBANK1      00100
_FromMainLow_MQ                  bssBANK1      00136
_FromMainLow_recvmsg             text39        01B6A
_FromMainLow_sendmsg             text2         01A3E
_INTCONbits                      (abs)         00FF2
_IPR1bits                        (abs)         00F9F
_InterruptHandlerHigh            intcode       00008
_InterruptHandlerLow             intcodelo     00018
_LATA                            (abs)         00F89
_LATB                            (abs)         00F8A
_MQ_Main_Willing_to_block        bssCOMRAM     0004B
_OSCCON                          (abs)         00FD3
_OSCCONbits                      (abs)         00FD3
_OSCTUNEbits                     (abs)         00F9B
_OpenTimer0                      text36        01B44
_OpenTimer1                      text35        01A0C
_OpenUSART                       text34        0148A
_PIE1bits                        (abs)         00F9D
_PIR1bits                        (abs)         00F9E
_PORTA                           (abs)         00F80
_PORTB                           (abs)         00F81
_RCONbits                        (abs)         00FD0
_RCREG                           (abs)         00FAE
_RCSTA                           (abs)         00FAB
_RCSTAbits                       (abs)         00FAB
_ReadUSART                       text45        01C1A
_SPBRG                           (abs)         00FAF
_SPBRGH                          (abs)         00FB0
_SSPADD                          (abs)         00FC8
_SSPBUF                          (abs)         00FC9
_SSPCON1                         (abs)         00FC6
_SSPCON1bits                     (abs)         00FC6
_SSPCON2                         (abs)         00FC5
_SSPCON2bits                     (abs)         00FC5
_SSPSTAT                         (abs)         00FC7
_SSPSTATbits                     (abs)         00FC7
_SleepIfOkay                     text52        01796
_T0CON                           (abs)         00FD5
_T0CONbits                       (abs)         00FD5
_T1CON                           (abs)         00FCD
_T1CONbits                       (abs)         00FCD
_TMR0H                           (abs)         00FD7
_TMR0L                           (abs)         00FD6
_TMR1H                           (abs)         00FCF
_TMR1L                           (abs)         00FCE
_TRISA                           (abs)         00F92
_TRISB                           (abs)         00F93
_TRISCbits                       (abs)         00F94
_TXREG                           (abs)         00FAD
_TXSTA                           (abs)         00FAC
_TXSTAbits                       (abs)         00FAC
_ToMainHigh_MQ                   bssBANK1      0016C
_ToMainHigh_recvmsg              text31        019A4
_ToMainHigh_sendmsg              text49        01BB4
_ToMainLow_MQ                    bssBANK0      00086
_ToMainLow_recvmsg               text30        0196E
_ToMainLow_sendmsg               text13        01A9A
_USART_Status                    bssCOMRAM     0004C
_WriteTimer0                     text7         01C4C
_WriteTimer1                     text9         01C5E
__CFG_CCP2MX$DEFAULT             (abs)         00000
__CFG_CP0$OFF                    (abs)         00000
__CFG_FCMEN$ON                   (abs)         00000
__CFG_FOSC$HSPLL                 (abs)         00000
__CFG_FOSC2$ON                   (abs)         00000
__CFG_IESO$ON                    (abs)         00000
__CFG_STVREN$OFF                 (abs)         00000
__CFG_WDTEN$OFF                  (abs)         00000
__CFG_WDTPS$32768                (abs)         00000
__CFG_XINST$OFF                  (abs)         00000
__HRAM                           (abs)         00000
__Habs1                          abs1          00000
__Hbank0                         bank0         00000
__Hbank1                         bank1         00000
__Hbank2                         bank2         00000
__Hbank3                         bank3         00000
__Hbigbss                        bigbss        00000
__Hbigdata                       bigdata       00000
__Hbigram                        bigram        00000
__Hbss                           bss           00000
__HbssBANK0                      bssBANK0      00000
__HbssBANK1                      bssBANK1      00000
__HbssCOMRAM                     bssCOMRAM     00000
__Hcinit                         cinit         00000
__Hclrtext                       clrtext       00000
__Hcomram                        comram        00000
__Hconfig                        config        07FFE
__Hconst                         const         00000
__HcstackBANK0                   cstackBANK0   00000
__HcstackBANK1                   cstackBANK1   00000
__HcstackBANK2                   cstackBANK2   00000
__HcstackCOMRAM                  cstackCOMRAM  00000
__Hdata                          data          00000
__Hend_init                      end_init      000D2
__Hfarbss                        farbss        00000
__Hfardata                       fardata       00000
__Hibigdata                      ibigdata      00000
__Hidata                         idata         00000
__Hidloc                         idloc         00000
__Hifardata                      ifardata      00000
__Hinit                          init          000CE
__Hintcode                       intcode       00018
__Hintcode_body                  intcode_body  00000
__Hintcodelo                     intcodelo     000CE
__Hintentry                      intentry      00000
__Hintret                        intret        00000
__Hintsave_regs                  intsave_regs  00000
__Hirdata                        irdata        00000
__Hjflash_buffer                 jflash_buffer 07800
__Hmediumconst                   mediumconst   00000
__HnvBANK0                       nvBANK0       00000
__HnvCOMRAM                      nvCOMRAM      00000
__HnvFARRAM                      nvFARRAM      00000
__Hnvbit                         nvbit         00000
__Hnvrram                        nvrram        00000
__Hparam                         rparam        00000
__Hpowerup                       powerup       000CE
__Hram                           ram           00000
__Hramtop                        ramtop        00400
__Hrbit                          rbit          00000
__Hrbss                          rbss          00000
__Hrdata                         rdata         00000
__Hreset_vec                     reset_vec     00004
__Hrparam                        rparam        00000
__Hsfr                           sfr           00000
__Hsmallconst                    smallconst    00000
__Hspace_0                       (abs)         07FFE
__Hspace_1                       (abs)         0024F
__Hspace_2                       (abs)         00000
__Hstack                         stack         00000
__Hstruct                        struct        00000
__Htemp                          temp          00000
__Htext                          text          00000
__Htext0                         text0         00000
__Htext1                         text1         00000
__Htext10                        text10        00000
__Htext11                        text11        00000
__Htext12                        text12        00000
__Htext13                        text13        00000
__Htext14                        text14        00000
__Htext15                        text15        00000
__Htext16                        text16        00000
__Htext17                        text17        00000
__Htext18                        text18        00000
__Htext19                        text19        00000
__Htext2                         text2         00000
__Htext20                        text20        00000
__Htext21                        text21        00000
__Htext22                        text22        00000
__Htext23                        text23        00000
__Htext24                        text24        00000
__Htext25                        text25        00000
__Htext26                        text26        00000
__Htext27                        text27        00000
__Htext28                        text28        00000
__Htext29                        text29        00000
__Htext3                         text3         00000
__Htext30                        text30        00000
__Htext31                        text31        00000
__Htext32                        text32        00000
__Htext33                        text33        00000
__Htext34                        text34        00000
__Htext35                        text35        00000
__Htext36                        text36        00000
__Htext38                        text38        00000
__Htext39                        text39        00000
__Htext4                         text4         00000
__Htext40                        text40        00000
__Htext41                        text41        00000
__Htext42                        text42        00000
__Htext43                        text43        00000
__Htext44                        text44        00000
__Htext45                        text45        00000
__Htext47                        text47        00000
__Htext48                        text48        00000
__Htext49                        text49        00000
__Htext5                         text5         00000
__Htext50                        text50        00000
__Htext51                        text51        00000
__Htext52                        text52        00000
__Htext53                        text53        00000
__Htext54                        text54        00000
__Htext55                        text55        00000
__Htext56                        text56        00000
__Htext6                         text6         00000
__Htext7                         text7         00000
__Htext8                         text8         00000
__Htext9                         text9         00000
__LRAM                           (abs)         00001
__Labs1                          abs1          00000
__Lbank0                         bank0         00000
__Lbank1                         bank1         00000
__Lbank2                         bank2         00000
__Lbank3                         bank3         00000
__Lbigbss                        bigbss        00000
__Lbigdata                       bigdata       00000
__Lbigram                        bigram        00000
__Lbss                           bss           00000
__LbssBANK0                      bssBANK0      00000
__LbssBANK1                      bssBANK1      00000
__LbssCOMRAM                     bssCOMRAM     00000
__Lcinit                         cinit         00000
__Lclrtext                       clrtext       00000
__Lcomram                        comram        00000
__Lconfig                        config        07FF8
__Lconst                         const         00000
__LcstackBANK0                   cstackBANK0   00000
__LcstackBANK1                   cstackBANK1   00000
__LcstackBANK2                   cstackBANK2   00000
__LcstackCOMRAM                  cstackCOMRAM  00000
__Ldata                          data          00000
__Lend_init                      end_init      000CE
__Lfarbss                        farbss        00000
__Lfardata                       fardata       00000
__Libigdata                      ibigdata      00000
__Lidata                         idata         00000
__Lidloc                         idloc         00000
__Lifardata                      ifardata      00000
__Linit                          init          000CE
__Lintcode                       intcode       00008
__Lintcode_body                  intcode_body  00000
__Lintcodelo                     intcodelo     00018
__Lintentry                      intentry      00000
__Lintret                        intret        00000
__Lintsave_regs                  intsave_regs  00000
__Lirdata                        irdata        00000
__Ljflash_buffer                 jflash_buffer 07800
__Lmediumconst                   mediumconst   00000
__LnvBANK0                       nvBANK0       00000
__LnvCOMRAM                      nvCOMRAM      00000
__LnvFARRAM                      nvFARRAM      00000
__Lnvbit                         nvbit         00000
__Lnvrram                        nvrram        00000
__Lparam                         rparam        00000
__Lpowerup                       powerup       000CE
__Lram                           ram           00000
__Lramtop                        ramtop        00400
__Lrbit                          rbit          00000
__Lrbss                          rbss          00000
__Lrdata                         rdata         00000
__Lreset_vec                     reset_vec     00000
__Lrparam                        rparam        00000
__Lsfr                           sfr           00000
__Lsmallconst                    smallconst    00000
__Lspace_0                       (abs)         00000
__Lspace_1                       (abs)         00000
__Lspace_2                       (abs)         00000
__Lstack                         stack         00000
__Lstruct                        struct        00000
__Ltemp                          temp          00000
__Ltext                          text          00000
__Ltext0                         text0         00000
__Ltext1                         text1         00000
__Ltext10                        text10        00000
__Ltext11                        text11        00000
__Ltext12                        text12        00000
__Ltext13                        text13        00000
__Ltext14                        text14        00000
__Ltext15                        text15        00000
__Ltext16                        text16        00000
__Ltext17                        text17        00000
__Ltext18                        text18        00000
__Ltext19                        text19        00000
__Ltext2                         text2         00000
__Ltext20                        text20        00000
__Ltext21                        text21        00000
__Ltext22                        text22        00000
__Ltext23                        text23        00000
__Ltext24                        text24        00000
__Ltext25                        text25        00000
__Ltext26                        text26        00000
__Ltext27                        text27        00000
__Ltext28                        text28        00000
__Ltext29                        text29        00000
__Ltext3                         text3         00000
__Ltext30                        text30        00000
__Ltext31                        text31        00000
__Ltext32                        text32        00000
__Ltext33                        text33        00000
__Ltext34                        text34        00000
__Ltext35                        text35        00000
__Ltext36                        text36        00000
__Ltext38                        text38        00000
__Ltext39                        text39        00000
__Ltext4                         text4         00000
__Ltext40                        text40        00000
__Ltext41                        text41        00000
__Ltext42                        text42        00000
__Ltext43                        text43        00000
__Ltext44                        text44        00000
__Ltext45                        text45        00000
__Ltext47                        text47        00000
__Ltext48                        text48        00000
__Ltext49                        text49        00000
__Ltext5                         text5         00000
__Ltext50                        text50        00000
__Ltext51                        text51        00000
__Ltext52                        text52        00000
__Ltext53                        text53        00000
__Ltext54                        text54        00000
__Ltext55                        text55        00000
__Ltext56                        text56        00000
__Ltext6                         text6         00000
__Ltext7                         text7         00000
__Ltext8                         text8         00000
__Ltext9                         text9         00000
__S0                             (abs)         07FFE
__S1                             (abs)         0024F
__S2                             (abs)         00000
___extmem_base                   (abs)         20000
___inthi_sp                      stack         00000
___intlo_sp                      stack         00000
___lwmod                         text6         015D6
___lwmod@counter                 cstackBANK0   000DD
___lwmod@dividend                cstackBANK0   000D9
___lwmod@divisor                 cstackBANK0   000DB
___sp                            stack         00000
__accesstop                      (abs)         00080
__activetblptr                   (abs)         00002
__end_of_Delay1KTCYx             text29        01C4C
__end_of_FromMainLow_recvmsg     text39        01B90
__end_of_FromMainLow_sendmsg     text2         01A6C
__end_of_InterruptHandlerHigh    intcode_body  0137A
__end_of_InterruptHandlerLow     intcodelo     000CE
__end_of_OpenTimer0              text36        01B6A
__end_of_OpenTimer1              text35        01A3E
__end_of_OpenUSART               text34        0150C
__end_of_ReadUSART               text45        01C38
__end_of_SleepIfOkay             text52        017E4
__end_of_ToMainHigh_recvmsg      text31        019DA
__end_of_ToMainHigh_sendmsg      text49        01BD8
__end_of_ToMainLow_recvmsg       text30        019A4
__end_of_ToMainLow_sendmsg       text13        01AC8
__end_of_WriteTimer0             text7         01C5E
__end_of_WriteTimer1             text9         01C70
__end_of___lwmod                 text6         01636
__end_of__initialization         cinit         01B3A
__end_of_block_on_To_msgqueues   text24        01692
__end_of_check_msg               text28        01A0C
__end_of_enable_interrupts       text23        01C94
__end_of_enter_sleep_mode        text56        01C9A
__end_of_handle_start            text48        00F8E
__end_of_i2c_configure_slave     text22        01B1E
__end_of_i2c_int_handler         text47        00634
__end_of_in_high_int             text27        01C80
__end_of_in_low_int              text26        01932
__end_of_in_main                 text25        0196E
__end_of_init_i2c                text21        01572
__end_of_init_queue              text20        015D6
__end_of_init_queues             text19        01740
__end_of_init_timer0_lthread     text18        0148A
__end_of_init_timer1_lthread     text17        01402
__end_of_init_uart_lthread       text16        01C9C
__end_of_init_uart_recv          text15        01C1A
__end_of_main                    text0         0090C
__end_of_memcpy                  text33        016EA
__end_of_move                    text11        0182E
__end_of_recv_msg                text32        00A2E
__end_of_sendUARTarr             text12        01A9A
__end_of_send_msg                text14        00C22
__end_of_start_i2c_slave_reply   text10        00B32
__end_of_stop                    text8         01874
__end_of_timer0_lthread          text5         00DF6
__end_of_timer1_lthread          text4         00D0C
__end_of_turn                    text3         0125A
__end_of_uart_lthread            text1         01110
__end_of_uart_recv_int_handler   text41        012EE
__end_of_uart_trans_int_handler  text38        01796
__end_ofi1_ToMainLow_sendmsg     text42        01BB4
__end_ofi1_memcpy                text44        018B4
__end_ofi1_recv_msg              text40        00EC8
__end_ofi1_send_msg              text43        011BA
__end_ofi2_check_msg             text55        01BFC
__end_ofi2_in_high_int           text54        01C8C
__end_ofi2_in_low_int            text53        01AF6
__end_ofi2_memcpy                text51        018F4
__end_ofi2_send_msg              text50        01054
__initialization                 cinit         01B1E
__mediumconst                    mediumconst   00000
__pbssBANK0                      bssBANK0      00080
__pbssBANK1                      bssBANK1      00100
__pbssCOMRAM                     bssCOMRAM     0004B
__pcinit                         cinit         01B1E
__pcstackBANK0                   cstackBANK0   000BC
__pcstackBANK1                   cstackBANK1   001A2
__pcstackBANK2                   cstackBANK2   00200
__pcstackCOMRAM                  cstackCOMRAM  00001
__pintcode                       intcode       00008
__pintcode_body                  intcode_body  012EE
__pintcodelo                     intcodelo     00018
__pnvBANK0                       nvBANK0       000E1
__pnvCOMRAM                      nvCOMRAM      00049
__ptext0                         text0         00634
__ptext1                         text1         01054
__ptext10                        text10        00A2E
__ptext11                        text11        017E4
__ptext12                        text12        01A6C
__ptext13                        text13        01A9A
__ptext14                        text14        00B32
__ptext15                        text15        01BFC
__ptext16                        text16        01C9A
__ptext17                        text17        0137A
__ptext18                        text18        01402
__ptext19                        text19        016EA
__ptext2                         text2         01A3E
__ptext20                        text20        01572
__ptext21                        text21        0150C
__ptext22                        text22        01AF6
__ptext23                        text23        01C8C
__ptext24                        text24        01636
__ptext25                        text25        01932
__ptext26                        text26        018F4
__ptext27                        text27        01C70
__ptext28                        text28        019DA
__ptext29                        text29        01C38
__ptext3                         text3         011BA
__ptext30                        text30        0196E
__ptext31                        text31        019A4
__ptext32                        text32        0090C
__ptext33                        text33        01692
__ptext34                        text34        0148A
__ptext35                        text35        01A0C
__ptext36                        text36        01B44
__ptext38                        text38        01740
__ptext39                        text39        01B6A
__ptext4                         text4         00C22
__ptext40                        text40        00DF6
__ptext41                        text41        0125A
__ptext42                        text42        01B90
__ptext43                        text43        01110
__ptext44                        text44        01874
__ptext45                        text45        01C1A
__ptext47                        text47        000D2
__ptext48                        text48        00EC8
__ptext49                        text49        01BB4
__ptext5                         text5         00D0C
__ptext50                        text50        00F8E
__ptext51                        text51        018B4
__ptext52                        text52        01796
__ptext53                        text53        01AC8
__ptext54                        text54        01C80
__ptext55                        text55        01BD8
__ptext56                        text56        01C94
__ptext6                         text6         015D6
__ptext7                         text7         01C4C
__ptext8                         text8         0182E
__ptext9                         text9         01C5E
__ramtop                         ramtop        00400
__size_of_Delay1KTCYx            (abs)         00000
__size_of_FromMainLow_recvmsg    (abs)         00000
__size_of_FromMainLow_sendmsg    (abs)         00000
__size_of_InterruptHandlerHigh   (abs)         00000
__size_of_InterruptHandlerLow    (abs)         00000
__size_of_OpenTimer0             (abs)         00000
__size_of_OpenTimer1             (abs)         00000
__size_of_OpenUSART              (abs)         00000
__size_of_ReadUSART              (abs)         00000
__size_of_SleepIfOkay            (abs)         00000
__size_of_ToMainHigh_recvmsg     (abs)         00000
__size_of_ToMainHigh_sendmsg     (abs)         00000
__size_of_ToMainLow_recvmsg      (abs)         00000
__size_of_ToMainLow_sendmsg      (abs)         00000
__size_of_WriteTimer0            (abs)         00000
__size_of_WriteTimer1            (abs)         00000
__size_of___lwmod                (abs)         00000
__size_of_block_on_To_msgqueues  (abs)         00000
__size_of_check_msg              (abs)         00000
__size_of_enable_interrupts      (abs)         00000
__size_of_enter_sleep_mode       (abs)         00000
__size_of_handle_start           (abs)         00000
__size_of_i2c_configure_slave    (abs)         00000
__size_of_i2c_int_handler        (abs)         00000
__size_of_in_high_int            (abs)         00000
__size_of_in_low_int             (abs)         00000
__size_of_in_main                (abs)         00000
__size_of_init_i2c               (abs)         00000
__size_of_init_queue             (abs)         00000
__size_of_init_queues            (abs)         00000
__size_of_init_timer0_lthread    (abs)         00000
__size_of_init_timer1_lthread    (abs)         00000
__size_of_init_uart_lthread      (abs)         00000
__size_of_init_uart_recv         (abs)         00000
__size_of_main                   (abs)         00000
__size_of_memcpy                 (abs)         00000
__size_of_move                   (abs)         00000
__size_of_recv_msg               (abs)         00000
__size_of_sendUARTarr            (abs)         00000
__size_of_send_msg               (abs)         00000
__size_of_start_i2c_slave_reply  (abs)         00000
__size_of_stop                   (abs)         00000
__size_of_timer0_lthread         (abs)         00000
__size_of_timer1_lthread         (abs)         00000
__size_of_turn                   (abs)         00000
__size_of_uart_lthread           (abs)         00000
__size_of_uart_recv_int_handler  (abs)         00000
__size_of_uart_trans_int_handler (abs)         00000
__size_ofi1_ToMainLow_sendmsg    (abs)         00000
__size_ofi1_memcpy               (abs)         00000
__size_ofi1_recv_msg             (abs)         00000
__size_ofi1_send_msg             (abs)         00000
__size_ofi2_check_msg            (abs)         00000
__size_ofi2_in_high_int          (abs)         00000
__size_ofi2_in_low_int           (abs)         00000
__size_ofi2_memcpy               (abs)         00000
__size_ofi2_send_msg             (abs)         00000
__smallconst                     smallconst    00000
_block_on_To_msgqueues           text24        01636
_check_msg                       text28        019DA
_enable_interrupts               text23        01C8C
_enter_sleep_mode                text56        01C94
_handle_start                    text48        00EC8
_i2c_configure_slave             text22        01AF6
_i2c_int_handler                 text47        000D2
_ic_ptr                          nvBANK0       000E1
_in_high_int                     text27        01C70
_in_low_int                      text26        018F4
_in_main                         text25        01932
_init_i2c                        text21        0150C
_init_queue                      text20        01572
_init_queues                     text19        016EA
_init_timer0_lthread             text18        01402
_init_timer1_lthread             text17        0137A
_init_uart_lthread               text16        01C9A
_init_uart_recv                  text15        01BFC
_main                            text0         00634
_memcpy                          text33        01692
_move                            text11        017E4
_recv_msg                        text32        0090C
_sendUARTarr                     text12        01A6C
_send_msg                        text14        00B32
_start_i2c_slave_reply           text10        00A2E
_stop                            text8         0182E
_timer0_lthread                  text5         00D0C
_timer1_lthread                  text4         00C22
_turn                            text3         011BA
_uart_lthread                    text1         01054
_uart_recv_int_handler           text41        0125A
_uart_trans_int_handler          text38        01740
_uc_ptr                          nvCOMRAM      00049
check_msg@qptr                   cstackBANK0   000D9
end_of_initialization            cinit         01B3A
handle_start@data_read           cstackCOMRAM  00034
i1ToMainLow_sendmsg@data         cstackCOMRAM  00018
i1ToMainLow_sendmsg@length       cstackCOMRAM  0001A
i1ToMainLow_sendmsg@msgtype      cstackCOMRAM  00017
i1_ToMainLow_sendmsg             text42        01B90
i1_memcpy                        text44        01874
i1_recv_msg                      text40        00DF6
i1_send_msg                      text43        01110
i1memcpy@d                       cstackCOMRAM  00007
i1memcpy@d1                      cstackCOMRAM  00001
i1memcpy@n                       cstackCOMRAM  00005
i1memcpy@s                       cstackCOMRAM  00009
i1memcpy@s1                      cstackCOMRAM  00003
i1recv_msg@data                  cstackCOMRAM  00010
i1recv_msg@maxlength             cstackCOMRAM  0000D
i1recv_msg@msgtype               cstackCOMRAM  0000E
i1recv_msg@qmsg                  cstackCOMRAM  00017
i1recv_msg@qptr                  cstackCOMRAM  0000B
i1recv_msg@slot                  cstackCOMRAM  00014
i1recv_msg@tlength               cstackCOMRAM  00015
i1send_msg@data                  cstackCOMRAM  0000F
i1send_msg@length                cstackCOMRAM  0000D
i1send_msg@msgtype               cstackCOMRAM  0000E
i1send_msg@qmsg                  cstackCOMRAM  00015
i1send_msg@qptr                  cstackCOMRAM  0000B
i1send_msg@slot                  cstackCOMRAM  00014
i1send_msg@tlength               cstackCOMRAM  00012
i2_check_msg                     text55        01BD8
i2_in_high_int                   text54        01C80
i2_in_low_int                    text53        01AC8
i2_memcpy                        text51        018B4
i2_send_msg                      text50        00F8E
i2c_configure_slave@addr         cstackBANK0   000D9
i2c_int_handler@data_read        cstackBANK0   000CA
i2c_int_handler@data_written     cstackBANK0   000C5
i2c_int_handler@error_buf        cstackBANK0   000C2
i2c_int_handler@i2c_data         cstackBANK0   000C7
i2c_int_handler@msg_ready        cstackBANK0   000C9
i2c_int_handler@msg_to_send      cstackBANK0   000C8
i2c_int_handler@overrun_error    cstackBANK0   000C6
i2check_msg@qptr                 cstackCOMRAM  00034
i2memcpy@d                       cstackCOMRAM  0003A
i2memcpy@d1                      cstackCOMRAM  00034
i2memcpy@n                       cstackCOMRAM  00038
i2memcpy@s                       cstackCOMRAM  0003C
i2memcpy@s1                      cstackCOMRAM  00036
i2send_msg@data                  cstackCOMRAM  00042
i2send_msg@length                cstackCOMRAM  00040
i2send_msg@msgtype               cstackCOMRAM  00041
i2send_msg@qmsg                  cstackBANK0   000BF
i2send_msg@qptr                  cstackCOMRAM  0003E
i2send_msg@slot                  cstackBANK0   000BE
i2send_msg@tlength               cstackBANK0   000BC
init_i2c@ic                      cstackBANK0   000D9
init_queue@i                     cstackBANK0   000DB
init_queue@qptr                  cstackBANK0   000D9
init_timer0_lthread@tptr         cstackBANK0   000D9
init_timer1_lthread@tptr         cstackBANK0   000D9
init_uart_lthread@uptr           cstackBANK0   000D9
init_uart_recv@uc                cstackBANK0   000D9
int_func                         intcode_body  012EE
intlevel0                        text          00000
intlevel1                        text          00000
intlevel2                        text          00000
intlevel3                        text          00000
main@UARTConfig                  cstackBANK2   0020C
main@baud                        cstackBANK2   0020B
main@ic                          cstackBANK2   00233
main@last_reg_recvd              cstackBANK2   0020D
main@length                      cstackBANK2   0021E
main@msgbuffer                   cstackBANK2   00200
main@msgtype                     cstackBANK2   0021D
main@t0thread_data               cstackBANK2   0022A
main@t1thread_data               cstackBANK2   0021F
main@uc                          cstackBANK2   00218
main@uthread_data                cstackBANK2   0020E
memcpy@d                         cstackBANK1   001A2
memcpy@d1                        cstackBANK0   000D9
memcpy@n                         cstackBANK0   000DD
memcpy@s                         cstackBANK1   001A4
memcpy@s1                        cstackBANK0   000DB
move@test                        cstackBANK1   001BA
move@tptr                        cstackBANK1   001B8
recv_msg@data                    cstackBANK1   001AB
recv_msg@maxlength               cstackBANK1   001A8
recv_msg@msgtype                 cstackBANK1   001A9
recv_msg@qmsg                    cstackBANK1   001B0
recv_msg@qptr                    cstackBANK1   001A6
recv_msg@slot                    cstackBANK1   001AD
recv_msg@tlength                 cstackBANK1   001AE
sendUARTarr@data                 cstackBANK1   001B4
sendUARTarr@length               cstackBANK1   001B7
sendUARTarr@retval               cstackBANK1   001B6
send_msg@data                    cstackBANK1   001AA
send_msg@length                  cstackBANK1   001A8
send_msg@msgtype                 cstackBANK1   001A9
send_msg@qmsg                    cstackBANK1   001AF
send_msg@qptr                    cstackBANK1   001A6
send_msg@slot                    cstackBANK1   001AE
send_msg@tlength                 cstackBANK1   001AC
stackhi                          (abs)         003FF
stacklo                          (abs)         0024F
start                            init          000CE
start_i2c_slave_reply@length     cstackBANK0   000DD
start_i2c_slave_reply@msg        cstackBANK0   000D9
start_initialization             cinit         01B1E
stop@F5114                       bssBANK0      00080
stop@test                        cstackBANK1   001BA
stop@tptr                        cstackBANK1   001B8
timer0_lthread@F5145             bssBANK0      00082
timer0_lthread@temp              cstackBANK1   001BE
timer0_lthread@tptr              cstackBANK1   001B8
timer1_lthread@F5146             bssBANK0      00084
timer1_lthread@temp              cstackBANK1   001BE
timer1_lthread@tptr              cstackBANK1   001B8
turn@angle                       cstackBANK1   001BA
turn@test                        cstackBANK1   001BC
turn@tptr                        cstackBANK1   001B8
uart_lthread@index               cstackBANK1   001BD
uart_lthread@length              cstackBANK1   001B8
uart_lthread@msgbuffer           cstackBANK1   001BA
uart_lthread@msgtype             cstackBANK1   001B6
uart_lthread@status              cstackBANK1   001BC
uart_lthread@uptr                cstackBANK1   001B4
uart_trans_int_handler@curIndex  cstackCOMRAM  00021
uart_trans_int_handler@data      cstackCOMRAM  0001E
uart_trans_int_handler@length    cstackCOMRAM  00022
uart_trans_int_handler@msgtype   cstackCOMRAM  00020


FUNCTION INFORMATION:

 *************** function _main *****************
 Defined at:
		line 28 in file "src/main.c"
 Parameters:    Size  Location     Type
		None
 Auto vars:     Size  Location     Type
  ic             28   51[BANK2 ] struct __i2c_comm
  msgbuffer      11    0[BANK2 ] unsigned char [11]
  t1thread_dat   11   31[BANK2 ] struct __timer1_thread_s
  uthread_data   10   14[BANK2 ] struct __uart_thread_str
  t0thread_dat    9   42[BANK2 ] struct __timer0_thread_s
  uc              5   24[BANK2 ] struct __uart_comm
  length          1   30[BANK2 ] char 
  msgtype         1   29[BANK2 ] unsigned char 
  last_reg_rec    1   13[BANK2 ] unsigned char 
  UARTConfig      1   12[BANK2 ] unsigned char 
  baud            1   11[BANK2 ] unsigned char 
 Return value:  Size  Location     Type
		None               void
 Registers used:
		wreg, fsr1l, fsr1h, fsr2l, fsr2h, status,2, status,0, prodl, prodh, cstack
 Tracked objects:
		On entry : 
		On exit  : 
		Unchanged: 
 Data sizes:     COMRAM   BANK0   BANK1   BANK2   BANK3
      Params:         0       0       0       0       0
      Locals:         0       0       0      79       0
      Temps:          0       0       0       0       0
      Totals:         0       0       0      79       0
Total ram usage:       79 bytes
 Hardware stack levels required when called:   15
 This function calls:
		_OpenTimer0
		_OpenTimer1
		_OpenUSART
		_ToMainHigh_recvmsg
		_ToMainLow_recvmsg
		_block_on_To_msgqueues
		_enable_interrupts
		_i2c_configure_slave
		_init_i2c
		_init_queues
		_init_timer0_lthread
		_init_timer1_lthread
		_init_uart_lthread
		_init_uart_recv
		_move
		_start_i2c_slave_reply
		_stop
		_timer0_lthread
		_timer1_lthread
		_turn
		_uart_lthread
 This function is called by:
		Startup code after reset
 This function uses a non-reentrant model


 *************** function _uart_lthread *****************
 Defined at:
		line 12 in file "src/uart_thread.c"
 Parameters:    Size  Location     Type
  uptr            2   18[BANK1 ] PTR struct __uart_thread
		 -> main@uthread_data(10), 
  msgtype         2   20[BANK1 ] int 
  length          2   22[BANK1 ] int 
  msgbuffer       2   24[BANK1 ] PTR unsigned char 
		 -> main@msgbuffer(11), 
 Auto vars:     Size  Location     Type
  index           2   27[BANK1 ] int 
  status          1   26[BANK1 ] char 
 Return value:  Size  Location     Type
                  2   18[BANK1 ] int 
 Registers used:
		wreg, fsr1l, fsr1h, fsr2l, fsr2h, status,2, status,0, prodl, prodh, cstack
 Tracked objects:
		On entry : 
		On exit  : 
		Unchanged: 
 Data sizes:     COMRAM   BANK0   BANK1   BANK2   BANK3
      Params:         0       0       8       0       0
      Locals:         0       0       3       0       0
      Temps:          0       0       0       0       0
      Totals:         0       0      11       0       0
Total ram usage:       11 bytes
 Hardware stack levels used:    1
 Hardware stack levels required when called:   13
 This function calls:
		_FromMainLow_sendmsg
 This function is called by:
		_main
 This function uses a non-reentrant model


 *************** function _FromMainLow_sendmsg *****************
 Defined at:
		line 150 in file "src/messages.c"
 Parameters:    Size  Location     Type
  length          1    wreg     unsigned char 
  msgtype         1   15[BANK1 ] unsigned char 
  data            2   16[BANK1 ] PTR void 
		 -> main@uthread_data(10), 
 Auto vars:     Size  Location     Type
  length          1   36[BANK0 ] unsigned char 
 Return value:  Size  Location     Type
                  1    wreg      char 
 Registers used:
		wreg, fsr1l, fsr1h, fsr2l, fsr2h, status,2, status,0, prodl, prodh, cstack
 Tracked objects:
		On entry : 
		On exit  : 
		Unchanged: 
 Data sizes:     COMRAM   BANK0   BANK1   BANK2   BANK3
      Params:         0       0       3       0       0
      Locals:         0       1       0       0       0
      Temps:          0       0       0       0       0
      Totals:         0       1       3       0       0
Total ram usage:        4 bytes
 Hardware stack levels used:    1
 Hardware stack levels required when called:   12
 This function calls:
		_send_msg
 This function is called by:
		_uart_lthread
 This function uses a non-reentrant model


 *************** function _turn *****************
 Defined at:
		line 26 in file "src/motors.c"
 Parameters:    Size  Location     Type
  tptr            2   22[BANK1 ] PTR struct __timer0_thre
		 -> main@t0thread_data(9), 
  angle           2   24[BANK1 ] int 
 Auto vars:     Size  Location     Type
  test            2   26[BANK1 ] unsigned char [2]
 Return value:  Size  Location     Type
		None               void
 Registers used:
		wreg, fsr1l, fsr1h, fsr2l, fsr2h, status,2, status,0, prodl, prodh, cstack
 Tracked objects:
		On entry : 
		On exit  : 
		Unchanged: 
 Data sizes:     COMRAM   BANK0   BANK1   BANK2   BANK3
      Params:         0       0       4       0       0
      Locals:         0       0       2       0       0
      Temps:          0       0       0       0       0
      Totals:         0       0       6       0       0
Total ram usage:        6 bytes
 Hardware stack levels used:    1
 Hardware stack levels required when called:   14
 This function calls:
		_WriteTimer0
		_sendUARTarr
 This function is called by:
		_main
 This function uses a non-reentrant model


 *************** function _timer1_lthread *****************
 Defined at:
		line 16 in file "src/timer1_thread.c"
 Parameters:    Size  Location     Type
  tptr            2   22[BANK1 ] PTR struct __timer1_thre
		 -> main@t1thread_data(11), 
 Auto vars:     Size  Location     Type
  temp            2   28[BANK1 ] unsigned char [2]
 Return value:  Size  Location     Type
                  2   22[BANK1 ] int 
 Registers used:
		wreg, fsr1l, fsr1h, fsr2l, fsr2h, status,2, status,0, prodl, prodh, cstack
 Tracked objects:
		On entry : 
		On exit  : 
		Unchanged: 
 Data sizes:     COMRAM   BANK0   BANK1   BANK2   BANK3
      Params:         0       0       2       0       0
      Locals:         0       0       2       0       0
      Temps:          0       0       4       0       0
      Totals:         0       0       8       0       0
Total ram usage:        8 bytes
 Hardware stack levels used:    1
 Hardware stack levels required when called:   14
 This function calls:
		_WriteTimer1
		___lwmod
		_sendUARTarr
 This function is called by:
		_main
 This function uses a non-reentrant model


 *************** function _timer0_lthread *****************
 Defined at:
		line 16 in file "src/timer0_thread.c"
 Parameters:    Size  Location     Type
  tptr            2   22[BANK1 ] PTR struct __timer0_thre
		 -> main@t0thread_data(9), 
 Auto vars:     Size  Location     Type
  temp            2   28[BANK1 ] unsigned char [2]
 Return value:  Size  Location     Type
                  2   22[BANK1 ] int 
 Registers used:
		wreg, fsr1l, fsr1h, fsr2l, fsr2h, status,2, status,0, prodl, prodh, cstack
 Tracked objects:
		On entry : 
		On exit  : 
		Unchanged: 
 Data sizes:     COMRAM   BANK0   BANK1   BANK2   BANK3
      Params:         0       0       2       0       0
      Locals:         0       0       2       0       0
      Temps:          0       0       4       0       0
      Totals:         0       0       8       0       0
Total ram usage:        8 bytes
 Hardware stack levels used:    1
 Hardware stack levels required when called:   14
 This function calls:
		_WriteTimer0
		___lwmod
		_sendUARTarr
 This function is called by:
		_main
 This function uses a non-reentrant model


 *************** function ___lwmod *****************
 Defined at:
		line 8 in file "C:\Program Files (x86)\Microchip\xc8\v1.32\sources\common\lwmod.c"
 Parameters:    Size  Location     Type
  dividend        2   29[BANK0 ] unsigned int 
  divisor         2   31[BANK0 ] unsigned int 
 Auto vars:     Size  Location     Type
  counter         1   33[BANK0 ] unsigned char 
 Return value:  Size  Location     Type
                  2   29[BANK0 ] unsigned int 
 Registers used:
		wreg, status,2, status,0
 Tracked objects:
		On entry : 
		On exit  : 
		Unchanged: 
 Data sizes:     COMRAM   BANK0   BANK1   BANK2   BANK3
      Params:         0       4       0       0       0
      Locals:         0       1       0       0       0
      Temps:          0       0       0       0       0
      Totals:         0       5       0       0       0
Total ram usage:        5 bytes
 Hardware stack levels used:    1
 Hardware stack levels required when called:   10
 This function calls:
		Nothing
 This function is called by:
		_timer0_lthread
		_timer1_lthread
 This function uses a non-reentrant model


 *************** function _WriteTimer0 *****************
 Defined at:
		line 16 in file "C:\Program Files (x86)\Microchip\xc8\v1.32\sources\pic18\plib\Timers\t0write.c"
 Parameters:    Size  Location     Type
  timer0          2   29[BANK0 ] unsigned int 
 Auto vars:     Size  Location     Type
  timer           2   31[BANK0 ] struct Timers
 Return value:  Size  Location     Type
		None               void
 Registers used:
		None
 Tracked objects:
		On entry : 
		On exit  : 
		Unchanged: 
 Data sizes:     COMRAM   BANK0   BANK1   BANK2   BANK3
      Params:         0       2       0       0       0
      Locals:         0       2       0       0       0
      Temps:          0       0       0       0       0
      Totals:         0       4       0       0       0
Total ram usage:        4 bytes
 Hardware stack levels used:    1
 Hardware stack levels required when called:   10
 This function calls:
		Nothing
 This function is called by:
		_turn
		_timer0_lthread
 This function uses a non-reentrant model


 *************** function _stop *****************
 Defined at:
		line 40 in file "src/motors.c"
 Parameters:    Size  Location     Type
  tptr            2   22[BANK1 ] PTR struct __timer1_thre
		 -> main@t1thread_data(11), 
 Auto vars:     Size  Location     Type
  test            2   24[BANK1 ] unsigned char [2]
 Return value:  Size  Location     Type
		None               void
 Registers used:
		wreg, fsr1l, fsr1h, fsr2l, fsr2h, status,2, status,0, prodl, prodh, cstack
 Tracked objects:
		On entry : 
		On exit  : 
		Unchanged: 
 Data sizes:     COMRAM   BANK0   BANK1   BANK2   BANK3
      Params:         0       0       2       0       0
      Locals:         0       0       2       0       0
      Temps:          0       0       0       0       0
      Totals:         0       0       4       0       0
Total ram usage:        4 bytes
 Hardware stack levels used:    1
 Hardware stack levels required when called:   14
 This function calls:
		_WriteTimer1
		_sendUARTarr
 This function is called by:
		_main
 This function uses a non-reentrant model


 *************** function _WriteTimer1 *****************
 Defined at:
		line 14 in file "C:\Program Files (x86)\Microchip\xc8\v1.32\sources\pic18\plib\Timers\t1write.c"
 Parameters:    Size  Location     Type
  timer1          2   29[BANK0 ] unsigned int 
 Auto vars:     Size  Location     Type
  timer           2   31[BANK0 ] struct Timers
 Return value:  Size  Location     Type
		None               void
 Registers used:
		None
 Tracked objects:
		On entry : 
		On exit  : 
		Unchanged: 
 Data sizes:     COMRAM   BANK0   BANK1   BANK2   BANK3
      Params:         0       2       0       0       0
      Locals:         0       2       0       0       0
      Temps:          0       0       0       0       0
      Totals:         0       4       0       0       0
Total ram usage:        4 bytes
 Hardware stack levels used:    1
 Hardware stack levels required when called:   10
 This function calls:
		Nothing
 This function is called by:
		_stop
		_timer1_lthread
		_moveDist
 This function uses a non-reentrant model


 *************** function _start_i2c_slave_reply *****************
 Defined at:
		line 53 in file "src/my_i2c.c"
 Parameters:    Size  Location     Type
  length          1    wreg     unsigned char 
  msg             2   29[BANK0 ] PTR unsigned char 
		 -> main@msgbuffer(11), 
 Auto vars:     Size  Location     Type
  length          1   33[BANK0 ] unsigned char 
 Return value:  Size  Location     Type
		None               void
 Registers used:
		wreg, fsr1l, fsr1h, fsr2l, fsr2h, status,2, status,0, prodl, prodh
 Tracked objects:
		On entry : 
		On exit  : 
		Unchanged: 
 Data sizes:     COMRAM   BANK0   BANK1   BANK2   BANK3
      Params:         0       2       0       0       0
      Locals:         0       1       0       0       0
      Temps:          0       2       0       0       0
      Totals:         0       5       0       0       0
Total ram usage:        5 bytes
 Hardware stack levels used:    1
 Hardware stack levels required when called:   10
 This function calls:
		Nothing
 This function is called by:
		_main
 This function uses a non-reentrant model


 *************** function _move *****************
 Defined at:
		line 7 in file "src/motors.c"
 Parameters:    Size  Location     Type
  tptr            2   22[BANK1 ] PTR struct __timer1_thre
		 -> main@t1thread_data(11), 
 Auto vars:     Size  Location     Type
  test            2   24[BANK1 ] unsigned char [2]
 Return value:  Size  Location     Type
		None               void
 Registers used:
		wreg, fsr1l, fsr1h, fsr2l, fsr2h, status,2, status,0, prodl, prodh, cstack
 Tracked objects:
		On entry : 
		On exit  : 
		Unchanged: 
 Data sizes:     COMRAM   BANK0   BANK1   BANK2   BANK3
      Params:         0       0       2       0       0
      Locals:         0       0       2       0       0
      Temps:          0       0       0       0       0
      Totals:         0       0       4       0       0
Total ram usage:        4 bytes
 Hardware stack levels used:    1
 Hardware stack levels required when called:   14
 This function calls:
		_sendUARTarr
 This function is called by:
		_main
 This function uses a non-reentrant model


 *************** function _sendUARTarr *****************
 Defined at:
		line 85 in file "src/my_uart.c"
 Parameters:    Size  Location     Type
  length          1    wreg     unsigned char 
  data            2   18[BANK1 ] PTR unsigned char 
		 -> timer1_lthread@temp(2), timer0_lthread@temp(2), stop@test(2), turn@test(2), 
		 -> moveDist@test(2), move@test(2), 
 Auto vars:     Size  Location     Type
  length          1   21[BANK1 ] unsigned char 
  retval          1   20[BANK1 ] char 
 Return value:  Size  Location     Type
                  1    wreg      enum E4333
 Registers used:
		wreg, fsr1l, fsr1h, fsr2l, fsr2h, status,2, status,0, prodl, prodh, cstack
 Tracked objects:
		On entry : 
		On exit  : 
		Unchanged: 
 Data sizes:     COMRAM   BANK0   BANK1   BANK2   BANK3
      Params:         0       0       2       0       0
      Locals:         0       0       2       0       0
      Temps:          0       0       0       0       0
      Totals:         0       0       4       0       0
Total ram usage:        4 bytes
 Hardware stack levels used:    1
 Hardware stack levels required when called:   13
 This function calls:
		_ToMainLow_sendmsg
 This function is called by:
		_move
		_turn
		_stop
		_timer0_lthread
		_timer1_lthread
		_moveDist
 This function uses a non-reentrant model


 *************** function _ToMainLow_sendmsg *****************
 Defined at:
		line 103 in file "src/messages.c"
 Parameters:    Size  Location     Type
  length          1    wreg     unsigned char 
  msgtype         1   15[BANK1 ] unsigned char 
  data            2   16[BANK1 ] PTR void 
		 -> timer1_lthread@temp(2), timer0_lthread@temp(2), sendUARTbyte@temp(1), stop@test(2), 
		 -> turn@test(2), moveDist@test(2), move@test(2), main@uc(5), 
		 -> NULL(0), 
 Auto vars:     Size  Location     Type
  length          1   36[BANK0 ] unsigned char 
 Return value:  Size  Location     Type
                  1    wreg      char 
 Registers used:
		wreg, fsr1l, fsr1h, fsr2l, fsr2h, status,2, status,0, prodl, prodh, cstack
 Tracked objects:
		On entry : 
		On exit  : 
		Unchanged: 
 Data sizes:     COMRAM   BANK0   BANK1   BANK2   BANK3
      Params:         0       0       3       0       0
      Locals:         0       1       0       0       0
      Temps:          0       0       0       0       0
      Totals:         0       1       3       0       0
Total ram usage:        4 bytes
 Hardware stack levels used:    1
 Hardware stack levels required when called:   12
 This function calls:
		_send_msg
 This function is called by:
		_sendUARTarr
		_sendUARTbyte
 This function uses a non-reentrant model


 *************** function _send_msg *****************
 Defined at:
		line 24 in file "src/messages.c"
 Parameters:    Size  Location     Type
  qptr            2    4[BANK1 ] PTR struct __msg_queue
		 -> FromMainHigh_MQ(54), FromMainLow_MQ(54), ToMainHigh_MQ(54), ToMainLow_MQ(54), 
  length          1    6[BANK1 ] unsigned char 
  msgtype         1    7[BANK1 ] unsigned char 
  data            2    8[BANK1 ] PTR void 
		 -> timer1_lthread@temp(2), timer0_lthread@temp(2), sendUARTbyte@temp(1), i2c_int_handler@error_buf(3), 
		 -> stop@test(2), turn@test(2), moveDist@test(2), move@test(2), 
		 -> main@uthread_data(10), main@ic(28), main@uc(5), NULL(0), 
 Auto vars:     Size  Location     Type
  qmsg            2   13[BANK1 ] PTR struct __msg
		 -> FromMainLow_MQ.queue(52), FromMainHigh_MQ.queue(52), ToMainHigh_MQ.queue(52), ToMainLow_MQ.queue(52), 
		 -> FromMainHigh_MQ(54), FromMainLow_MQ(54), ToMainHigh_MQ(54), ToMainLow_MQ(54), 
  tlength         2   10[BANK1 ] unsigned int 
  slot            1   12[BANK1 ] unsigned char 
 Return value:  Size  Location     Type
                  1    wreg      char 
 Registers used:
		wreg, fsr1l, fsr1h, fsr2l, fsr2h, status,2, status,0, prodl, prodh, cstack
 Tracked objects:
		On entry : 
		On exit  : 
		Unchanged: 
 Data sizes:     COMRAM   BANK0   BANK1   BANK2   BANK3
      Params:         0       0       6       0       0
      Locals:         0       0       5       0       0
      Temps:          0       1       0       0       0
      Totals:         0       1      11       0       0
Total ram usage:       12 bytes
 Hardware stack levels used:    1
 Hardware stack levels required when called:   11
 This function calls:
		_memcpy
 This function is called by:
		_ToMainLow_sendmsg
		_FromMainLow_sendmsg
		_FromMainHigh_sendmsg
 This function uses a non-reentrant model


 *************** function _init_uart_recv *****************
 Defined at:
		line 80 in file "src/my_uart.c"
 Parameters:    Size  Location     Type
  uc              2   29[BANK0 ] PTR struct __uart_comm
		 -> main@uc(5), 
 Auto vars:     Size  Location     Type
		None
 Return value:  Size  Location     Type
		None               void
 Registers used:
		wreg, fsr2l, fsr2h, status,2, status,0
 Tracked objects:
		On entry : 
		On exit  : 
		Unchanged: 
 Data sizes:     COMRAM   BANK0   BANK1   BANK2   BANK3
      Params:         0       2       0       0       0
      Locals:         0       0       0       0       0
      Temps:          0       0       0       0       0
      Totals:         0       2       0       0       0
Total ram usage:        2 bytes
 Hardware stack levels used:    1
 Hardware stack levels required when called:   10
 This function calls:
		Nothing
 This function is called by:
		_main
 This function uses a non-reentrant model


 *************** function _init_uart_lthread *****************
 Defined at:
		line 7 in file "src/uart_thread.c"
 Parameters:    Size  Location     Type
  uptr            2   29[BANK0 ] PTR struct __uart_thread
		 -> main@uthread_data(10), 
 Auto vars:     Size  Location     Type
		None
 Return value:  Size  Location     Type
		None               void
 Registers used:
		None
 Tracked objects:
		On entry : 
		On exit  : 
		Unchanged: 
 Data sizes:     COMRAM   BANK0   BANK1   BANK2   BANK3
      Params:         0       2       0       0       0
      Locals:         0       0       0       0       0
      Temps:          0       0       0       0       0
      Totals:         0       2       0       0       0
Total ram usage:        2 bytes
 Hardware stack levels used:    1
 Hardware stack levels required when called:   10
 This function calls:
		Nothing
 This function is called by:
		_main
 This function uses a non-reentrant model


 *************** function _init_timer1_lthread *****************
 Defined at:
		line 7 in file "src/timer1_thread.c"
 Parameters:    Size  Location     Type
  tptr            2   29[BANK0 ] PTR struct __timer1_thre
		 -> main@t1thread_data(11), 
 Auto vars:     Size  Location     Type
		None
 Return value:  Size  Location     Type
		None               void
 Registers used:
		wreg, fsr2l, fsr2h, status,2, status,0
 Tracked objects:
		On entry : 
		On exit  : 
		Unchanged: 
 Data sizes:     COMRAM   BANK0   BANK1   BANK2   BANK3
      Params:         0       2       0       0       0
      Locals:         0       0       0       0       0
      Temps:          0       0       0       0       0
      Totals:         0       2       0       0       0
Total ram usage:        2 bytes
 Hardware stack levels used:    1
 Hardware stack levels required when called:   10
 This function calls:
		Nothing
 This function is called by:
		_main
 This function uses a non-reentrant model


 *************** function _init_timer0_lthread *****************
 Defined at:
		line 7 in file "src/timer0_thread.c"
 Parameters:    Size  Location     Type
  tptr            2   29[BANK0 ] PTR struct __timer0_thre
		 -> main@t0thread_data(9), 
 Auto vars:     Size  Location     Type
		None
 Return value:  Size  Location     Type
		None               void
 Registers used:
		wreg, fsr2l, fsr2h, status,2, status,0
 Tracked objects:
		On entry : 
		On exit  : 
		Unchanged: 
 Data sizes:     COMRAM   BANK0   BANK1   BANK2   BANK3
      Params:         0       2       0       0       0
      Locals:         0       0       0       0       0
      Temps:          0       0       0       0       0
      Totals:         0       2       0       0       0
Total ram usage:        2 bytes
 Hardware stack levels used:    1
 Hardware stack levels required when called:   10
 This function calls:
		Nothing
 This function is called by:
		_main
 This function uses a non-reentrant model


 *************** function _init_queues *****************
 Defined at:
		line 194 in file "src/messages.c"
 Parameters:    Size  Location     Type
		None
 Auto vars:     Size  Location     Type
		None
 Return value:  Size  Location     Type
		None               void
 Registers used:
		wreg, fsr2l, fsr2h, status,2, status,0, prodl, prodh, cstack
 Tracked objects:
		On entry : 
		On exit  : 
		Unchanged: 
 Data sizes:     COMRAM   BANK0   BANK1   BANK2   BANK3
      Params:         0       0       0       0       0
      Locals:         0       0       0       0       0
      Temps:          0       0       0       0       0
      Totals:         0       0       0       0       0
Total ram usage:        0 bytes
 Hardware stack levels used:    1
 Hardware stack levels required when called:   11
 This function calls:
		_init_queue
 This function is called by:
		_main
 This function uses a non-reentrant model


 *************** function _init_queue *****************
 Defined at:
		line 14 in file "src/messages.c"
 Parameters:    Size  Location     Type
  qptr            2   29[BANK0 ] PTR struct __msg_queue
		 -> FromMainHigh_MQ(54), FromMainLow_MQ(54), ToMainHigh_MQ(54), ToMainLow_MQ(54), 
 Auto vars:     Size  Location     Type
  i               1   31[BANK0 ] unsigned char 
 Return value:  Size  Location     Type
		None               void
 Registers used:
		wreg, fsr2l, fsr2h, status,2, status,0, prodl, prodh
 Tracked objects:
		On entry : 
		On exit  : 
		Unchanged: 
 Data sizes:     COMRAM   BANK0   BANK1   BANK2   BANK3
      Params:         0       2       0       0       0
      Locals:         0       1       0       0       0
      Temps:          0       0       0       0       0
      Totals:         0       3       0       0       0
Total ram usage:        3 bytes
 Hardware stack levels used:    1
 Hardware stack levels required when called:   10
 This function calls:
		Nothing
 This function is called by:
		_init_queues
 This function uses a non-reentrant model


 *************** function _init_i2c *****************
 Defined at:
		line 268 in file "src/my_i2c.c"
 Parameters:    Size  Location     Type
  ic              2   29[BANK0 ] PTR struct __i2c_comm
		 -> main@ic(28), 
 Auto vars:     Size  Location     Type
		None
 Return value:  Size  Location     Type
		None               void
 Registers used:
		wreg, fsr2l, fsr2h, status,2, status,0
 Tracked objects:
		On entry : 
		On exit  : 
		Unchanged: 
 Data sizes:     COMRAM   BANK0   BANK1   BANK2   BANK3
      Params:         0       2       0       0       0
      Locals:         0       0       0       0       0
      Temps:          0       0       0       0       0
      Totals:         0       2       0       0       0
Total ram usage:        2 bytes
 Hardware stack levels used:    1
 Hardware stack levels required when called:   10
 This function calls:
		Nothing
 This function is called by:
		_main
 This function uses a non-reentrant model


 *************** function _i2c_configure_slave *****************
 Defined at:
		line 279 in file "src/my_i2c.c"
 Parameters:    Size  Location     Type
  addr            1    wreg     unsigned char 
 Auto vars:     Size  Location     Type
  addr            1   29[BANK0 ] unsigned char 
 Return value:  Size  Location     Type
		None               void
 Registers used:
		wreg, status,2, status,0
 Tracked objects:
		On entry : 
		On exit  : 
		Unchanged: 
 Data sizes:     COMRAM   BANK0   BANK1   BANK2   BANK3
      Params:         0       0       0       0       0
      Locals:         0       1       0       0       0
[...]
      Params:         6       0       0       0       0
      Locals:         4       0       0       0       0
      Temps:          0       0       0       0       0
      Totals:        10       0       0       0       0
Total ram usage:       10 bytes
 Hardware stack levels used:    1
 Hardware stack levels required when called:    5
 This function calls:
		Nothing
 This function is called by:
		i1_send_msg
		i1_recv_msg
 This function uses a non-reentrant model


 *************** function _ReadUSART *****************
 Defined at:
		line 15 in file "C:\Program Files (x86)\Microchip\xc8\v1.32\sources\pic18\plib\USART\uread.c"
 Parameters:    Size  Location     Type
		None
 Auto vars:     Size  Location     Type
  data            1    0[COMRAM] unsigned char 
 Return value:  Size  Location     Type
                  1    wreg      unsigned char 
 Registers used:
		wreg, status,2, status,0
 Tracked objects:
		On entry : 
		On exit  : 
		Unchanged: 
 Data sizes:     COMRAM   BANK0   BANK1   BANK2   BANK3
      Params:         0       0       0       0       0
      Locals:         1       0       0       0       0
      Temps:          0       0       0       0       0
      Totals:         1       0       0       0       0
Total ram usage:        1 bytes
 Hardware stack levels used:    1
 Hardware stack levels required when called:    5
 This function calls:
		Nothing
 This function is called by:
		_uart_recv_int_handler
 This function uses a non-reentrant model


 *************** function _InterruptHandlerHigh *****************
 Defined at:
		line 84 in file "src/interrupts.c"
 Parameters:    Size  Location     Type
		None
 Auto vars:     Size  Location     Type
		None
 Return value:  Size  Location     Type
		None               void
 Registers used:
		wreg, fsr1l, fsr1h, fsr2l, fsr2h, status,2, status,0, prodl, prodh, cstack
 Tracked objects:
		On entry : 
		On exit  : 
		Unchanged: 
 Data sizes:     COMRAM   BANK0   BANK1   BANK2   BANK3
      Params:         0       0       0       0       0
      Locals:         0       0       0       0       0
      Temps:          0      14       0       0       0
      Totals:         0      14       0       0       0
Total ram usage:       14 bytes
 Hardware stack levels used:    1
 Hardware stack levels required when called:    4
 This function calls:
		_SleepIfOkay
		_ToMainHigh_sendmsg
		_i2c_int_handler
 This function is called by:
		Interrupt level 2
 This function uses a non-reentrant model


 *************** function _i2c_int_handler *****************
 Defined at:
		line 100 in file "src/my_i2c.c"
 Parameters:    Size  Location     Type
		None
 Auto vars:     Size  Location     Type
  error_buf       3    6[BANK0 ] unsigned char [3]
  data_read       1   14[BANK0 ] unsigned char 
  msg_ready       1   13[BANK0 ] unsigned char 
  msg_to_send     1   12[BANK0 ] unsigned char 
  i2c_data        1   11[BANK0 ] unsigned char 
  overrun_erro    1   10[BANK0 ] unsigned char 
  data_written    1    9[BANK0 ] unsigned char 
 Return value:  Size  Location     Type
		None               void
 Registers used:
		wreg, fsr1l, fsr1h, fsr2l, fsr2h, status,2, status,0, prodl, prodh, cstack
 Tracked objects:
		On entry : 
		On exit  : 
		Unchanged: 
 Data sizes:     COMRAM   BANK0   BANK1   BANK2   BANK3
      Params:         0       0       0       0       0
      Locals:         0       9       0       0       0
      Temps:          0       1       0       0       0
      Totals:         0      10       0       0       0
Total ram usage:       10 bytes
 Hardware stack levels used:    1
 Hardware stack levels required when called:    3
 This function calls:
		_ToMainHigh_sendmsg
		_handle_start
 This function is called by:
		_InterruptHandlerHigh
 This function uses a non-reentrant model


 *************** function _handle_start *****************
 Defined at:
		line 71 in file "src/my_i2c.c"
 Parameters:    Size  Location     Type
  data_read       1    wreg     unsigned char 
 Auto vars:     Size  Location     Type
  data_read       1   51[COMRAM] unsigned char 
 Return value:  Size  Location     Type
		None               void
 Registers used:
		wreg, fsr2l, fsr2h, status,2, status,0
 Tracked objects:
		On entry : 
		On exit  : 
		Unchanged: 
 Data sizes:     COMRAM   BANK0   BANK1   BANK2   BANK3
      Params:         0       0       0       0       0
      Locals:         1       0       0       0       0
      Temps:          0       0       0       0       0
      Totals:         1       0       0       0       0
Total ram usage:        1 bytes
 Hardware stack levels used:    1
 This function calls:
		Nothing
 This function is called by:
		_i2c_int_handler
 This function uses a non-reentrant model


 *************** function _ToMainHigh_sendmsg *****************
 Defined at:
		line 126 in file "src/messages.c"
 Parameters:    Size  Location     Type
  length          1    wreg     unsigned char 
  msgtype         1   68[COMRAM] unsigned char 
  data            2   69[COMRAM] PTR void 
		 -> i2c_int_handler@error_buf(3), main@ic(28), NULL(0), 
 Auto vars:     Size  Location     Type
  length          1   71[COMRAM] unsigned char 
 Return value:  Size  Location     Type
                  1    wreg      char 
 Registers used:
		wreg, fsr1l, fsr1h, fsr2l, fsr2h, status,2, status,0, prodl, prodh, cstack
 Tracked objects:
		On entry : 
		On exit  : 
		Unchanged: 
 Data sizes:     COMRAM   BANK0   BANK1   BANK2   BANK3
      Params:         3       0       0       0       0
      Locals:         1       0       0       0       0
      Temps:          0       0       0       0       0
      Totals:         4       0       0       0       0
Total ram usage:        4 bytes
 Hardware stack levels used:    1
 Hardware stack levels required when called:    2
 This function calls:
		i2_send_msg
 This function is called by:
		_InterruptHandlerHigh
		_i2c_int_handler
 This function uses a non-reentrant model


 *************** function i2_send_msg *****************
 Defined at:
		line 24 in file "src/messages.c"
 Parameters:    Size  Location     Type
  qptr            2   61[COMRAM] PTR struct __msg_queue
		 -> FromMainHigh_MQ(54), FromMainLow_MQ(54), ToMainHigh_MQ(54), ToMainLow_MQ(54), 
  length          1   63[COMRAM] unsigned char 
  msgtype         1   64[COMRAM] unsigned char 
  data            2   65[COMRAM] PTR void 
		 -> timer1_lthread@temp(2), timer0_lthread@temp(2), sendUARTbyte@temp(1), i2c_int_handler@error_buf(3), 
		 -> stop@test(2), turn@test(2), moveDist@test(2), move@test(2), 
		 -> main@uthread_data(10), main@ic(28), main@uc(5), NULL(0), 
 Auto vars:     Size  Location     Type
  send_msg        2    3[BANK0 ] PTR struct __msg
		 -> FromMainLow_MQ.queue(52), FromMainHigh_MQ.queue(52), ToMainHigh_MQ.queue(52), ToMainLow_MQ.queue(52), 
		 -> FromMainHigh_MQ(54), FromMainLow_MQ(54), ToMainHigh_MQ(54), ToMainLow_MQ(54), 
  send_msg        2    0[BANK0 ] unsigned int 
  send_msg        1    2[BANK0 ] unsigned char 
 Return value:  Size  Location     Type
                  1    wreg      char 
 Registers used:
		wreg, fsr1l, fsr1h, fsr2l, fsr2h, status,2, status,0, prodl, prodh, cstack
 Tracked objects:
		On entry : 
		On exit  : 
		Unchanged: 
 Data sizes:     COMRAM   BANK0   BANK1   BANK2   BANK3
      Params:         6       0       0       0       0
      Locals:         0       5       0       0       0
      Temps:          1       0       0       0       0
      Totals:         7       5       0       0       0
Total ram usage:       12 bytes
 Hardware stack levels used:    1
 Hardware stack levels required when called:    1
 This function calls:
		i2_memcpy
 This function is called by:
		_ToMainHigh_sendmsg
 This function uses a non-reentrant model


 *************** function i2_memcpy *****************
 Defined at:
		line 11 in file "C:\Program Files (x86)\Microchip\xc8\v1.32\sources\common\memcpy.c"
 Parameters:    Size  Location     Type
  d1              2   51[COMRAM] PTR void 
		 -> FromMainLow_MQ.queue(52), FromMainHigh_MQ.queue(52), ToMainHigh_MQ.queue(52), ToMainLow_MQ.queue(52), 
		 -> FromMainHigh_MQ(54), FromMainLow_MQ(54), ToMainHigh_MQ(54), ToMainLow_MQ(54), 
		 -> main@msgbuffer(11), NULL(0), 
  s1              2   53[COMRAM] PTR const void 
		 -> ToMainLow_MQ.data(10), ToMainHigh_MQ.data(10), FromMainLow_MQ.data(10), FromMainHigh_MQ.data(10), 
		 -> ToMainLow_MQ.queue.data(10), ToMainHigh_MQ.queue.data(10), FromMainHigh_MQ.queue.data(10), FromMainLow_MQ.queue.data(10), 
		 -> timer1_lthread@temp(2), timer0_lthread@temp(2), sendUARTbyte@temp(1), i2c_int_handler@error_buf(3), 
		 -> stop@test(2), turn@test(2), moveDist@test(2), move@test(2), 
		 -> FromMainHigh_MQ(54), FromMainLow_MQ(54), ToMainHigh_MQ(54), ToMainLow_MQ(54), 
		 -> main@uthread_data(10), main@ic(28), main@uc(5), NULL(0), 
  n               2   55[COMRAM] unsigned int 
 Auto vars:     Size  Location     Type
  memcpy          2   59[COMRAM] PTR const unsigned char 
		 -> ToMainLow_MQ.data(10), ToMainHigh_MQ.data(10), FromMainLow_MQ.data(10), FromMainHigh_MQ.data(10), 
		 -> ToMainLow_MQ.queue.data(10), ToMainHigh_MQ.queue.data(10), FromMainHigh_MQ.queue.data(10), FromMainLow_MQ.queue.data(10), 
		 -> timer1_lthread@temp(2), timer0_lthread@temp(2), sendUARTbyte@temp(1), i2c_int_handler@error_buf(3), 
		 -> stop@test(2), turn@test(2), moveDist@test(2), move@test(2), 
		 -> FromMainHigh_MQ(54), FromMainLow_MQ(54), ToMainHigh_MQ(54), ToMainLow_MQ(54), 
		 -> main@uthread_data(10), main@ic(28), main@uc(5), NULL(0), 
  memcpy          2   57[COMRAM] PTR unsigned char 
		 -> FromMainLow_MQ.queue(52), FromMainHigh_MQ.queue(52), ToMainHigh_MQ.queue(52), ToMainLow_MQ.queue(52), 
		 -> FromMainHigh_MQ(54), FromMainLow_MQ(54), ToMainHigh_MQ(54), ToMainLow_MQ(54), 
		 -> main@msgbuffer(11), NULL(0), 
 Return value:  Size  Location     Type
                  2   51[COMRAM] PTR void 
 Registers used:
		wreg, fsr1l, fsr1h, fsr2l, fsr2h, status,2, status,0
 Tracked objects:
		On entry : 
		On exit  : 
		Unchanged: 
 Data sizes:     COMRAM   BANK0   BANK1   BANK2   BANK3
      Params:         6       0       0       0       0
      Locals:         4       0       0       0       0
      Temps:          0       0       0       0       0
      Totals:        10       0       0       0       0
Total ram usage:       10 bytes
 Hardware stack levels used:    1
 This function calls:
		Nothing
 This function is called by:
		i2_send_msg
 This function uses a non-reentrant model


 *************** function _SleepIfOkay *****************
 Defined at:
		line 226 in file "src/messages.c"
 Parameters:    Size  Location     Type
		None
 Auto vars:     Size  Location     Type
		None
 Return value:  Size  Location     Type
		None               void
 Registers used:
		wreg, fsr2l, fsr2h, status,2, status,0, prodl, prodh, cstack
 Tracked objects:
		On entry : 
		On exit  : 
		Unchanged: 
 Data sizes:     COMRAM   BANK0   BANK1   BANK2   BANK3
      Params:         0       0       0       0       0
      Locals:         0       0       0       0       0
      Temps:          0       0       0       0       0
      Totals:         0       0       0       0       0
Total ram usage:        0 bytes
 Hardware stack levels used:    1
 Hardware stack levels required when called:    2
 This function calls:
		_enter_sleep_mode
		i2_check_msg
		i2_in_high_int
		i2_in_low_int
 This function is called by:
		_InterruptHandlerHigh
 This function uses a non-reentrant model


 *************** function i2_in_low_int *****************
 Defined at:
		line 31 in file "src/interrupts.c"
 Parameters:    Size  Location     Type
		None
 Auto vars:     Size  Location     Type
		None
 Return value:  Size  Location     Type
                  2   53[COMRAM] int 
 Registers used:
		wreg, status,2, status,0, cstack
 Tracked objects:
		On entry : 
		On exit  : 
		Unchanged: 
 Data sizes:     COMRAM   BANK0   BANK1   BANK2   BANK3
      Params:         2       0       0       0       0
      Locals:         0       0       0       0       0
      Temps:          0       0       0       0       0
      Totals:         2       0       0       0       0
Total ram usage:        2 bytes
 Hardware stack levels used:    1
 Hardware stack levels required when called:    1
 This function calls:
		i2_in_high_int
 This function is called by:
		_SleepIfOkay
 This function uses a non-reentrant model


 *************** function i2_in_high_int *****************
 Defined at:
		line 23 in file "src/interrupts.c"
 Parameters:    Size  Location     Type
		None
 Auto vars:     Size  Location     Type
		None
 Return value:  Size  Location     Type
                  2   51[COMRAM] int 
 Registers used:
		wreg, status,2
 Tracked objects:
		On entry : 
		On exit  : 
		Unchanged: 
 Data sizes:     COMRAM   BANK0   BANK1   BANK2   BANK3
      Params:         2       0       0       0       0
      Locals:         0       0       0       0       0
      Temps:          0       0       0       0       0
      Totals:         2       0       0       0       0
Total ram usage:        2 bytes
 Hardware stack levels used:    1
 This function calls:
		Nothing
 This function is called by:
		_SleepIfOkay
		i2_in_low_int
 This function uses a non-reentrant model


 *************** function i2_check_msg *****************
 Defined at:
		line 220 in file "src/messages.c"
 Parameters:    Size  Location     Type
  qptr            2   51[COMRAM] PTR struct __msg_queue
		 -> ToMainHigh_MQ(54), ToMainLow_MQ(54), 
 Auto vars:     Size  Location     Type
		None
 Return value:  Size  Location     Type
                  1    wreg      unsigned char 
 Registers used:
		wreg, fsr2l, fsr2h, status,2, status,0, prodl, prodh
 Tracked objects:
		On entry : 
		On exit  : 
		Unchanged: 
 Data sizes:     COMRAM   BANK0   BANK1   BANK2   BANK3
      Params:         2       0       0       0       0
      Locals:         0       0       0       0       0
      Temps:          1       0       0       0       0
      Totals:         3       0       0       0       0
Total ram usage:        3 bytes
 Hardware stack levels used:    1
 This function calls:
		Nothing
 This function is called by:
		_SleepIfOkay
 This function uses a non-reentrant model


 *************** function _enter_sleep_mode *****************
 Defined at:
		line 202 in file "src/messages.c"
 Parameters:    Size  Location     Type
		None
 Auto vars:     Size  Location     Type
		None
 Return value:  Size  Location     Type
		None               void
 Registers used:
		None
 Tracked objects:
		On entry : 
		On exit  : 
		Unchanged: 
 Data sizes:     COMRAM   BANK0   BANK1   BANK2   BANK3
      Params:         0       0       0       0       0
      Locals:         0       0       0       0       0
      Temps:          0       0       0       0       0
      Totals:         0       0       0       0       0
Total ram usage:        0 bytes
 Hardware stack levels used:    1
 This function calls:
		Nothing
 This function is called by:
		_SleepIfOkay
 This function uses a non-reentrant model



MODULE INFORMATION

Module		Function		Class		Link	Load	Size
src/uart_thread.c
		_init_uart_lthr		CODE           	1C9A	0000	2
		_uart_lthread  		CODE           	1054	0000	188

src/uart_thread.c estimated size: 190

C:\Program Files (x86)\Microchip\xc8\v1.32\sources\common\lwmod.c
		___lwmod       		CODE           	15D6	0000	96

C:\Program Files (x86)\Microchip\xc8\v1.32\sources\common\lwmod.c estimated size: 96

C:\Program Files (x86)\Microchip\xc8\v1.32\sources\pic18\plib\Timers\t0open.c
		_OpenTimer0    		CODE           	1B44	0000	38

C:\Program Files (x86)\Microchip\xc8\v1.32\sources\pic18\plib\Timers\t0open.c estimated size: 38

C:\Program Files (x86)\Microchip\xc8\v1.32\sources\pic18\plib\Timers\t1write.c
		_WriteTimer1   		CODE           	1C5E	0000	18

C:\Program Files (x86)\Microchip\xc8\v1.32\sources\pic18\plib\Timers\t1write.c estimated size: 18

src/my_uart.c
		_sendUARTarr   		CODE           	1A6C	0000	46
		_uart_trans_int		CODE           	1740	0000	86
		_init_uart_recv		CODE           	1BFC	0000	30
		_uart_recv_int_		CODE           	125A	0000	148

src/my_uart.c estimated size: 310

C:\Program Files (x86)\Microchip\xc8\v1.32\sources\pic18\plib\USART\uopen.c
		_OpenUSART     		CODE           	148A	0000	130

C:\Program Files (x86)\Microchip\xc8\v1.32\sources\pic18\plib\USART\uopen.c estimated size: 130

C:\Program Files (x86)\Microchip\xc8\v1.32\sources\pic18\plib\Timers\t0write.c
		_WriteTimer0   		CODE           	1C4C	0000	18

C:\Program Files (x86)\Microchip\xc8\v1.32\sources\pic18\plib\Timers\t0write.c estimated size: 18

C:\Program Files (x86)\Microchip\xc8\v1.32\sources\common\memcpy.c
		_memcpy        		CODE           	1692	0000	88

C:\Program Files (x86)\Microchip\xc8\v1.32\sources\common\memcpy.c estimated size: 88

src/messages.c
		_ToMainHigh_sen		CODE           	1BB4	0000	36
		_ToMainHigh_rec		CODE           	19A4	0000	54
		_block_on_To_ms		CODE           	1636	0000	92
		_check_msg     		CODE           	19DA	0000	50
		_FromMainLow_se		CODE           	1A3E	0000	46
		_ToMainLow_send		CODE           	1A9A	0000	46
		_ToMainLow_recv		CODE           	196E	0000	54
		_FromMainLow_re		CODE           	1B6A	0000	38
		_enter_sleep_mo		CODE           	1C94	0000	6
		_send_msg      		CODE           	0B32	0000	240
		_init_queue    		CODE           	1572	0000	100
		_init_queues   		CODE           	16EA	0000	86
		_recv_msg      		CODE           	090C	0000	290
		_SleepIfOkay   		CODE           	1796	0000	78

src/messages.c estimated size: 1216

src/motors.c
		_turn          		CODE           	11BA	0000	160
		_stop          		CODE           	182E	0000	70
		_move          		CODE           	17E4	0000	74

src/motors.c estimated size: 304

src/my_i2c.c
		_start_i2c_slav		CODE           	0A2E	0000	260
		_handle_start  		CODE           	0EC8	0000	198
		_i2c_configure_		CODE           	1AF6	0000	40
		_init_i2c      		CODE           	150C	0000	102
		_i2c_int_handle		CODE           	00D2	0000	1378

src/my_i2c.c estimated size: 1978

src/timer0_thread.c
		_init_timer0_lt		CODE           	1402	0000	136
		_timer0_lthread		CODE           	0D0C	0000	234

src/timer0_thread.c estimated size: 370

src/main.c
		_main          		CODE           	0634	0000	728

src/main.c estimated size: 728

C:\Program Files (x86)\Microchip\xc8\v1.32\sources\pic18\d1ktcyx.c
		_Delay1KTCYx   		CODE           	1C38	0000	20

C:\Program Files (x86)\Microchip\xc8\v1.32\sources\pic18\d1ktcyx.c estimated size: 20

src/interrupts.c
		_enable_interru		CODE           	1C8C	0000	8
		_in_low_int    		CODE           	18F4	0000	62
		_in_main       		CODE           	1932	0000	60
		_in_high_int   		CODE           	1C70	0000	16
		_InterruptHandl		CODE           	0018	0000	182
		_InterruptHandl		CODE           	0008	0000	4978

src/interrupts.c estimated size: 5306

shared
		i1_send_msg    		CODE           	1110	0000	170
		i2_send_msg    		CODE           	0F8E	0000	198
		i2_in_high_int 		CODE           	1C80	0000	12
		i1_recv_msg    		CODE           	0DF6	0000	210
		__initializatio		CODE           	1B1E	0000	28
		i2_in_low_int  		CODE           	1AC8	0000	46
		i1_ToMainLow_se		CODE           	1B90	0000	36
		i1_memcpy      		CODE           	1874	0000	64
		i2_memcpy      		CODE           	18B4	0000	64
		i2_check_msg   		CODE           	1BD8	0000	36

shared estimated size: 864

C:\Program Files (x86)\Microchip\xc8\v1.32\sources\pic18\plib\USART\uread.c
		_ReadUSART     		CODE           	1C1A	0000	30

C:\Program Files (x86)\Microchip\xc8\v1.32\sources\pic18\plib\USART\uread.c estimated size: 30

C:\Program Files (x86)\Microchip\xc8\v1.32\sources\pic18\plib\Timers\t1open.c
		_OpenTimer1    		CODE           	1A0C	0000	50

C:\Program Files (x86)\Microchip\xc8\v1.32\sources\pic18\plib\Timers\t1open.c estimated size: 50

src/timer1_thread.c
		_timer1_lthread		CODE           	0C22	0000	234
		_init_timer1_lt		CODE           	137A	0000	136

src/timer1_thread.c estimated size: 370

