Microchip MPLAB XC8 Compiler V1.30 ()

Linker command line:

--edf=E:\MPLAB\xc8\v1.30\dat\en_msgs.txt -cs \
  -h+dist/default/production\UART_F45J10.X.production.sym \
  --cmf=dist/default/production\UART_F45J10.X.production.cmf -z -Q18F45J10 \
  -oC:\Users\Escher\AppData\Local\Temp\svb8.6 \
  -Mdist/default/production/UART_F45J10.X.production.map -E1 -ver=XC8 \
  -ASTACK=02ECh-03ffh -pstack=STACK -ACODE=00h-07FF7h -ACONST=00h-07FF7h \
  -ASMALLCONST=0400h-04FFhx123,07F00h-07FF7h -AMEDIUMCONST=0400h-07FF7h \
  -ACOMRAM=01h-07Fh -AABS1=00h-03FFh -ABIGRAM=01h-03FFh \
  -ARAM=080h-0FFh,0100h-01FFhx3 -ABANK0=080h-0FFh -ABANK1=0100h-01FFh \
  -ABANK2=0200h-02FFh -ABANK3=0300h-03FFh -ASFR=0F80h-0FFFh \
  -preset_vec=00h,intcode=08h,intcodelo=018h,powerup,init,end_init \
  -pramtop=0400h -psmallconst=SMALLCONST -pmediumconst=MEDIUMCONST \
  -pconst=CONST -AFARRAM=00h-00h -ACONFIG=07FF8h-07FFDh -pconfig=CONFIG \
  -pjflash_buffer=07800h \
  -prdata=COMRAM,nvrram=COMRAM,nvbit=COMRAM,rbss=COMRAM,rbit=COMRAM \
  -pfarbss=FARRAM,fardata=FARRAM,nvFARRAM=FARRAM \
  -pintsave_regs=BIGRAM,bigbss=BIGRAM,bigdata=BIGRAM -pbss=RAM \
  -pidata=CODE,irdata=CODE,ibigdata=CODE,ifardata=CODE \
  C:\Users\Escher\AppData\Local\Temp\svb8.obj \
  dist/default/production\UART_F45J10.X.production.obj 

Object code version is 3.11

Machine type is 18F45J10

Call graph: (short form)




                Name                               Link     Load   Length Selector   Space Scale
C:\Users\Escher\AppData\Local\Temp\svb8.obj
                end_init                             C2       C2        4        C       0
                reset_vec                             0        0        4        0       0
                config                             7FF8     7FF8        6     7FF8       0
dist/default/production\UART_F45J10.X.production.obj
                intcodelo                            18       18       AA        C       0
                intcode                               8        8        C        4       0
                text56                             1FEA     1FEA        6        C       0
                text55                             1DE2     1DE2       36        C       0
                text54                             1FD0     1FD0       12        C       0
                text53                             1B7C     1B7C       46        C       0
                text52                             19C0     19C0       66        C       0
                text51                             1A84     1A84       5E        C       0
                text50                             105C     105C      104        C       0
                text49                             1DAC     1DAC       36        C       0
                text48                             130A     130A       CC        C       0
                text47                               C6       C6      65A        C       0
                text46                              D14      D14      136        C       0
                text45                             1C48     1C48       42        C       0
                text44                             1FBE     1FBE       12        C       0
                text43                             16EC     16EC       8A        C       0
                intcode_body                       1776     1776       82        C       0
                text41                             1C8A     1C8A       40        C       0
                text40                             148A     148A       AA        C       0
                text39                             1EF0     1EF0       22        C       0
                text38                             1FAC     1FAC       12        C       0
                text37                             1F9A     1F9A       12        C       0
                text36                             1E18     1E18       30        C       0
                text35                             1F30     1F30       1E        C       0
                text34                             1534     1534       9C        C       0
                text33                             1238     1238       D2        C       0
                text32                             1EC8     1EC8       28        C       0
                text31                             13D6     13D6       B4        C       0
                text29                             1E76     1E76       2A        C       0
                text28                             1D08     1D08       38        C       0
                text27                             15D0     15D0       92        C       0
                text26                             1A26     1A26       5E        C       0
                text25                              BDE      BDE      136        C       0
                text24                             1C06     1C06       42        C       0
                text23                             1CCA     1CCA       3E        C       0
                text22                             1F4E     1F4E       16        C       0
                text21                             1D76     1D76       36        C       0
                text20                             1F88     1F88       12        C       0
                text19                             1B36     1B36       46        C       0
                text18                             1BC2     1BC2       44        C       0
                text17                             1872     1872       7A        C       0
                text16                             1FE2     1FE2        8        C       0
                text15                             1EA0     1EA0       28        C       0
                text14                             1956     1956       6A        C       0
                text13                             17F8     17F8       7A        C       0
                text12                             18EC     18EC       6A        C       0
                text11                             1AE2     1AE2       54        C       0
                text10                             1FF0     1FF0        2        C       0
                text9                              1F12     1F12       1E        C       0
                text8                               E4A      E4A      10E        C       0
                text7                              1F76     1F76       12        C       0
                text6                              1F64     1F64       12        C       0
                text5                              1662     1662       8A        C       0
                text4                               A5A      A5A      184        C       0
                text3                               F58      F58      104        C       0
                text2                              1D40     1D40       36        C       0
                text1                              1160     1160       D8        C       0
                text0                               720      720      33A        C       0
                cstackCOMRAM                          1        1       3B        1       1
                cstackBANK0                          80       80       4B       80       1
                cstackBANK1                         100      100       C8      100       1
                cstackBANK2                         200      200       80      200       1
                bssBANK2                            280      280       6C      200       1
                bssBANK1                            1C8      1C8       36      100       1
                bssCOMRAM                            3C       3C       38        1       1
                cinit                              1E48     1E48       2E        C       0
                nvBANK0                              CB       CB        2       80       1
                nvCOMRAM                             74       74        2        1       1

TOTAL           Name                               Link     Load   Length     Space
        CLASS   STACK          

        CLASS   CODE           
                end_init                             C2       C2        4         0
                intcodelo                            18       18       AA         0
                intcode                               8        8        C         0
                reset_vec                             0        0        4         0
                text56                             1FEA     1FEA        6         0
                text55                             1DE2     1DE2       36         0
                text54                             1FD0     1FD0       12         0
                text53                             1B7C     1B7C       46         0
                text52                             19C0     19C0       66         0
                text51                             1A84     1A84       5E         0
                text50                             105C     105C      104         0
                text49                             1DAC     1DAC       36         0
                text48                             130A     130A       CC         0
                text47                               C6       C6      65A         0
                text46                              D14      D14      136         0
                text45                             1C48     1C48       42         0
                text44                             1FBE     1FBE       12         0
                text43                             16EC     16EC       8A         0
                intcode_body                       1776     1776       82         0
                text41                             1C8A     1C8A       40         0
                text40                             148A     148A       AA         0
                text39                             1EF0     1EF0       22         0
                text38                             1FAC     1FAC       12         0
                text37                             1F9A     1F9A       12         0
                text36                             1E18     1E18       30         0
                text35                             1F30     1F30       1E         0
                text34                             1534     1534       9C         0
                text33                             1238     1238       D2         0
                text32                             1EC8     1EC8       28         0
                text31                             13D6     13D6       B4         0
                text29                             1E76     1E76       2A         0
                text28                             1D08     1D08       38         0
                text27                             15D0     15D0       92         0
                text26                             1A26     1A26       5E         0
                text25                              BDE      BDE      136         0
                text24                             1C06     1C06       42         0
                text23                             1CCA     1CCA       3E         0
                text22                             1F4E     1F4E       16         0
                text21                             1D76     1D76       36         0
                text20                             1F88     1F88       12         0
                text19                             1B36     1B36       46         0
                text18                             1BC2     1BC2       44         0
                text17                             1872     1872       7A         0
                text16                             1FE2     1FE2        8         0
                text15                             1EA0     1EA0       28         0
                text14                             1956     1956       6A         0
                text13                             17F8     17F8       7A         0
                text12                             18EC     18EC       6A         0
                text11                             1AE2     1AE2       54         0
                text10                             1FF0     1FF0        2         0
                text9                              1F12     1F12       1E         0
                text8                               E4A      E4A      10E         0
                text7                              1F76     1F76       12         0
                text6                              1F64     1F64       12         0
                text5                              1662     1662       8A         0
                text4                               A5A      A5A      184         0
                text3                               F58      F58      104         0
                text2                              1D40     1D40       36         0
                text1                              1160     1160       D8         0
                text0                               720      720      33A         0
                cinit                              1E48     1E48       2E         0

        CLASS   CONST          

        CLASS   SMALLCONST     

        CLASS   MEDIUMCONST    

        CLASS   COMRAM         
                cstackCOMRAM                          1        1       3B         1
                bssCOMRAM                            3C       3C       38         1
                nvCOMRAM                             74       74        2         1

        CLASS   ABS1           

        CLASS   BIGRAM         

        CLASS   RAM            

        CLASS   BANK0          
                cstackBANK0                          80       80       4B         1
                nvBANK0                              CB       CB        2         1

        CLASS   BANK1          
                cstackBANK1                         100      100       C8         1
                bssBANK1                            1C8      1C8       36         1

        CLASS   BANK2          
                cstackBANK2                         200      200       80         1
                bssBANK2                            280      280       6C         1

        CLASS   BANK3          

        CLASS   SFR            

        CLASS   FARRAM         

        CLASS   CONFIG         
                config                             7FF8     7FF8        6         0

        CLASS   IDLOC          



SEGMENTS        Name                           Load    Length   Top    Selector   Space  Class

                reset_vec                      000000  000004  000004         0       0  CODE    
                cstackCOMRAM                   000001  000075  000076         1       1  COMRAM  
                intcode                        000008  00000C  000014         4       0  CODE    
                intcodelo                      000018  001FDA  001FF2         C       0  CODE    
                cstackBANK0                    000080  00004D  0000CD        80       1  BANK0   
                cstackBANK1                    000100  0000FE  0001FE       100       1  BANK1   
                cstackBANK2                    000200  0000EC  0002EC       200       1  BANK2   
                config                         007FF8  000006  007FFE      7FF8       0  CONFIG  


UNUSED ADDRESS RANGES

        Name                Unused          Largest block    Delta
        BANK0            000CD-000FF              33
        BANK1            001FE-001FF               2
        BANK2            002EC-002FF              14
        BANK3            00300-003FF             100
        BIGRAM           00076-0007F               A
                         000CD-000FF              33
                         001FE-001FF               2
                         002EC-003FF             114
        CODE             00004-00007               4
                         00014-00017               4
                         01FF2-07FF7            6006
        COMRAM           00076-0007F               A
        CONST            00004-00007               4
                         00014-00017               4
                         01FF2-07FF7            6006
        MEDIUMCONST      01FF2-07FF7            6006
        RAM              000CD-000FF              33
                         001FE-001FF               2
                         002EC-003FF              14
        SFR              00F80-00FFF              80
        SMALLCONST       01FF2-07FF7             100
        STACK            002EC-003FF             114

                                  Symbol Table

?_ReadTimer1                     cstackBANK0   000B3
?___lwmod                        cstackBANK0   000B3
?_in_high_int                    cstackBANK0   000B3
?_in_low_int                     cstackBANK0   000B5
?_in_main                        cstackBANK0   000B7
?i1_ReadTimer1                   cstackCOMRAM  00001
?i2_in_high_int                  cstackBANK0   00080
?i2_in_low_int                   cstackBANK0   00082
Delay1KTCYx@unit                 cstackBANK0   000B3
FromMainHigh_recvmsg@data        cstackBANK0   0009A
FromMainHigh_recvmsg@maxlength   cstackBANK0   0009C
FromMainHigh_recvmsg@msgtype     cstackBANK0   00098
FromMainLow_recvmsg@data         cstackCOMRAM  0001B
FromMainLow_recvmsg@maxlength    cstackCOMRAM  0001D
FromMainLow_recvmsg@msgtype      cstackCOMRAM  00019
FromMainLow_sendmsg@data         cstackBANK1   00101
FromMainLow_sendmsg@length       cstackBANK0   000C9
FromMainLow_sendmsg@msgtype      cstackBANK1   00100
OpenTimer0@config                cstackBANK0   000B3
OpenTimer1@config                cstackBANK0   000B3
OpenUSART@config                 cstackBANK0   000B8
OpenUSART@spbrg                  cstackBANK0   000B3
ReadTimer1@timer                 cstackBANK0   000B5
ReadUSART@data                   cstackCOMRAM  00001
ToMainHigh_recvmsg@data          cstackBANK1   00102
ToMainHigh_recvmsg@maxlength     cstackBANK1   00104
ToMainHigh_recvmsg@msgtype       cstackBANK1   00100
ToMainHigh_sendmsg@data          cstackBANK0   00097
ToMainHigh_sendmsg@length        cstackBANK0   00099
ToMainHigh_sendmsg@msgtype       cstackBANK0   00096
ToMainLow_recvmsg@data           cstackBANK1   00102
ToMainLow_recvmsg@maxlength      cstackBANK1   00104
ToMainLow_recvmsg@msgtype        cstackBANK1   00100
ToMainLow_sendmsg@data           cstackCOMRAM  00018
ToMainLow_sendmsg@length         cstackCOMRAM  0001A
ToMainLow_sendmsg@msgtype        cstackCOMRAM  00017
WriteTimer0@timer                cstackBANK0   00082
WriteTimer0@timer0               cstackBANK0   00080
WriteTimer1@timer                cstackCOMRAM  00003
WriteTimer1@timer1               cstackCOMRAM  00001
_ADCON1                          (abs)         00FC1
_CMCON                           (abs)         00FB4
_Delay1KTCYx                     text22        01F4E
_FromMainHigh_MQ                 bssBANK2      00280
_FromMainHigh_recvmsg            text45        01C48
_FromMainLow_MQ                  bssBANK2      002B6
_FromMainLow_recvmsg             text32        01EC8
_FromMainLow_sendmsg             text2         01D40
_INTCONbits                      (abs)         00FF2
_IPR1bits                        (abs)         00F9F
_InterruptHandlerHigh            intcode       00008
_InterruptHandlerLow             intcodelo     00018
_LATA                            (abs)         00F89
_LATB                            (abs)         00F8A
_MQ_Main_Willing_to_block        bssCOMRAM     0003C
_OSCCON                          (abs)         00FD3
_OSCCONbits                      (abs)         00FD3
_OSCTUNEbits                     (abs)         00F9B
_OpenTimer0                      text29        01E76
_OpenTimer1                      text28        01D08
_OpenUSART                       text27        015D0
_PIE1bits                        (abs)         00F9D
_PIR1bits                        (abs)         00F9E
_PORTA                           (abs)         00F80
_RCONbits                        (abs)         00FD0
_RCREG                           (abs)         00FAE
_RCSTA                           (abs)         00FAB
_RCSTAbits                       (abs)         00FAB
_ReadTimer1                      text6         01F64
_ReadUSART                       text35        01F30
_SPBRG                           (abs)         00FAF
_SPBRGH                          (abs)         00FB0
_SSPADD                          (abs)         00FC8
_SSPBUF                          (abs)         00FC9
_SSPCON1                         (abs)         00FC6
_SSPCON1bits                     (abs)         00FC6
_SSPCON2                         (abs)         00FC5
_SSPCON2bits                     (abs)         00FC5
_SSPSTAT                         (abs)         00FC7
_SSPSTATbits                     (abs)         00FC7
_SleepIfOkay                     text52        019C0
_T0CON                           (abs)         00FD5
_T0CONbits                       (abs)         00FD5
_T1CON                           (abs)         00FCD
_T1CONbits                       (abs)         00FCD
_TMR0H                           (abs)         00FD7
_TMR0L                           (abs)         00FD6
_TMR1H                           (abs)         00FCF
_TMR1L                           (abs)         00FCE
_TRISA                           (abs)         00F92
_TRISB                           (abs)         00F93
_TRISCbits                       (abs)         00F94
_TXREG                           (abs)         00FAD
_TXSTA                           (abs)         00FAC
_TXSTAbits                       (abs)         00FAC
_ToMainHigh_MQ                   bssBANK1      001C8
_ToMainHigh_recvmsg              text24        01C06
_ToMainHigh_sendmsg              text49        01DAC
_ToMainLow_MQ                    bssCOMRAM     0003E
_ToMainLow_recvmsg               text23        01CCA
_ToMainLow_sendmsg               text39        01EF0
_USART_Status                    bssCOMRAM     0003D
_WriteTimer0                     text44        01FBE
_WriteTimer1                     text38        01FAC
__CFG_CCP2MX$DEFAULT             (abs)         00000
__CFG_CP0$OFF                    (abs)         00000
__CFG_FCMEN$ON                   (abs)         00000
__CFG_FOSC$HSPLL                 (abs)         00000
__CFG_FOSC2$ON                   (abs)         00000
__CFG_IESO$ON                    (abs)         00000
__CFG_STVREN$OFF                 (abs)         00000
__CFG_WDTEN$OFF                  (abs)         00000
__CFG_WDTPS$32768                (abs)         00000
__CFG_XINST$OFF                  (abs)         00000
__HRAM                           (abs)         00000
__Habs1                          abs1          00000
__Hbank0                         bank0         00000
__Hbank1                         bank1         00000
__Hbank2                         bank2         00000
__Hbank3                         bank3         00000
__Hbigbss                        bigbss        00000
__Hbigdata                       bigdata       00000
__Hbigram                        bigram        00000
__Hbss                           bss           00000
__HbssBANK1                      bssBANK1      00000
__HbssBANK2                      bssBANK2      00000
__HbssCOMRAM                     bssCOMRAM     00000
__Hcinit                         cinit         00000
__Hclrtext                       clrtext       00000
__Hcomram                        comram        00000
__Hconfig                        config        07FFE
__Hconst                         const         00000
__HcstackBANK0                   cstackBANK0   00000
__HcstackBANK1                   cstackBANK1   00000
__HcstackBANK2                   cstackBANK2   00000
__HcstackCOMRAM                  cstackCOMRAM  00000
__Hdata                          data          00000
__Hend_init                      end_init      000C6
__Hfarbss                        farbss        00000
__Hfardata                       fardata       00000
__Hibigdata                      ibigdata      00000
__Hidata                         idata         00000
__Hidloc                         idloc         00000
__Hifardata                      ifardata      00000
__Hinit                          init          000C2
__Hintcode                       intcode       00014
__Hintcode_body                  intcode_body  00000
__Hintcodelo                     intcodelo     000C2
__Hintentry                      intentry      00000
__Hintret                        intret        00000
__Hintsave_regs                  intsave_regs  00000
__Hirdata                        irdata        00000
__Hjflash_buffer                 jflash_buffer 07800
__Hmediumconst                   mediumconst   00000
__HnvBANK0                       nvBANK0       00000
__HnvCOMRAM                      nvCOMRAM      00000
__HnvFARRAM                      nvFARRAM      00000
__Hnvbit                         nvbit         00000
__Hnvrram                        nvrram        00000
__Hparam                         param0        00000
__Hparam0                        param0        00000
__Hpowerup                       powerup       000C2
__Hram                           ram           00000
__Hramtop                        ramtop        00400
__Hrbit                          rbit          00000
__Hrbss                          rbss          00000
__Hrdata                         rdata         00000
__Hreset_vec                     reset_vec     00004
__Hsfr                           sfr           00000
__Hsmallconst                    smallconst    00000
__Hstack                         stack         00000
__Hstruct                        struct        00000
__Htemp                          temp          00000
__Htext                          text          00000
__Htext0                         text0         00000
__Htext1                         text1         00000
__Htext10                        text10        00000
__Htext11                        text11        00000
__Htext12                        text12        00000
__Htext13                        text13        00000
__Htext14                        text14        00000
__Htext15                        text15        00000
__Htext16                        text16        00000
__Htext17                        text17        00000
__Htext18                        text18        00000
__Htext19                        text19        00000
__Htext2                         text2         00000
__Htext20                        text20        00000
__Htext21                        text21        00000
__Htext22                        text22        00000
__Htext23                        text23        00000
__Htext24                        text24        00000
__Htext25                        text25        00000
__Htext26                        text26        00000
__Htext27                        text27        00000
__Htext28                        text28        00000
__Htext29                        text29        00000
__Htext3                         text3         00000
__Htext31                        text31        00000
__Htext32                        text32        00000
__Htext33                        text33        00000
__Htext34                        text34        00000
__Htext35                        text35        00000
__Htext36                        text36        00000
__Htext37                        text37        00000
__Htext38                        text38        00000
__Htext39                        text39        00000
__Htext4                         text4         00000
__Htext40                        text40        00000
__Htext41                        text41        00000
__Htext43                        text43        00000
__Htext44                        text44        00000
__Htext45                        text45        00000
__Htext46                        text46        00000
__Htext47                        text47        00000
__Htext48                        text48        00000
__Htext49                        text49        00000
__Htext5                         text5         00000
__Htext50                        text50        00000
__Htext51                        text51        00000
__Htext52                        text52        00000
__Htext53                        text53        00000
__Htext54                        text54        00000
__Htext55                        text55        00000
__Htext56                        text56        00000
__Htext6                         text6         00000
__Htext7                         text7         00000
__Htext8                         text8         00000
__Htext9                         text9         00000
__LRAM                           (abs)         00001
__Labs1                          abs1          00000
__Lbank0                         bank0         00000
__Lbank1                         bank1         00000
__Lbank2                         bank2         00000
__Lbank3                         bank3         00000
__Lbigbss                        bigbss        00000
__Lbigdata                       bigdata       00000
__Lbigram                        bigram        00000
__Lbss                           bss           00000
__LbssBANK1                      bssBANK1      00000
__LbssBANK2                      bssBANK2      00000
__LbssCOMRAM                     bssCOMRAM     00000
__Lcinit                         cinit         00000
__Lclrtext                       clrtext       00000
__Lcomram                        comram        00000
__Lconfig                        config        07FF8
__Lconst                         const         00000
__LcstackBANK0                   cstackBANK0   00000
__LcstackBANK1                   cstackBANK1   00000
__LcstackBANK2                   cstackBANK2   00000
__LcstackCOMRAM                  cstackCOMRAM  00000
__Ldata                          data          00000
__Lend_init                      end_init      000C2
__Lfarbss                        farbss        00000
__Lfardata                       fardata       00000
__Libigdata                      ibigdata      00000
__Lidata                         idata         00000
__Lidloc                         idloc         00000
__Lifardata                      ifardata      00000
__Linit                          init          000C2
__Lintcode                       intcode       00008
__Lintcode_body                  intcode_body  00000
__Lintcodelo                     intcodelo     00018
__Lintentry                      intentry      00000
__Lintret                        intret        00000
__Lintsave_regs                  intsave_regs  00000
__Lirdata                        irdata        00000
__Ljflash_buffer                 jflash_buffer 07800
__Lmediumconst                   mediumconst   00000
__LnvBANK0                       nvBANK0       00000
__LnvCOMRAM                      nvCOMRAM      00000
__LnvFARRAM                      nvFARRAM      00000
__Lnvbit                         nvbit         00000
__Lnvrram                        nvrram        00000
__Lparam                         param0        00000
__Lparam0                        param0        00000
__Lpowerup                       powerup       000C2
__Lram                           ram           00000
__Lramtop                        ramtop        00400
__Lrbit                          rbit          00000
__Lrbss                          rbss          00000
__Lrdata                         rdata         00000
__Lreset_vec                     reset_vec     00000
__Lsfr                           sfr           00000
__Lsmallconst                    smallconst    00000
__Lstack                         stack         00000
__Lstruct                        struct        00000
__Ltemp                          temp          00000
__Ltext                          text          00000
__Ltext0                         text0         00000
__Ltext1                         text1         00000
__Ltext10                        text10        00000
__Ltext11                        text11        00000
__Ltext12                        text12        00000
__Ltext13                        text13        00000
__Ltext14                        text14        00000
__Ltext15                        text15        00000
__Ltext16                        text16        00000
__Ltext17                        text17        00000
__Ltext18                        text18        00000
__Ltext19                        text19        00000
__Ltext2                         text2         00000
__Ltext20                        text20        00000
__Ltext21                        text21        00000
__Ltext22                        text22        00000
__Ltext23                        text23        00000
__Ltext24                        text24        00000
__Ltext25                        text25        00000
__Ltext26                        text26        00000
__Ltext27                        text27        00000
__Ltext28                        text28        00000
__Ltext29                        text29        00000
__Ltext3                         text3         00000
__Ltext31                        text31        00000
__Ltext32                        text32        00000
__Ltext33                        text33        00000
__Ltext34                        text34        00000
__Ltext35                        text35        00000
__Ltext36                        text36        00000
__Ltext37                        text37        00000
__Ltext38                        text38        00000
__Ltext39                        text39        00000
__Ltext4                         text4         00000
__Ltext40                        text40        00000
__Ltext41                        text41        00000
__Ltext43                        text43        00000
__Ltext44                        text44        00000
__Ltext45                        text45        00000
__Ltext46                        text46        00000
__Ltext47                        text47        00000
__Ltext48                        text48        00000
__Ltext49                        text49        00000
__Ltext5                         text5         00000
__Ltext50                        text50        00000
__Ltext51                        text51        00000
__Ltext52                        text52        00000
__Ltext53                        text53        00000
__Ltext54                        text54        00000
__Ltext55                        text55        00000
__Ltext56                        text56        00000
__Ltext6                         text6         00000
__Ltext7                         text7         00000
__Ltext8                         text8         00000
__Ltext9                         text9         00000
__S0                             (abs)         07FFE
__S1                             (abs)         002EC
__S2                             (abs)         00000
___extmem_base                   (abs)         20000
___inthi_sp                      stack         00000
___intlo_sp                      stack         00000
___lwmod                         text5         01662
___lwmod@counter                 cstackBANK0   000B8
___lwmod@dividend                cstackBANK0   000B3
___lwmod@divisor                 cstackBANK0   000B5
___sp                            stack         00000
__accesstop                      (abs)         00080
__activetblptr                   (abs)         00002
__end_of_Delay1KTCYx             text22        01F64
__end_of_FromMainHigh_recvmsg    text45        01C8A
__end_of_FromMainLow_recvmsg     text32        01EF0
__end_of_FromMainLow_sendmsg     text2         01D76
__end_of_InterruptHandlerHigh    intcode_body  017F8
__end_of_InterruptHandlerLow     intcodelo     000C2
__end_of_OpenTimer0              text29        01EA0
__end_of_OpenTimer1              text28        01D40
__end_of_OpenUSART               text27        01662
__end_of_ReadTimer1              text6         01F76
__end_of_ReadUSART               text35        01F4E
__end_of_SleepIfOkay             text52        01A26
__end_of_ToMainHigh_recvmsg      text24        01C48
__end_of_ToMainHigh_sendmsg      text49        01DE2
__end_of_ToMainLow_recvmsg       text23        01D08
__end_of_ToMainLow_sendmsg       text39        01F12
__end_of_WriteTimer0             text44        01FD0
__end_of_WriteTimer1             text38        01FBE
__end_of___lwmod                 text5         016EC
__end_of__initialization         cinit         01E6C
__end_of_block_on_To_msgqueues   text17        018EC
__end_of_check_msg               text21        01DAC
__end_of_enable_interrupts       text16        01FEA
__end_of_enter_sleep_mode        text56        01FF0
__end_of_handle_start            text48        013D6
__end_of_i2c_configure_slave     text15        01EC8
__end_of_i2c_int_handler         text47        00720
__end_of_in_high_int             text20        01F9A
__end_of_in_low_int              text19        01B7C
__end_of_in_main                 text18        01C06
__end_of_init_i2c                text14        019C0
__end_of_init_queue              text13        01872
__end_of_init_queues             text12        01956
__end_of_init_timer1_lthread     text11        01B36
__end_of_init_uart_lthread       text10        01FF2
__end_of_init_uart_recv          text9         01F30
__end_of_main                    text0         00A5A
__end_of_memcpy                  text26        01A84
__end_of_recv_msg                text25        00D14
__end_of_send_msg                text3         0105C
__end_of_start_i2c_slave_reply   text8         00F58
__end_of_timer0_int_handler      text43        01776
__end_of_timer0_lthread          text7         01F88
__end_of_timer1_int_handler      text36        01E48
__end_of_timer1_lthread          text4         00BDE
__end_of_uart_lthread            text1         01238
__end_of_uart_recv_int_handler   text34        015D0
__end_of_uart_trans_int_handler  text31        0148A
__end_ofi1_ReadTimer1            text37        01FAC
__end_ofi1_memcpy                text41        01CCA
__end_ofi1_recv_msg              text33        0130A
__end_ofi1_send_msg              text40        01534
__end_ofi2_check_msg             text55        01E18
__end_ofi2_in_high_int           text54        01FE2
__end_ofi2_in_low_int            text53        01BC2
__end_ofi2_memcpy                text51        01AE2
__end_ofi2_recv_msg              text46        00E4A
__end_ofi2_send_msg              text50        01160
__initialization                 cinit         01E48
__mediumconst                    mediumconst   00000
__pbssBANK1                      bssBANK1      001C8
__pbssBANK2                      bssBANK2      00280
__pbssCOMRAM                     bssCOMRAM     0003C
__pcinit                         cinit         01E48
__pcstackBANK0                   cstackBANK0   00080
__pcstackBANK1                   cstackBANK1   00100
__pcstackBANK2                   cstackBANK2   00200
__pcstackCOMRAM                  cstackCOMRAM  00001
__pintcode                       intcode       00008
__pintcode_body                  intcode_body  01776
__pintcodelo                     intcodelo     00018
__pnvBANK0                       nvBANK0       000CB
__pnvCOMRAM                      nvCOMRAM      00074
__ptext0                         text0         00720
__ptext1                         text1         01160
__ptext10                        text10        01FF0
__ptext11                        text11        01AE2
__ptext12                        text12        018EC
__ptext13                        text13        017F8
__ptext14                        text14        01956
__ptext15                        text15        01EA0
__ptext16                        text16        01FE2
__ptext17                        text17        01872
__ptext18                        text18        01BC2
__ptext19                        text19        01B36
__ptext2                         text2         01D40
__ptext20                        text20        01F88
__ptext21                        text21        01D76
__ptext22                        text22        01F4E
__ptext23                        text23        01CCA
__ptext24                        text24        01C06
__ptext25                        text25        00BDE
__ptext26                        text26        01A26
__ptext27                        text27        015D0
__ptext28                        text28        01D08
__ptext29                        text29        01E76
__ptext3                         text3         00F58
__ptext31                        text31        013D6
__ptext32                        text32        01EC8
__ptext33                        text33        01238
__ptext34                        text34        01534
__ptext35                        text35        01F30
__ptext36                        text36        01E18
__ptext37                        text37        01F9A
__ptext38                        text38        01FAC
__ptext39                        text39        01EF0
__ptext4                         text4         00A5A
__ptext40                        text40        0148A
__ptext41                        text41        01C8A
__ptext43                        text43        016EC
__ptext44                        text44        01FBE
__ptext45                        text45        01C48
__ptext46                        text46        00D14
__ptext47                        text47        000C6
__ptext48                        text48        0130A
__ptext49                        text49        01DAC
__ptext5                         text5         01662
__ptext50                        text50        0105C
__ptext51                        text51        01A84
__ptext52                        text52        019C0
__ptext53                        text53        01B7C
__ptext54                        text54        01FD0
__ptext55                        text55        01DE2
__ptext56                        text56        01FEA
__ptext6                         text6         01F64
__ptext7                         text7         01F76
__ptext8                         text8         00E4A
__ptext9                         text9         01F12
__ramtop                         ramtop        00400
__size_of_Delay1KTCYx            (abs)         00000
__size_of_FromMainHigh_recvmsg   (abs)         00000
__size_of_FromMainLow_recvmsg    (abs)         00000
__size_of_FromMainLow_sendmsg    (abs)         00000
__size_of_InterruptHandlerHigh   (abs)         00000
__size_of_InterruptHandlerLow    (abs)         00000
__size_of_OpenTimer0             (abs)         00000
__size_of_OpenTimer1             (abs)         00000
__size_of_OpenUSART              (abs)         00000
__size_of_ReadTimer1             (abs)         00000
__size_of_ReadUSART              (abs)         00000
__size_of_SleepIfOkay            (abs)         00000
__size_of_ToMainHigh_recvmsg     (abs)         00000
__size_of_ToMainHigh_sendmsg     (abs)         00000
__size_of_ToMainLow_recvmsg      (abs)         00000
__size_of_ToMainLow_sendmsg      (abs)         00000
__size_of_WriteTimer0            (abs)         00000
__size_of_WriteTimer1            (abs)         00000
__size_of___lwmod                (abs)         00000
__size_of_block_on_To_msgqueues  (abs)         00000
__size_of_check_msg              (abs)         00000
__size_of_enable_interrupts      (abs)         00000
__size_of_enter_sleep_mode       (abs)         00000
__size_of_handle_start           (abs)         00000
__size_of_i2c_configure_slave    (abs)         00000
__size_of_i2c_int_handler        (abs)         00000
__size_of_in_high_int            (abs)         00000
__size_of_in_low_int             (abs)         00000
__size_of_in_main                (abs)         00000
__size_of_init_i2c               (abs)         00000
__size_of_init_queue             (abs)         00000
__size_of_init_queues            (abs)         00000
__size_of_init_timer1_lthread    (abs)         00000
__size_of_init_uart_lthread      (abs)         00000
__size_of_init_uart_recv         (abs)         00000
__size_of_main                   (abs)         00000
__size_of_memcpy                 (abs)         00000
__size_of_recv_msg               (abs)         00000
__size_of_send_msg               (abs)         00000
__size_of_start_i2c_slave_reply  (abs)         00000
__size_of_timer0_int_handler     (abs)         00000
__size_of_timer0_lthread         (abs)         00000
__size_of_timer1_int_handler     (abs)         00000
__size_of_timer1_lthread         (abs)         00000
__size_of_uart_lthread           (abs)         00000
__size_of_uart_recv_int_handler  (abs)         00000
__size_of_uart_trans_int_handler (abs)         00000
__size_ofi1_ReadTimer1           (abs)         00000
__size_ofi1_memcpy               (abs)         00000
__size_ofi1_recv_msg             (abs)         00000
__size_ofi1_send_msg             (abs)         00000
__size_ofi2_check_msg            (abs)         00000
__size_ofi2_in_high_int          (abs)         00000
__size_ofi2_in_low_int           (abs)         00000
__size_ofi2_memcpy               (abs)         00000
__size_ofi2_recv_msg             (abs)         00000
__size_ofi2_send_msg             (abs)         00000
__smallconst                     smallconst    00000
_block_on_To_msgqueues           text17        01872
_check_msg                       text21        01D76
_enable_interrupts               text16        01FE2
_enter_sleep_mode                text56        01FEA
_handle_start                    text48        0130A
_i2c_configure_slave             text15        01EA0
_i2c_int_handler                 text47        000C6
_ic_ptr                          nvBANK0       000CB
_in_high_int                     text20        01F88
_in_low_int                      text19        01B36
_in_main                         text18        01BC2
_init_i2c                        text14        01956
_init_queue                      text13        017F8
_init_queues                     text12        018EC
_init_timer1_lthread             text11        01AE2
_init_uart_lthread               text10        01FF0
_init_uart_recv                  text9         01F12
_main                            text0         00720
_memcpy                          text26        01A26
_recv_msg                        text25        00BDE
_send_msg                        text3         00F58
_start_i2c_slave_reply           text8         00E4A
_timer0_int_handler              text43        016EC
_timer0_lthread                  text7         01F76
_timer1_int_handler              text36        01E18
_timer1_lthread                  text4         00A5A
_uart_lthread                    text1         01160
_uart_recv_int_handler           text34        01534
_uart_trans_int_handler          text31        013D6
_uc_ptr                          nvCOMRAM      00074
check_msg@qptr                   cstackBANK0   000B3
end_of_initialization            cinit         01E6C
handle_start@data_read           cstackBANK0   00080
i1ReadTimer1@timer               cstackCOMRAM  00003
i1_ReadTimer1                    text37        01F9A
i1_memcpy                        text41        01C8A
i1_recv_msg                      text33        01238
i1_send_msg                      text40        0148A
i1memcpy@d                       cstackCOMRAM  00007
i1memcpy@d1                      cstackCOMRAM  00001
i1memcpy@n                       cstackCOMRAM  00005
i1memcpy@s                       cstackCOMRAM  00009
i1memcpy@s1                      cstackCOMRAM  00003
i1recv_msg@data                  cstackCOMRAM  00010
i1recv_msg@maxlength             cstackCOMRAM  0000D
i1recv_msg@msgtype               cstackCOMRAM  0000E
i1recv_msg@qmsg                  cstackCOMRAM  00017
i1recv_msg@qptr                  cstackCOMRAM  0000B
i1recv_msg@slot                  cstackCOMRAM  00014
i1recv_msg@tlength               cstackCOMRAM  00015
i1send_msg@data                  cstackCOMRAM  0000F
i1send_msg@length                cstackCOMRAM  0000D
i1send_msg@msgtype               cstackCOMRAM  0000E
i1send_msg@qmsg                  cstackCOMRAM  00015
i1send_msg@qptr                  cstackCOMRAM  0000B
i1send_msg@slot                  cstackCOMRAM  00014
i1send_msg@tlength               cstackCOMRAM  00012
i2_check_msg                     text55        01DE2
i2_in_high_int                   text54        01FD0
i2_in_low_int                    text53        01B7C
i2_memcpy                        text51        01A84
i2_recv_msg                      text46        00D14
i2_send_msg                      text50        0105C
i2c_configure_slave@addr         cstackBANK0   000B3
i2c_int_handler@data_read        cstackBANK0   000A4
i2c_int_handler@data_written     cstackBANK0   0009F
i2c_int_handler@error_buf        cstackBANK0   0009C
i2c_int_handler@i2c_data         cstackBANK0   000A1
i2c_int_handler@msg_ready        cstackBANK0   000A3
i2c_int_handler@msg_to_send      cstackBANK0   000A2
i2c_int_handler@overrun_error    cstackBANK0   000A0
i2check_msg@qptr                 cstackBANK0   00080
i2memcpy@d                       cstackBANK0   00086
i2memcpy@d1                      cstackBANK0   00080
i2memcpy@n                       cstackBANK0   00084
i2memcpy@s                       cstackBANK0   00088
i2memcpy@s1                      cstackBANK0   00082
i2recv_msg@data                  cstackBANK0   0008F
i2recv_msg@maxlength             cstackBANK0   0008C
i2recv_msg@msgtype               cstackBANK0   0008D
i2recv_msg@qmsg                  cstackBANK0   00096
i2recv_msg@qptr                  cstackBANK0   0008A
i2recv_msg@slot                  cstackBANK0   00093
i2recv_msg@tlength               cstackBANK0   00094
i2send_msg@data                  cstackBANK0   0008E
i2send_msg@length                cstackBANK0   0008C
i2send_msg@msgtype               cstackBANK0   0008D
i2send_msg@qmsg                  cstackBANK0   00094
i2send_msg@qptr                  cstackBANK0   0008A
i2send_msg@slot                  cstackBANK0   00093
i2send_msg@tlength               cstackBANK0   00091
init_i2c@ic                      cstackBANK0   000B3
init_queue@i                     cstackBANK0   000B6
init_queue@qptr                  cstackBANK0   000B3
init_timer1_lthread@tptr         cstackBANK0   000B3
init_uart_lthread@uptr           cstackBANK0   000B3
init_uart_recv@uc                cstackBANK0   000B3
int_func                         intcode_body  01776
intlevel0                        text          00000
intlevel1                        text          00000
intlevel2                        text          00000
intlevel3                        text          00000
main@UARTConfig                  cstackBANK1   00122
main@baud                        cstackBANK1   00121
main@ic                          cstackBANK1   001AC
main@last_reg_recvd              cstackBANK1   00120
main@length                      cstackBANK1   001AB
main@msgbuffer                   cstackBANK1   00115
main@msgtype                     cstackBANK1   001AA
main@t0thread_data               cstackBANK1   00113
main@t1thread_data               cstackBANK1   00128
main@uc                          cstackBANK1   00123
main@uthread_data                cstackBANK2   00200
memcpy@d                         cstackBANK0   000B9
memcpy@d1                        cstackBANK0   000B3
memcpy@n                         cstackBANK0   000B7
memcpy@s                         cstackBANK0   000BB
memcpy@s1                        cstackBANK0   000B5
recv_msg@data                    cstackBANK0   000C2
recv_msg@maxlength               cstackBANK0   000BF
recv_msg@msgtype                 cstackBANK0   000C0
recv_msg@qmsg                    cstackBANK0   000C9
recv_msg@qptr                    cstackBANK0   000BD
recv_msg@slot                    cstackBANK0   000C6
recv_msg@tlength                 cstackBANK0   000C7
send_msg@data                    cstackBANK0   000C1
send_msg@length                  cstackBANK0   000BF
send_msg@msgtype                 cstackBANK0   000C0
send_msg@qmsg                    cstackBANK0   000C7
send_msg@qptr                    cstackBANK0   000BD
send_msg@slot                    cstackBANK0   000C6
send_msg@tlength                 cstackBANK0   000C4
stackhi                          (abs)         003FF
stacklo                          (abs)         002EC
start                            init          000C2
start_i2c_slave_reply@length     cstackBANK0   000B7
start_i2c_slave_reply@msg        cstackBANK0   000B3
start_initialization             cinit         01E48
timer0_int_handler@length        cstackBANK0   0009E
timer0_int_handler@msgtype       cstackBANK0   000A0
timer0_int_handler@val           cstackBANK0   000A2
timer0_lthread@length            cstackBANK0   000B7
timer0_lthread@msgbuffer         cstackBANK0   000B9
timer0_lthread@msgtype           cstackBANK0   000B5
timer0_lthread@msgval            cstackBANK0   000BB
timer0_lthread@tptr              cstackBANK0   000B3
timer1_int_handler@result        cstackCOMRAM  0001C
timer1_lthread@even              cstackBANK1   00107
timer1_lthread@length            cstackBANK0   000BD
timer1_lthread@msgbuffer         cstackBANK0   000BF
timer1_lthread@msgtype           cstackBANK0   000BB
timer1_lthread@retval            cstackBANK1   00106
timer1_lthread@tptr              cstackBANK0   000B9
timer1_lthread@x                 cstackBANK1   00100
timer1_lthread@y                 cstackBANK1   00102
timer1_lthread@z                 cstackBANK1   00104
uart_lthread@a                   cstackBANK1   0010B
uart_lthread@b                   cstackBANK1   0010D
uart_lthread@c                   cstackBANK1   0010F
uart_lthread@length              cstackBANK1   00107
uart_lthread@msgbuffer           cstackBANK1   00109
uart_lthread@msgtype             cstackBANK1   00105
uart_lthread@status              cstackBANK1   00111
uart_lthread@uptr                cstackBANK1   00103
uart_trans_int_handler@curIndex  cstackCOMRAM  00027
uart_trans_int_handler@data      cstackCOMRAM  00029
uart_trans_int_handler@l         cstackCOMRAM  0001F
uart_trans_int_handler@length    cstackCOMRAM  00026
uart_trans_int_handler@m         cstackCOMRAM  00021
uart_trans_int_handler@msgtype   cstackCOMRAM  00028
uart_trans_int_handler@n         cstackCOMRAM  00023
uart_trans_int_handler@numBytes  cstackCOMRAM  00025


FUNCTION INFORMATION:

 *************** function _main *****************
 Defined at:
		line 186 in file "src/main.c"
 Parameters:    Size  Location     Type
		None
 Auto vars:     Size  Location     Type
  t1thread_dat  130   40[BANK1 ] struct __timer1_thread_s
  uthread_data  128    0[BANK2 ] struct __uart_thread_str
  ic             28  172[BANK1 ] struct __i2c_comm
  msgbuffer      11   21[BANK1 ] unsigned char [11]
  uc              5   35[BANK1 ] struct __uart_comm
  t0thread_dat    2   19[BANK1 ] struct __timer0_thread_s
  length          1  171[BANK1 ] char 
  msgtype         1  170[BANK1 ] unsigned char 
  UARTConfig      1   34[BANK1 ] unsigned char 
  baud            1   33[BANK1 ] unsigned char 
  last_reg_rec    1   32[BANK1 ] unsigned char 
  i               1    0        unsigned char 
  c               1    0        unsigned char 
 Return value:  Size  Location     Type
		None               void
 Registers used:
		wreg, fsr0l, fsr0h, fsr1l, fsr1h, fsr1l, fsr1h, fsr2l, fsr2h, status,2, status,0, pclat, btemp, btemp+1, btemp+2, btemp+3, btemp+4, btemp+5, btemp+6, btemp+7, btemp+8, btemp+9, btemp+10, btemp+11, tosl, structret, tblptrl, tblptrh, tblptru, prodl, prodh, bsr, cstack
 Tracked objects:
		On entry : 
		On exit  : 
		Unchanged: 
 Data sizes:     COMRAM   BANK0   BANK1   BANK2   BANK3
      Params:         0       0       0       0       0
      Locals:         0       0     181     128       0
      Temps:          0       0       1       0       0
      Totals:         0       0     182     128       0
Total ram usage:      310 bytes
 Hardware stack levels required when called:   14
 This function calls:
		_OpenTimer0
		_OpenTimer1
		_OpenUSART
		_ToMainHigh_recvmsg
		_ToMainLow_recvmsg
		_block_on_To_msgqueues
		_enable_interrupts
		_i2c_configure_slave
		_init_i2c
		_init_queues
		_init_timer1_lthread
		_init_uart_lthread
		_init_uart_recv
		_start_i2c_slave_reply
		_timer0_lthread
		_timer1_lthread
		_uart_lthread
 This function is called by:
		Startup code after reset
 This function uses a non-reentrant model


 *************** function _uart_lthread *****************
 Defined at:
		line 12 in file "src/uart_thread.c"
 Parameters:    Size  Location     Type
  uptr            2    3[BANK1 ] PTR struct __uart_thread
		 -> main@uthread_data(128), 
  msgtype         2    5[BANK1 ] int 
  length          2    7[BANK1 ] int 
  msgbuffer       2    9[BANK1 ] PTR unsigned char 
		 -> main@msgbuffer(11), 
 Auto vars:     Size  Location     Type
  c               2   15[BANK1 ] int 
  b               2   13[BANK1 ] int 
  a               2   11[BANK1 ] int 
  status          1   17[BANK1 ] char 
 Return value:  Size  Location     Type
                  2    3[BANK1 ] int 
 Registers used:
		wreg, fsr1l, fsr1h, fsr2l, fsr2h, status,2, status,0, prodl, prodh, cstack
 Tracked objects:
		On entry : 
		On exit  : 
		Unchanged: 
 Data sizes:     COMRAM   BANK0   BANK1   BANK2   BANK3
      Params:         0       0       8       0       0
      Locals:         0       0       7       0       0
      Temps:          0       1       0       0       0
      Totals:         0       1      15       0       0
Total ram usage:       16 bytes
 Hardware stack levels used:    1
 Hardware stack levels required when called:   13
 This function calls:
		_FromMainLow_sendmsg
 This function is called by:
		_main
 This function uses a non-reentrant model


 *************** function _FromMainLow_sendmsg *****************
 Defined at:
		line 150 in file "src/messages.c"
 Parameters:    Size  Location     Type
  length          1    wreg     unsigned char 
  msgtype         1    0[BANK1 ] unsigned char 
  data            2    1[BANK1 ] PTR void 
		 -> main@msgbuffer(11), 
 Auto vars:     Size  Location     Type
  length          1   73[BANK0 ] unsigned char 
 Return value:  Size  Location     Type
                  1    wreg      char 
 Registers used:
		wreg, fsr1l, fsr1h, fsr2l, fsr2h, status,2, status,0, prodl, prodh, cstack
 Tracked objects:
		On entry : 
		On exit  : 
		Unchanged: 
 Data sizes:     COMRAM   BANK0   BANK1   BANK2   BANK3
      Params:         0       0       3       0       0
      Locals:         0       1       0       0       0
      Temps:          0       0       0       0       0
      Totals:         0       1       3       0       0
Total ram usage:        4 bytes
 Hardware stack levels used:    1
 Hardware stack levels required when called:   12
 This function calls:
		_send_msg
 This function is called by:
		_uart_lthread
 This function uses a non-reentrant model


 *************** function _send_msg *****************
 Defined at:
		line 24 in file "src/messages.c"
 Parameters:    Size  Location     Type
  qptr            2   61[BANK0 ] PTR struct __msg_queue
		 -> FromMainHigh_MQ(54), FromMainLow_MQ(54), ToMainHigh_MQ(54), ToMainLow_MQ(54), 
  length          1   63[BANK0 ] unsigned char 
  msgtype         1   64[BANK0 ] unsigned char 
  data            2   65[BANK0 ] PTR void 
		 -> timer0_int_handler@val(2), NULL(0), i2c_int_handler@error_buf(3), main@msgbuffer(11), 
		 -> main@ic(28), main@uc(5), 
 Auto vars:     Size  Location     Type
  qmsg            2   71[BANK0 ] PTR struct __msg
		 -> FromMainLow_MQ.queue(52), FromMainHigh_MQ.queue(52), ToMainHigh_MQ.queue(52), ToMainLow_MQ.queue(52), 
		 -> FromMainHigh_MQ(54), FromMainLow_MQ(54), ToMainHigh_MQ(54), ToMainLow_MQ(54), 
  tlength         2   68[BANK0 ] unsigned int 
  slot            1   70[BANK0 ] unsigned char 
 Return value:  Size  Location     Type
                  1    wreg      char 
 Registers used:
		wreg, fsr1l, fsr1h, fsr2l, fsr2h, status,2, status,0, prodl, prodh, cstack
 Tracked objects:
		On entry : 
		On exit  : 
		Unchanged: 
 Data sizes:     COMRAM   BANK0   BANK1   BANK2   BANK3
      Params:         0       6       0       0       0
      Locals:         0       5       0       0       0
      Temps:          0       1       0       0       0
      Totals:         0      12       0       0       0
Total ram usage:       12 bytes
 Hardware stack levels used:    1
 Hardware stack levels required when called:   11
 This function calls:
		_memcpy
 This function is called by:
		_FromMainLow_sendmsg
		_FromMainHigh_sendmsg
 This function uses a non-reentrant model


 *************** function _timer1_lthread *****************
 Defined at:
		line 18 in file "src/timer1_thread.c"
 Parameters:    Size  Location     Type
  tptr            2   57[BANK0 ] PTR struct __timer1_thre
		 -> main@t1thread_data(130), 
  msgtype         2   59[BANK0 ] int 
  length          2   61[BANK0 ] int 
  msgbuffer       2   63[BANK0 ] PTR unsigned char 
		 -> main@msgbuffer(11), 
 Auto vars:     Size  Location     Type
  z               2    4[BANK1 ] int 
  y               2    2[BANK1 ] int 
  x               2    0[BANK1 ] int 
  even            2    7[BANK1 ] int 
  retval          1    6[BANK1 ] char 
 Return value:  Size  Location     Type
                  2   57[BANK0 ] int 
 Registers used:
		wreg, fsr2l, fsr2h, status,2, status,0, cstack
 Tracked objects:
		On entry : 
		On exit  : 
		Unchanged: 
 Data sizes:     COMRAM   BANK0   BANK1   BANK2   BANK3
      Params:         0       8       0       0       0
      Locals:         0       0       9       0       0
      Temps:          0       2       0       0       0
      Totals:         0      10       9       0       0
Total ram usage:       19 bytes
 Hardware stack levels used:    1
 Hardware stack levels required when called:   11
 This function calls:
		_ReadTimer1
		___lwmod
 This function is called by:
		_main
 This function uses a non-reentrant model


 *************** function ___lwmod *****************
 Defined at:
		line 8 in file "E:\MPLAB\xc8\v1.30\sources\common\lwmod.c"
 Parameters:    Size  Location     Type
  dividend        2   51[BANK0 ] unsigned int 
  divisor         2   53[BANK0 ] unsigned int 
 Auto vars:     Size  Location     Type
  counter         1   56[BANK0 ] unsigned char 
 Return value:  Size  Location     Type
                  2   51[BANK0 ] unsigned int 
 Registers used:
		wreg, status,2, status,0
 Tracked objects:
		On entry : 
		On exit  : 
		Unchanged: 
 Data sizes:     COMRAM   BANK0   BANK1   BANK2   BANK3
      Params:         0       4       0       0       0
      Locals:         0       1       0       0       0
      Temps:          0       1       0       0       0
      Totals:         0       6       0       0       0
Total ram usage:        6 bytes
 Hardware stack levels used:    1
 Hardware stack levels required when called:   10
 This function calls:
		Nothing
 This function is called by:
		_timer1_lthread
 This function uses a non-reentrant model


 *************** function _ReadTimer1 *****************
 Defined at:
		line 15 in file "E:\MPLAB\xc8\v1.30\sources\pic18\plib\Timers\t1read.c"
 Parameters:    Size  Location     Type
		None
 Auto vars:     Size  Location     Type
  timer           2   53[BANK0 ] struct Timers
 Return value:  Size  Location     Type
                  2   51[BANK0 ] unsigned int 
 Registers used:
		None
 Tracked objects:
		On entry : 
		On exit  : 
		Unchanged: 
 Data sizes:     COMRAM   BANK0   BANK1   BANK2   BANK3
      Params:         0       2       0       0       0
      Locals:         0       2       0       0       0
      Temps:          0       0       0       0       0
      Totals:         0       4       0       0       0
Total ram usage:        4 bytes
 Hardware stack levels used:    1
 Hardware stack levels required when called:   10
 This function calls:
		Nothing
 This function is called by:
		_timer1_lthread
 This function uses a non-reentrant model


 *************** function _timer0_lthread *****************
 Defined at:
		line 9 in file "src/timer0_thread.c"
 Parameters:    Size  Location     Type
  tptr            2   51[BANK0 ] PTR struct __timer0_thre
		 -> main@t0thread_data(2), 
  msgtype         2   53[BANK0 ] int 
  length          2   55[BANK0 ] int 
  msgbuffer       2   57[BANK0 ] PTR unsigned char 
		 -> main@msgbuffer(11), 
 Auto vars:     Size  Location     Type
  msgval          2   59[BANK0 ] PTR unsigned int 
		 -> main@msgbuffer(11), 
 Return value:  Size  Location     Type
                  2   51[BANK0 ] int 
 Registers used:
		wreg, status,2, status,0
 Tracked objects:
		On entry : 
		On exit  : 
		Unchanged: 
 Data sizes:     COMRAM   BANK0   BANK1   BANK2   BANK3
      Params:         0       8       0       0       0
      Locals:         0       2       0       0       0
      Temps:          0       0       0       0       0
      Totals:         0      10       0       0       0
Total ram usage:       10 bytes
 Hardware stack levels used:    1
 Hardware stack levels required when called:   10
 This function calls:
		Nothing
 This function is called by:
		_main
 This function uses a non-reentrant model


 *************** function _start_i2c_slave_reply *****************
 Defined at:
		line 53 in file "src/my_i2c.c"
 Parameters:    Size  Location     Type
  length          1    wreg     unsigned char 
  msg             2   51[BANK0 ] PTR unsigned char 
		 -> main@msgbuffer(11), 
 Auto vars:     Size  Location     Type
  length          1   55[BANK0 ] unsigned char 
 Return value:  Size  Location     Type
		None               void
 Registers used:
		wreg, fsr1l, fsr1h, fsr2l, fsr2h, status,2, status,0, prodl, prodh
 Tracked objects:
		On entry : 
		On exit  : 
		Unchanged: 
 Data sizes:     COMRAM   BANK0   BANK1   BANK2   BANK3
      Params:         0       2       0       0       0
      Locals:         0       1       0       0       0
      Temps:          0       2       0       0       0
      Totals:         0       5       0       0       0
Total ram usage:        5 bytes
 Hardware stack levels used:    1
 Hardware stack levels required when called:   10
 This function calls:
		Nothing
 This function is called by:
		_main
 This function uses a non-reentrant model


 *************** function _init_uart_recv *****************
 Defined at:
		line 78 in file "src/my_uart.c"
 Parameters:    Size  Location     Type
  uc              2   51[BANK0 ] PTR struct __uart_comm
		 -> main@uc(5), 
 Auto vars:     Size  Location     Type
		None
 Return value:  Size  Location     Type
		None               void
 Registers used:
		wreg, fsr2l, fsr2h, status,2, status,0
 Tracked objects:
		On entry : 
		On exit  : 
		Unchanged: 
 Data sizes:     COMRAM   BANK0   BANK1   BANK2   BANK3
      Params:         0       2       0       0       0
      Locals:         0       0       0       0       0
      Temps:          0       0       0       0       0
      Totals:         0       2       0       0       0
Total ram usage:        2 bytes
 Hardware stack levels used:    1
 Hardware stack levels required when called:   10
 This function calls:
		Nothing
 This function is called by:
		_main
 This function uses a non-reentrant model


 *************** function _init_uart_lthread *****************
 Defined at:
		line 6 in file "src/uart_thread.c"
 Parameters:    Size  Location     Type
  uptr            2   51[BANK0 ] PTR struct __uart_thread
		 -> main@uthread_data(128), 
 Auto vars:     Size  Location     Type
		None
 Return value:  Size  Location     Type
		None               void
 Registers used:
		None
 Tracked objects:
		On entry : 
		On exit  : 
		Unchanged: 
 Data sizes:     COMRAM   BANK0   BANK1   BANK2   BANK3
      Params:         0       2       0       0       0
      Locals:         0       0       0       0       0
      Temps:          0       0       0       0       0
      Totals:         0       2       0       0       0
Total ram usage:        2 bytes
 Hardware stack levels used:    1
 Hardware stack levels required when called:   10
 This function calls:
		Nothing
 This function is called by:
		_main
 This function uses a non-reentrant model


 *************** function _init_timer1_lthread *****************
 Defined at:
		line 6 in file "src/timer1_thread.c"
 Parameters:    Size  Location     Type
  tptr            2   51[BANK0 ] PTR struct __timer1_thre
		 -> main@t1thread_data(130), 
 Auto vars:     Size  Location     Type
		None
 Return value:  Size  Location     Type
		None               void
 Registers used:
		wreg, fsr2l, fsr2h, status,2, status,0
 Tracked objects:
		On entry : 
		On exit  : 
		Unchanged: 
 Data sizes:     COMRAM   BANK0   BANK1   BANK2   BANK3
      Params:         0       2       0       0       0
      Locals:         0       0       0       0       0
      Temps:          0       0       0       0       0
      Totals:         0       2       0       0       0
Total ram usage:        2 bytes
 Hardware stack levels used:    1
 Hardware stack levels required when called:   10
 This function calls:
		Nothing
 This function is called by:
		_main
 This function uses a non-reentrant model


 *************** function _init_queues *****************
 Defined at:
		line 194 in file "src/messages.c"
 Parameters:    Size  Location     Type
		None
 Auto vars:     Size  Location     Type
		None
 Return value:  Size  Location     Type
		None               void
 Registers used:
		wreg, fsr2l, fsr2h, status,2, status,0, prodl, prodh, cstack
 Tracked objects:
		On entry : 
		On exit  : 
		Unchanged: 
 Data sizes:     COMRAM   BANK0   BANK1   BANK2   BANK3
      Params:         0       0       0       0       0
      Locals:         0       0       0       0       0
      Temps:          0       1       0       0       0
      Totals:         0       1       0       0       0
Total ram usage:        1 bytes
 Hardware stack levels used:    1
 Hardware stack levels required when called:   11
 This function calls:
		_init_queue
 This function is called by:
		_main
 This function uses a non-reentrant model


 *************** function _init_queue *****************
 Defined at:
		line 14 in file "src/messages.c"
 Parameters:    Size  Location     Type
  qptr            2   51[BANK0 ] PTR struct __msg_queue
		 -> FromMainHigh_MQ(54), FromMainLow_MQ(54), ToMainHigh_MQ(54), ToMainLow_MQ(54), 
 Auto vars:     Size  Location     Type
  i               1   54[BANK0 ] unsigned char 
 Return value:  Size  Location     Type
		None               void
 Registers used:
		wreg, fsr2l, fsr2h, status,2, status,0, prodl, prodh
 Tracked objects:
		On entry : 
		On exit  : 
		Unchanged: 
 Data sizes:     COMRAM   BANK0   BANK1   BANK2   BANK3
      Params:         0       2       0       0       0
      Locals:         0       1       0       0       0
      Temps:          0       1       0       0       0
      Totals:         0       4       0       0       0
Total ram usage:        4 bytes
 Hardware stack levels used:    1
 Hardware stack levels required when called:   10
 This function calls:
		Nothing
 This function is called by:
		_init_queues
 This function uses a non-reentrant model


 *************** function _init_i2c *****************
 Defined at:
		line 268 in file "src/my_i2c.c"
 Parameters:    Size  Location     Type
  ic              2   51[BANK0 ] PTR struct __i2c_comm
		 -> main@ic(28), 
 Auto vars:     Size  Location     Type
		None
 Return value:  Size  Location     Type
		None               void
 Registers used:
		wreg, fsr2l, fsr2h, status,2, status,0
 Tracked objects:
		On entry : 
		On exit  : 
		Unchanged: 
 Data sizes:     COMRAM   BANK0   BANK1   BANK2   BANK3
      Params:         0       2       0       0       0
      Locals:         0       0       0       0       0
      Temps:          0       0       0       0       0
      Totals:         0       2       0       0       0
Total ram usage:        2 bytes
 Hardware stack levels used:    1
 Hardware stack levels required when called:   10
 This function calls:
		Nothing
 This function is called by:
		_main
 This function uses a non-reentrant model


 *************** function _i2c_configure_slave *****************
 Defined at:
		line 279 in file "src/my_i2c.c"
 Parameters:    Size  Location     Type
  addr            1    wreg     unsigned char 
 Auto vars:     Size  Location     Type
  addr            1   51[BANK0 ] unsigned char 
 Return value:  Size  Location     Type
		None               void
 Registers used:
		wreg, status,2, status,0
 Tracked objects:
		On entry : 
		On exit  : 
		Unchanged: 
 Data sizes:     COMRAM   BANK0   BANK1   BANK2   BANK3
      Params:         0       0       0       0       0
      Locals:         0       1       0       0       0
      Temps:          0       0       0       0       0
      Totals:         0       1       0       0       0
Total ram usage:        1 bytes
 Hardware stack levels used:    1
 Hardware stack levels required when called:   10
 This function calls:
		Nothing
 This function is called by:
		_main
 This function uses a non-reentrant model


 *************** function _enable_interrupts *****************
 Defined at:
		line 14 in file "src/interrupts.c"
 Parameters:    Size  Location     Type
		None
 Auto vars:     Size  Location     Type
		None
 Return value:  Size  Location     Type
		None               void
 Registers used:
		None
 Tracked objects:
		On entry : 
		On exit  : 
		Unchanged: 
 Data sizes:     COMRAM   BANK0   BANK1   BANK2   BANK3
      Params:         0       0       0       0       0
      Locals:         0       0       0       0       0
      Temps:          0       0       0       0       0
      Totals:         0       0       0       0       0
Total ram usage:        0 bytes
 Hardware stack levels used:    1
 Hardware stack levels required when called:   10
 This function calls:
		Nothing
 This function is called by:
		_main
 This function uses a non-reentrant model


 *************** function _block_on_To_msgqueues *****************
 Defined at:
		line 258 in file "src/messages.c"
 Parameters:    Size  Location     Type
		None
 Auto vars:     Size  Location     Type
		None
 Return value:  Size  Location     Type
		None               void
 Registers used:
		wreg, fsr2l, fsr2h, status,2, status,0, prodl, prodh, cstack
 Tracked objects:
		On entry : 
		On exit  : 
		Unchanged: 
 Data sizes:     COMRAM   BANK0   BANK1   BANK2   BANK3
      Params:         0       0       0       0       0
      Locals:         0       0       0       0       0
      Temps:          0       1       0       0       0
      Totals:         0       1       0       0       0
Total ram usage:        1 bytes
 Hardware stack levels used:    1
 Hardware stack levels required when called:   13
 This function calls:
		_Delay1KTCYx
		_check_msg
		_in_main
 This function is called by:
		_main
 This function uses a non-reentrant model


 *************** function _in_main *****************
 Defined at:
		line 40 in file "src/interrupts.c"
 Parameters:    Size  Location     Type
		None
 Auto vars:     Size  Location     Type
		None
 Return value:  Size  Location     Type
                  2   55[BANK0 ] int 
 Registers used:
		wreg, status,2, status,0, cstack
 Tracked objects:
		On entry : 
		On exit  : 
		Unchanged: 
 Data sizes:     COMRAM   BANK0   BANK1   BANK2   BANK3
      Params:         0       2       0       0       0
      Locals:         0       0       0       0       0
      Temps:          0       0       0       0       0
      Totals:         0       2       0       0       0
Total ram usage:        2 bytes
 Hardware stack levels used:    1
 Hardware stack levels required when called:   12
 This function calls:
		_in_high_int
		_in_low_int
 This function is called by:
		_block_on_To_msgqueues
 This function uses a non-reentrant model


 *************** function _in_low_int *****************
 Defined at:
		line 30 in file "src/interrupts.c"
 Parameters:    Size  Location     Type
		None
 Auto vars:     Size  Location     Type
		None
 Return value:  Size  Location     Type
                  2   53[BANK0 ] int 
 Registers used:
		wreg, status,2, status,0, cstack
 Tracked objects:
		On entry : 
		On exit  : 
		Unchanged: 
 Data sizes:     COMRAM   BANK0   BANK1   BANK2   BANK3
      Params:         0       2       0       0       0
      Locals:         0       0       0       0       0
      Temps:          0       0       0       0       0
      Totals:         0       2       0       0       0
Total ram usage:        2 bytes
 Hardware stack levels used:    1
 Hardware stack levels required when called:   11
 This function calls:
		_in_high_int
 This function is called by:
		_in_main
 This function uses a non-reentrant model


 *************** function _in_high_int *****************
 Defined at:
		line 22 in file "src/interrupts.c"
 Parameters:    Size  Location     Type
		None
 Auto vars:     Size  Location     Type
		None
 Return value:  Size  Location     Type
                  2   51[BANK0 ] int 
 Registers used:
		wreg, status,2
 Tracked objects:
		On entry : 
		On exit  : 
		Unchanged: 
 Data sizes:     COMRAM   BANK0   BANK1   BANK2   BANK3
      Params:         0       2       0       0       0
      Locals:         0       0       0       0       0
      Temps:          0       0       0       0       0
      Totals:         0       2       0       0       0
Total ram usage:        2 bytes
 Hardware stack levels used:    1
 Hardware stack levels required when called:   10
 This function calls:
		Nothing
 This function is called by:
		_in_low_int
		_in_main
 This function uses a non-reentrant model


 *************** function _check_msg *****************
 Defined at:
		line 222 in file "src/messages.c"
 Parameters:    Size  Location     Type
  qptr            2   51[BANK0 ] PTR struct __msg_queue
		 -> ToMainHigh_MQ(54), ToMainLow_MQ(54), 
 Auto vars:     Size  Location     Type
		None
 Return value:  Size  Location     Type
                  1    wreg      unsigned char 
 Registers used:
		wreg, fsr2l, fsr2h, status,2, status,0, prodl, prodh
 Tracked objects:
		On entry : 
		On exit  : 
		Unchanged: 
 Data sizes:     COMRAM   BANK0   BANK1   BANK2   BANK3
      Params:         0       2       0       0       0
      Locals:         0       0       0       0       0
      Temps:          0       1       0       0       0
      Totals:         0       3       0       0       0
Total ram usage:        3 bytes
 Hardware stack levels used:    1
 Hardware stack levels required when called:   10
 This function calls:
		Nothing
 This function is called by:
		_block_on_To_msgqueues
 This function uses a non-reentrant model


 *************** function _Delay1KTCYx *****************
 Defined at:
		line 8 in file "E:\MPLAB\xc8\v1.30\sources\pic18\d1ktcyx.c"
 Parameters:    Size  Location     Type
  unit            1    wreg     unsigned char 
 Auto vars:     Size  Location     Type
  unit            1   51[BANK0 ] unsigned char 
 Return value:  Size  Location     Type
		None               void
 Registers used:
		wreg
 Tracked objects:
		On entry : 
		On exit  : 
		Unchanged: 
 Data sizes:     COMRAM   BANK0   BANK1   BANK2   BANK3
      Params:         0       0       0       0       0
      Locals:         0       1       0       0       0
      Temps:          0       0       0       0       0
      Totals:         0       1       0       0       0
Total ram usage:        1 bytes
 Hardware stack levels used:    1
[...]
 This function calls:
		Nothing
 This function is called by:
		_timer0_int_handler
 This function uses a non-reentrant model


 *************** function _FromMainHigh_recvmsg *****************
 Defined at:
		line 183 in file "src/messages.c"
 Parameters:    Size  Location     Type
  maxlength       1    wreg     unsigned char 
  msgtype         2   24[BANK0 ] PTR unsigned char 
		 -> timer0_int_handler@msgtype(2), 
  data            2   26[BANK0 ] PTR void 
		 -> timer0_int_handler@val(2), 
 Auto vars:     Size  Location     Type
  maxlength       1   28[BANK0 ] unsigned char 
 Return value:  Size  Location     Type
                  1    wreg      char 
 Registers used:
		wreg, fsr1l, fsr1h, fsr2l, fsr2h, status,2, status,0, prodl, prodh, cstack
 Tracked objects:
		On entry : 
		On exit  : 
		Unchanged: 
 Data sizes:     COMRAM   BANK0   BANK1   BANK2   BANK3
      Params:         0       4       0       0       0
      Locals:         0       1       0       0       0
      Temps:          0       0       0       0       0
      Totals:         0       5       0       0       0
Total ram usage:        5 bytes
 Hardware stack levels used:    1
 Hardware stack levels required when called:    2
 This function calls:
		i2_recv_msg
 This function is called by:
		_timer0_int_handler
 This function uses a non-reentrant model


 *************** function i2_recv_msg *****************
 Defined at:
		line 63 in file "src/messages.c"
 Parameters:    Size  Location     Type
  qptr            2   10[BANK0 ] PTR struct __msg_queue
		 -> FromMainHigh_MQ(54), FromMainLow_MQ(54), ToMainHigh_MQ(54), ToMainLow_MQ(54), 
  maxlength       1   12[BANK0 ] unsigned char 
  msgtype         2   13[BANK0 ] PTR unsigned char 
		 -> timer0_int_handler@msgtype(2), uart_trans_int_handler@msgtype(1), main@msgtype(1), 
  data            2   15[BANK0 ] PTR void 
		 -> timer0_int_handler@val(2), NULL(0), main@msgbuffer(11), 
 Auto vars:     Size  Location     Type
  recv_msg        2   22[BANK0 ] PTR struct __msg
		 -> FromMainLow_MQ.queue(52), FromMainHigh_MQ.queue(52), ToMainHigh_MQ.queue(52), ToMainLow_MQ.queue(52), 
		 -> FromMainHigh_MQ(54), FromMainLow_MQ(54), ToMainHigh_MQ(54), ToMainLow_MQ(54), 
  recv_msg        2   20[BANK0 ] unsigned int 
  recv_msg        1   19[BANK0 ] unsigned char 
 Return value:  Size  Location     Type
                  1    wreg      char 
 Registers used:
		wreg, fsr1l, fsr1h, fsr2l, fsr2h, status,2, status,0, prodl, prodh, cstack
 Tracked objects:
		On entry : 
		On exit  : 
		Unchanged: 
 Data sizes:     COMRAM   BANK0   BANK1   BANK2   BANK3
      Params:         0       7       0       0       0
      Locals:         0       5       0       0       0
      Temps:          0       2       0       0       0
      Totals:         0      14       0       0       0
Total ram usage:       14 bytes
 Hardware stack levels used:    1
 Hardware stack levels required when called:    1
 This function calls:
		i2_memcpy
 This function is called by:
		_FromMainHigh_recvmsg
 This function uses a non-reentrant model


 *************** function _i2c_int_handler *****************
 Defined at:
		line 100 in file "src/my_i2c.c"
 Parameters:    Size  Location     Type
		None
 Auto vars:     Size  Location     Type
  error_buf       3   28[BANK0 ] unsigned char [3]
  data_read       1   36[BANK0 ] unsigned char 
  msg_ready       1   35[BANK0 ] unsigned char 
  msg_to_send     1   34[BANK0 ] unsigned char 
  i2c_data        1   33[BANK0 ] unsigned char 
  overrun_erro    1   32[BANK0 ] unsigned char 
  data_written    1   31[BANK0 ] unsigned char 
 Return value:  Size  Location     Type
		None               void
 Registers used:
		wreg, fsr1l, fsr1h, fsr2l, fsr2h, status,2, status,0, prodl, prodh, cstack
 Tracked objects:
		On entry : 
		On exit  : 
		Unchanged: 
 Data sizes:     COMRAM   BANK0   BANK1   BANK2   BANK3
      Params:         0       0       0       0       0
      Locals:         0       9       0       0       0
      Temps:          0       2       0       0       0
      Totals:         0      11       0       0       0
Total ram usage:       11 bytes
 Hardware stack levels used:    1
 Hardware stack levels required when called:    3
 This function calls:
		_ToMainHigh_sendmsg
		_handle_start
 This function is called by:
		_InterruptHandlerHigh
 This function uses a non-reentrant model


 *************** function _handle_start *****************
 Defined at:
		line 71 in file "src/my_i2c.c"
 Parameters:    Size  Location     Type
  data_read       1    wreg     unsigned char 
 Auto vars:     Size  Location     Type
  data_read       1    0[BANK0 ] unsigned char 
 Return value:  Size  Location     Type
		None               void
 Registers used:
		wreg, fsr2l, fsr2h, status,2, status,0
 Tracked objects:
		On entry : 
		On exit  : 
		Unchanged: 
 Data sizes:     COMRAM   BANK0   BANK1   BANK2   BANK3
      Params:         0       0       0       0       0
      Locals:         0       1       0       0       0
      Temps:          0       0       0       0       0
      Totals:         0       1       0       0       0
Total ram usage:        1 bytes
 Hardware stack levels used:    1
 This function calls:
		Nothing
 This function is called by:
		_i2c_int_handler
 This function uses a non-reentrant model


 *************** function _ToMainHigh_sendmsg *****************
 Defined at:
		line 126 in file "src/messages.c"
 Parameters:    Size  Location     Type
  length          1    wreg     unsigned char 
  msgtype         1   22[BANK0 ] unsigned char 
  data            2   23[BANK0 ] PTR void 
		 -> timer0_int_handler@val(2), NULL(0), i2c_int_handler@error_buf(3), main@ic(28), 
 Auto vars:     Size  Location     Type
  length          1   25[BANK0 ] unsigned char 
 Return value:  Size  Location     Type
                  1    wreg      char 
 Registers used:
		wreg, fsr1l, fsr1h, fsr2l, fsr2h, status,2, status,0, prodl, prodh, cstack
 Tracked objects:
		On entry : 
		On exit  : 
		Unchanged: 
 Data sizes:     COMRAM   BANK0   BANK1   BANK2   BANK3
      Params:         0       3       0       0       0
      Locals:         0       1       0       0       0
      Temps:          0       0       0       0       0
      Totals:         0       4       0       0       0
Total ram usage:        4 bytes
 Hardware stack levels used:    1
 Hardware stack levels required when called:    2
 This function calls:
		i2_send_msg
 This function is called by:
		_i2c_int_handler
		_timer0_int_handler
 This function uses a non-reentrant model


 *************** function i2_send_msg *****************
 Defined at:
		line 24 in file "src/messages.c"
 Parameters:    Size  Location     Type
  qptr            2   10[BANK0 ] PTR struct __msg_queue
		 -> FromMainHigh_MQ(54), FromMainLow_MQ(54), ToMainHigh_MQ(54), ToMainLow_MQ(54), 
  length          1   12[BANK0 ] unsigned char 
  msgtype         1   13[BANK0 ] unsigned char 
  data            2   14[BANK0 ] PTR void 
		 -> timer0_int_handler@val(2), NULL(0), i2c_int_handler@error_buf(3), main@msgbuffer(11), 
		 -> main@ic(28), main@uc(5), 
 Auto vars:     Size  Location     Type
  send_msg        2   20[BANK0 ] PTR struct __msg
		 -> FromMainLow_MQ.queue(52), FromMainHigh_MQ.queue(52), ToMainHigh_MQ.queue(52), ToMainLow_MQ.queue(52), 
		 -> FromMainHigh_MQ(54), FromMainLow_MQ(54), ToMainHigh_MQ(54), ToMainLow_MQ(54), 
  send_msg        2   17[BANK0 ] unsigned int 
  send_msg        1   19[BANK0 ] unsigned char 
 Return value:  Size  Location     Type
                  1    wreg      char 
 Registers used:
		wreg, fsr1l, fsr1h, fsr2l, fsr2h, status,2, status,0, prodl, prodh, cstack
 Tracked objects:
		On entry : 
		On exit  : 
		Unchanged: 
 Data sizes:     COMRAM   BANK0   BANK1   BANK2   BANK3
      Params:         0       6       0       0       0
      Locals:         0       5       0       0       0
      Temps:          0       1       0       0       0
      Totals:         0      12       0       0       0
Total ram usage:       12 bytes
 Hardware stack levels used:    1
 Hardware stack levels required when called:    1
 This function calls:
		i2_memcpy
 This function is called by:
		_ToMainHigh_sendmsg
 This function uses a non-reentrant model


 *************** function i2_memcpy *****************
 Defined at:
		line 11 in file "E:\MPLAB\xc8\v1.30\sources\common\memcpy.c"
 Parameters:    Size  Location     Type
  d1              2    0[BANK0 ] PTR void 
		 -> FromMainLow_MQ.queue(52), FromMainHigh_MQ.queue(52), ToMainHigh_MQ.queue(52), ToMainLow_MQ.queue(52), 
		 -> timer0_int_handler@val(2), NULL(0), FromMainHigh_MQ(54), FromMainLow_MQ(54), 
		 -> ToMainHigh_MQ(54), ToMainLow_MQ(54), main@msgbuffer(11), 
  s1              2    2[BANK0 ] PTR const void 
		 -> ToMainLow_MQ.data(10), ToMainHigh_MQ.data(10), FromMainLow_MQ.data(10), FromMainHigh_MQ.data(10), 
		 -> ToMainLow_MQ.queue.data(10), ToMainHigh_MQ.queue.data(10), FromMainHigh_MQ.queue.data(10), FromMainLow_MQ.queue.data(10), 
		 -> timer0_int_handler@val(2), NULL(0), i2c_int_handler@error_buf(3), FromMainHigh_MQ(54), 
		 -> FromMainLow_MQ(54), ToMainHigh_MQ(54), ToMainLow_MQ(54), main@msgbuffer(11), 
		 -> main@ic(28), main@uc(5), 
  n               2    4[BANK0 ] unsigned int 
 Auto vars:     Size  Location     Type
  memcpy          2    8[BANK0 ] PTR const unsigned char 
		 -> ToMainLow_MQ.data(10), ToMainHigh_MQ.data(10), FromMainLow_MQ.data(10), FromMainHigh_MQ.data(10), 
		 -> ToMainLow_MQ.queue.data(10), ToMainHigh_MQ.queue.data(10), FromMainHigh_MQ.queue.data(10), FromMainLow_MQ.queue.data(10), 
		 -> timer0_int_handler@val(2), NULL(0), i2c_int_handler@error_buf(3), FromMainHigh_MQ(54), 
		 -> FromMainLow_MQ(54), ToMainHigh_MQ(54), ToMainLow_MQ(54), main@msgbuffer(11), 
		 -> main@ic(28), main@uc(5), 
  memcpy          2    6[BANK0 ] PTR unsigned char 
		 -> FromMainLow_MQ.queue(52), FromMainHigh_MQ.queue(52), ToMainHigh_MQ.queue(52), ToMainLow_MQ.queue(52), 
		 -> timer0_int_handler@val(2), NULL(0), FromMainHigh_MQ(54), FromMainLow_MQ(54), 
		 -> ToMainHigh_MQ(54), ToMainLow_MQ(54), main@msgbuffer(11), 
 Return value:  Size  Location     Type
                  2    0[BANK0 ] PTR void 
 Registers used:
		wreg, fsr1l, fsr1h, fsr2l, fsr2h, status,2, status,0
 Tracked objects:
		On entry : 
		On exit  : 
		Unchanged: 
 Data sizes:     COMRAM   BANK0   BANK1   BANK2   BANK3
      Params:         0       6       0       0       0
      Locals:         0       4       0       0       0
      Temps:          0       0       0       0       0
      Totals:         0      10       0       0       0
Total ram usage:       10 bytes
 Hardware stack levels used:    1
 This function calls:
		Nothing
 This function is called by:
		i2_send_msg
		i2_recv_msg
 This function uses a non-reentrant model


 *************** function _SleepIfOkay *****************
 Defined at:
		line 228 in file "src/messages.c"
 Parameters:    Size  Location     Type
		None
 Auto vars:     Size  Location     Type
		None
 Return value:  Size  Location     Type
		None               void
 Registers used:
		wreg, fsr2l, fsr2h, status,2, status,0, prodl, prodh, cstack
 Tracked objects:
		On entry : 
		On exit  : 
		Unchanged: 
 Data sizes:     COMRAM   BANK0   BANK1   BANK2   BANK3
      Params:         0       0       0       0       0
      Locals:         0       0       0       0       0
      Temps:          0       0       0       0       0
      Totals:         0       0       0       0       0
Total ram usage:        0 bytes
 Hardware stack levels used:    1
 Hardware stack levels required when called:    2
 This function calls:
		_enter_sleep_mode
		i2_check_msg
		i2_in_high_int
		i2_in_low_int
 This function is called by:
		_InterruptHandlerHigh
 This function uses a non-reentrant model


 *************** function i2_in_low_int *****************
 Defined at:
		line 30 in file "src/interrupts.c"
 Parameters:    Size  Location     Type
		None
 Auto vars:     Size  Location     Type
		None
 Return value:  Size  Location     Type
                  2    2[BANK0 ] int 
 Registers used:
		wreg, status,2, status,0, cstack
 Tracked objects:
		On entry : 
		On exit  : 
		Unchanged: 
 Data sizes:     COMRAM   BANK0   BANK1   BANK2   BANK3
      Params:         0       2       0       0       0
      Locals:         0       0       0       0       0
      Temps:          0       0       0       0       0
      Totals:         0       2       0       0       0
Total ram usage:        2 bytes
 Hardware stack levels used:    1
 Hardware stack levels required when called:    1
 This function calls:
		i2_in_high_int
 This function is called by:
		_SleepIfOkay
 This function uses a non-reentrant model


 *************** function i2_in_high_int *****************
 Defined at:
		line 22 in file "src/interrupts.c"
 Parameters:    Size  Location     Type
		None
 Auto vars:     Size  Location     Type
		None
 Return value:  Size  Location     Type
                  2    0[BANK0 ] int 
 Registers used:
		wreg, status,2
 Tracked objects:
		On entry : 
		On exit  : 
		Unchanged: 
 Data sizes:     COMRAM   BANK0   BANK1   BANK2   BANK3
      Params:         0       2       0       0       0
      Locals:         0       0       0       0       0
      Temps:          0       0       0       0       0
      Totals:         0       2       0       0       0
Total ram usage:        2 bytes
 Hardware stack levels used:    1
 This function calls:
		Nothing
 This function is called by:
		_SleepIfOkay
		i2_in_low_int
 This function uses a non-reentrant model


 *************** function i2_check_msg *****************
 Defined at:
		line 222 in file "src/messages.c"
 Parameters:    Size  Location     Type
  qptr            2    0[BANK0 ] PTR struct __msg_queue
		 -> ToMainHigh_MQ(54), ToMainLow_MQ(54), 
 Auto vars:     Size  Location     Type
		None
 Return value:  Size  Location     Type
                  1    wreg      unsigned char 
 Registers used:
		wreg, fsr2l, fsr2h, status,2, status,0, prodl, prodh
 Tracked objects:
		On entry : 
		On exit  : 
		Unchanged: 
 Data sizes:     COMRAM   BANK0   BANK1   BANK2   BANK3
      Params:         0       2       0       0       0
      Locals:         0       0       0       0       0
      Temps:          0       1       0       0       0
      Totals:         0       3       0       0       0
Total ram usage:        3 bytes
 Hardware stack levels used:    1
 This function calls:
		Nothing
 This function is called by:
		_SleepIfOkay
 This function uses a non-reentrant model


 *************** function _enter_sleep_mode *****************
 Defined at:
		line 202 in file "src/messages.c"
 Parameters:    Size  Location     Type
		None
 Auto vars:     Size  Location     Type
		None
 Return value:  Size  Location     Type
		None               void
 Registers used:
		None
 Tracked objects:
		On entry : 
		On exit  : 
		Unchanged: 
 Data sizes:     COMRAM   BANK0   BANK1   BANK2   BANK3
      Params:         0       0       0       0       0
      Locals:         0       0       0       0       0
      Temps:          0       0       0       0       0
      Totals:         0       0       0       0       0
Total ram usage:        0 bytes
 Hardware stack levels used:    1
 This function calls:
		Nothing
 This function is called by:
		_SleepIfOkay
 This function uses a non-reentrant model



MODULE INFORMATION

Module		Function		Class		Link	Load	Size
E:\MPLAB\xc8\v1.30\sources\pic18\plib\Timers\t0write.c
		_WriteTimer0   		CODE           	1FBE	0000	18

E:\MPLAB\xc8\v1.30\sources\pic18\plib\Timers\t0write.c estimated size: 18

src/user_interrupts.c
		_timer0_int_han		CODE           	16EC	0000	138
		_timer1_int_han		CODE           	1E18	0000	48

src/user_interrupts.c estimated size: 186

E:\MPLAB\xc8\v1.30\sources\pic18\plib\Timers\t1write.c
		_WriteTimer1   		CODE           	1FAC	0000	18

E:\MPLAB\xc8\v1.30\sources\pic18\plib\Timers\t1write.c estimated size: 18

E:\MPLAB\xc8\v1.30\sources\pic18\plib\Timers\t1read.c
		_ReadTimer1    		CODE           	1F64	0000	18

E:\MPLAB\xc8\v1.30\sources\pic18\plib\Timers\t1read.c estimated size: 18

src/my_uart.c
		_uart_trans_int		CODE           	13D6	0000	180
		_init_uart_recv		CODE           	1F12	0000	30
		_uart_recv_int_		CODE           	1534	0000	156

src/my_uart.c estimated size: 366

src/main.c
		_main          		CODE           	0720	0000	826

src/main.c estimated size: 826

shared
		i1_send_msg    		CODE           	148A	0000	170
		i2_send_msg    		CODE           	105C	0000	260
		i2_in_high_int 		CODE           	1FD0	0000	18
		i1_recv_msg    		CODE           	1238	0000	210
		i2_recv_msg    		CODE           	0D14	0000	310
		__initializatio		CODE           	1E48	0000	36
		i2_in_low_int  		CODE           	1B7C	0000	70
		i1_ReadTimer1  		CODE           	1F9A	0000	18
		i1_memcpy      		CODE           	1C8A	0000	64
		i2_memcpy      		CODE           	1A84	0000	94
		i2_check_msg   		CODE           	1DE2	0000	54

shared estimated size: 1304

src/interrupts.c
		_enable_interru		CODE           	1FE2	0000	8
		_in_low_int    		CODE           	1B36	0000	70
		_in_main       		CODE           	1BC2	0000	68
		_in_high_int   		CODE           	1F88	0000	18
		_InterruptHandl		CODE           	0018	0000	170
		_InterruptHandl		CODE           	0008	0000	6128

src/interrupts.c estimated size: 6462

E:\MPLAB\xc8\v1.30\sources\pic18\plib\USART\uread.c
		_ReadUSART     		CODE           	1F30	0000	30

E:\MPLAB\xc8\v1.30\sources\pic18\plib\USART\uread.c estimated size: 30

E:\MPLAB\xc8\v1.30\sources\pic18\plib\Timers\t0open.c
		_OpenTimer0    		CODE           	1E76	0000	42

E:\MPLAB\xc8\v1.30\sources\pic18\plib\Timers\t0open.c estimated size: 42

E:\MPLAB\xc8\v1.30\sources\pic18\plib\Timers\t1open.c
		_OpenTimer1    		CODE           	1D08	0000	56

E:\MPLAB\xc8\v1.30\sources\pic18\plib\Timers\t1open.c estimated size: 56

src/timer0_thread.c
		_timer0_lthread		CODE           	1F76	0000	18

src/timer0_thread.c estimated size: 18

src/timer1_thread.c
		_timer1_lthread		CODE           	0A5A	0000	388
		_init_timer1_lt		CODE           	1AE2	0000	84

src/timer1_thread.c estimated size: 472

src/my_i2c.c
		_start_i2c_slav		CODE           	0E4A	0000	270
		_handle_start  		CODE           	130A	0000	204
		_i2c_configure_		CODE           	1EA0	0000	40
		_init_i2c      		CODE           	1956	0000	106
		_i2c_int_handle		CODE           	00C6	0000	1626

src/my_i2c.c estimated size: 2246

E:\MPLAB\xc8\v1.30\sources\pic18\d1ktcyx.c
		_Delay1KTCYx   		CODE           	1F4E	0000	22

E:\MPLAB\xc8\v1.30\sources\pic18\d1ktcyx.c estimated size: 22

E:\MPLAB\xc8\v1.30\sources\common\memcpy.c
		_memcpy        		CODE           	1A26	0000	94

E:\MPLAB\xc8\v1.30\sources\common\memcpy.c estimated size: 94

src/messages.c
		_ToMainHigh_sen		CODE           	1DAC	0000	54
		_ToMainHigh_rec		CODE           	1C06	0000	66
		_block_on_To_ms		CODE           	1872	0000	122
		_check_msg     		CODE           	1D76	0000	54
		_FromMainLow_se		CODE           	1D40	0000	54
		_ToMainLow_send		CODE           	1EF0	0000	34
		_ToMainLow_recv		CODE           	1CCA	0000	62
		_FromMainLow_re		CODE           	1EC8	0000	40
		_enter_sleep_mo		CODE           	1FEA	0000	6
		_send_msg      		CODE           	0F58	0000	260
		_FromMainHigh_r		CODE           	1C48	0000	66
		_init_queue    		CODE           	17F8	0000	122
		_init_queues   		CODE           	18EC	0000	106
		_recv_msg      		CODE           	0BDE	0000	310
		_SleepIfOkay   		CODE           	19C0	0000	102

src/messages.c estimated size: 1458

E:\MPLAB\xc8\v1.30\sources\pic18\plib\USART\uopen.c
		_OpenUSART     		CODE           	15D0	0000	146

E:\MPLAB\xc8\v1.30\sources\pic18\plib\USART\uopen.c estimated size: 146

src/uart_thread.c
		_init_uart_lthr		CODE           	1FF0	0000	2
		_uart_lthread  		CODE           	1160	0000	216

src/uart_thread.c estimated size: 218

E:\MPLAB\xc8\v1.30\sources\common\lwmod.c
		___lwmod       		CODE           	1662	0000	138

E:\MPLAB\xc8\v1.30\sources\common\lwmod.c estimated size: 138

