Microchip MPLAB XC8 Compiler V1.32 ()

Linker command line:

--edf=C:\Program Files (x86)\Microchip\xc8\v1.32\dat\en_msgs.txt -cs \
  -h+dist/default/debug\motor_control.X.debug.sym \
  --cmf=dist/default/debug\motor_control.X.debug.cmf -z -Q18F45J10 \
  -oC:\Users\Escher\AppData\Local\Temp\s9qs.6 \
  -Mdist/default/debug/motor_control.X.debug.map -E1 -ver=XC8 \
  -ASTACK=0236h-03ffh -pstack=STACK -ACODE=00h-07FF7h -ACONST=00h-07FF7h \
  -ASMALLCONST=0400h-04FFhx123,07F00h-07FF7h -AMEDIUMCONST=0400h-07FF7h \
  -ACOMRAM=01h-07Fh -AABS1=00h-03FFh -ABIGRAM=01h-03FFh \
  -ARAM=080h-0FFh,0100h-01FFhx3 -ABANK0=080h-0FFh -ABANK1=0100h-01FFh \
  -ABANK2=0200h-02FFh -ABANK3=0300h-03FFh -ASFR=0F80h-0FFCh \
  -preset_vec=00h,intcode=08h,intcodelo=018h,powerup,init,end_init \
  -pramtop=0400h -psmallconst=SMALLCONST -pmediumconst=MEDIUMCONST \
  -pconst=CONST -AFARRAM=00h-00h -ACONFIG=07FF8h-07FFDh -pconfig=CONFIG \
  -pjflash_buffer=07800h \
  -prdata=COMRAM,nvrram=COMRAM,nvbit=COMRAM,rbss=COMRAM,rbit=COMRAM \
  -pfarbss=FARRAM,fardata=FARRAM,nvFARRAM=FARRAM \
  -pintsave_regs=BIGRAM,bigbss=BIGRAM,bigdata=BIGRAM -pbss=RAM \
  -pidata=CODE,irdata=CODE,ibigdata=CODE,ifardata=CODE \
  C:\Users\Escher\AppData\Local\Temp\s9qs.obj \
  dist/default/debug\motor_control.X.debug.obj 

Object code version is 3.11

Machine type is 18F45J10

Call graph: (short form)




                Name                               Link     Load   Length Selector   Space Scale
C:\Users\Escher\AppData\Local\Temp\s9qs.obj
                end_init                             C0       C0        4        C       0
                reset_vec                             0        0        6        0       0
                config                             7FF8     7FF8        6     7FF8       0
dist/default/debug\motor_control.X.debug.obj
                intcodelo                            18       18       A8        C       0
                intcode                               8        8       10        4       0
                text53                             1CC0     1CC0        6        C       0
                text52                             1BF6     1BF6       24        C       0
                text51                             1CAC     1CAC        C        C       0
                text50                             1B32     1B32       2E        C       0
                text49                             180A     180A       4E        C       0
                text48                             18E2     18E2       40        C       0
                text47                             1176     1176       C6        C       0
                text46                             1BD2     1BD2       24        C       0
                text45                             10B0     10B0       C6        C       0
                text44                               C4       C4      562        C       0
                text43                             1CCA     1CCA        2        C       0
                intcode_body                       156A     156A       7E        C       0
                text41                             18A2     18A2       40        C       0
                text40                             13AA     13AA       AA        C       0
                text39                             1BAE     1BAE       24        C       0
                text38                             1C7C     1C7C       12        C       0
                text37                             1B02     1B02       30        C       0
                text36                             1C38     1C38       1E        C       0
                text35                             1454     1454       94        C       0
                text34                              FDE      FDE       D2        C       0
                text33                             1B88     1B88       26        C       0
                text32                             1764     1764       56        C       0
                text30                             1AD0     1AD0       32        C       0
                text29                             14E8     14E8       82        C       0
                text28                             17BA     17BA       50        C       0
                text27                              BE8      BE8      122        C       0
                text26                             19D2     19D2       36        C       0
                text25                             199C     199C       36        C       0
                text24                             1C6A     1C6A       12        C       0
                text23                             1C56     1C56       14        C       0
                text22                             1A9E     1A9E       32        C       0
                text21                             1C8E     1C8E       10        C       0
                text20                             1922     1922       3E        C       0
                text19                             1960     1960       3C        C       0
                text18                             16B2     16B2       5C        C       0
                text17                             1CB8     1CB8        8        C       0
                text16                             1B60     1B60       28        C       0
                text15                             15E8     15E8       66        C       0
                text14                             164E     164E       64        C       0
                text13                             170E     170E       56        C       0
                text12                              930      930      2B8        C       0
                text11                             12FC     12FC       AE        C       0
                text10                             1CC8     1CC8        2        C       0
                text9                              1C1A     1C1A       1E        C       0
                text8                               E0E      E0E       F0        C       0
                text7                              1A6C     1A6C       32        C       0
                text6                              1A3A     1A3A       32        C       0
                text5                               D0A      D0A      104        C       0
                text4                              1C9E     1C9E        E        C       0
                text3                               EFE      EFE       E0        C       0
                text2                              1A08     1A08       32        C       0
                text1                              123C     123C       C0        C       0
                text0                               626      626      30A        C       0
                cstackCOMRAM                          1        1       48        1       1
                cstackBANK0                          B6       B6       2B       80       1
                cstackBANK1                         100      100       80      100       1
                bssBANK2                            200      200       36      200       1
                dataBANK1                           1EC      1EC        2      100       1
                bssBANK1                            180      180       6C      100       1
                bssBANK0                             80       80       36       80       1
                bssCOMRAM                            4B       4B        2        1       1
                cinit                              1858     1858       4A        C       0
                nvBANK0                              E1       E1        2       80       1
                nvCOMRAM                             49       49        2        1       1
                idataBANK1                         1CC6     1CC6        2        C       0

TOTAL           Name                               Link     Load   Length     Space
        CLASS   STACK          

        CLASS   CODE           
                end_init                             C0       C0        4         0
                intcodelo                            18       18       A8         0
                intcode                               8        8       10         0
                reset_vec                             0        0        6         0
                text53                             1CC0     1CC0        6         0
                text52                             1BF6     1BF6       24         0
                text51                             1CAC     1CAC        C         0
                text50                             1B32     1B32       2E         0
                text49                             180A     180A       4E         0
                text48                             18E2     18E2       40         0
                text47                             1176     1176       C6         0
                text46                             1BD2     1BD2       24         0
                text45                             10B0     10B0       C6         0
                text44                               C4       C4      562         0
                text43                             1CCA     1CCA        2         0
                intcode_body                       156A     156A       7E         0
                text41                             18A2     18A2       40         0
                text40                             13AA     13AA       AA         0
                text39                             1BAE     1BAE       24         0
                text38                             1C7C     1C7C       12         0
                text37                             1B02     1B02       30         0
                text36                             1C38     1C38       1E         0
                text35                             1454     1454       94         0
                text34                              FDE      FDE       D2         0
                text33                             1B88     1B88       26         0
                text32                             1764     1764       56         0
                text30                             1AD0     1AD0       32         0
                text29                             14E8     14E8       82         0
                text28                             17BA     17BA       50         0
                text27                              BE8      BE8      122         0
                text26                             19D2     19D2       36         0
                text25                             199C     199C       36         0
                text24                             1C6A     1C6A       12         0
                text23                             1C56     1C56       14         0
                text22                             1A9E     1A9E       32         0
                text21                             1C8E     1C8E       10         0
                text20                             1922     1922       3E         0
                text19                             1960     1960       3C         0
                text18                             16B2     16B2       5C         0
                text17                             1CB8     1CB8        8         0
                text16                             1B60     1B60       28         0
                text15                             15E8     15E8       66         0
                text14                             164E     164E       64         0
                text13                             170E     170E       56         0
                text12                              930      930      2B8         0
                text11                             12FC     12FC       AE         0
                text10                             1CC8     1CC8        2         0
                text9                              1C1A     1C1A       1E         0
                text8                               E0E      E0E       F0         0
                text7                              1A6C     1A6C       32         0
                text6                              1A3A     1A3A       32         0
                text5                               D0A      D0A      104         0
                text4                              1C9E     1C9E        E         0
                text3                               EFE      EFE       E0         0
                text2                              1A08     1A08       32         0
                text1                              123C     123C       C0         0
                text0                               626      626      30A         0
                cinit                              1858     1858       4A         0
                idataBANK1                         1CC6     1CC6        2         0

        CLASS   CONST          

        CLASS   SMALLCONST     

        CLASS   MEDIUMCONST    

        CLASS   COMRAM         
                cstackCOMRAM                          1        1       48         1
                bssCOMRAM                            4B       4B        2         1
                nvCOMRAM                             49       49        2         1

        CLASS   ABS1           

        CLASS   BIGRAM         

        CLASS   RAM            

        CLASS   BANK0          
                cstackBANK0                          B6       B6       2B         1
                bssBANK0                             80       80       36         1
                nvBANK0                              E1       E1        2         1

        CLASS   BANK1          
                cstackBANK1                         100      100       80         1
                dataBANK1                           1EC      1EC        2         1
                bssBANK1                            180      180       6C         1

        CLASS   BANK2          
                bssBANK2                            200      200       36         1

        CLASS   BANK3          

        CLASS   SFR            

        CLASS   FARRAM         

        CLASS   CONFIG         
                config                             7FF8     7FF8        6         0

        CLASS   IDLOC          



SEGMENTS        Name                           Load    Length   Top    Selector   Space  Class

                reset_vec                      000000  000006  000006         0       0  CODE    
                cstackCOMRAM                   000001  00004C  00004D         1       1  COMRAM  
                intcode                        000008  000010  000018         4       0  CODE    
                intcodelo                      000018  001CB4  001CCC         C       0  CODE    
                bssBANK0                       000080  000063  0000E3        80       1  BANK0   
                cstackBANK1                    000100  0000EE  0001EE       100       1  BANK1   
                bssBANK2                       000200  000036  000236       200       1  BANK2   
                config                         007FF8  000006  007FFE      7FF8       0  CONFIG  


UNUSED ADDRESS RANGES

        Name                Unused          Largest block    Delta
        BANK0            000E3-000FF              1D
        BANK1            001EE-001FF              12
        BANK2            00236-002FF              CA
        BANK3            00300-003FF             100
        BIGRAM           0004D-0007F              33
                         000E3-000FF              1D
                         001EE-001FF              12
                         00236-003FF             1CA
        CODE             00006-00007               2
                         01CCC-07FF7            632C
        COMRAM           0004D-0007F              33
        CONST            00006-00007               2
                         01CCC-07FF7            632C
        MEDIUMCONST      01CCC-07FF7            632C
        RAM              000E3-000FF              1D
                         001EE-001FF              12
                         00236-003FF              CA
        SFR              00F80-00FFC              7D
        SMALLCONST       01CCC-07FF7             100
        STACK            00236-003FF             1CA

                                  Symbol Table

?_in_high_int                    cstackBANK0   000D3
?_in_low_int                     cstackBANK0   000D5
?_in_main                        cstackBANK0   000D7
?i2_in_high_int                  cstackCOMRAM  00034
?i2_in_low_int                   cstackCOMRAM  00036
Delay1KTCYx@unit                 cstackBANK0   000D3
FromMainLow_recvmsg@data         cstackCOMRAM  0001B
FromMainLow_recvmsg@maxlength    cstackCOMRAM  0001D
FromMainLow_recvmsg@msgtype      cstackCOMRAM  00019
FromMainLow_sendmsg@data         cstackBANK0   000DF
FromMainLow_sendmsg@length       cstackBANK1   0010B
FromMainLow_sendmsg@msgtype      cstackBANK0   000DE
OpenTimer1@config                cstackBANK0   000D3
OpenUSART@config                 cstackBANK0   000D8
OpenUSART@spbrg                  cstackBANK0   000D3
ReadUSART@data                   cstackCOMRAM  00001
ToMainHigh_recvmsg@data          cstackBANK1   0010E
ToMainHigh_recvmsg@maxlength     cstackBANK0   000DF
ToMainHigh_recvmsg@msgtype       cstackBANK1   0010C
ToMainHigh_sendmsg@data          cstackCOMRAM  00046
ToMainHigh_sendmsg@length        cstackCOMRAM  00048
ToMainHigh_sendmsg@msgtype       cstackCOMRAM  00045
ToMainLow_recvmsg@data           cstackBANK1   0010E
ToMainLow_recvmsg@maxlength      cstackBANK0   000DF
ToMainLow_recvmsg@msgtype        cstackBANK1   0010C
ToMainLow_sendmsg@data           cstackBANK0   000DF
ToMainLow_sendmsg@length         cstackBANK1   0010B
ToMainLow_sendmsg@msgtype        cstackBANK0   000DE
WriteTimer1@timer                cstackBANK0   000D5
WriteTimer1@timer1               cstackBANK0   000D3
_ADCON1                          (abs)         00FC1
_CMCON                           (abs)         00FB4
_Delay1KTCYx                     text23        01C56
_FromMainHigh_MQ                 bssBANK2      00200
_FromMainLow_MQ                  bssBANK1      00180
_FromMainLow_recvmsg             text33        01B88
_FromMainLow_sendmsg             text2         01A08
_INTCONbits                      (abs)         00FF2
_IPR1bits                        (abs)         00F9F
_InterruptHandlerHigh            intcode       00008
_InterruptHandlerLow             intcodelo     00018
_LATA                            (abs)         00F89
_LATB                            (abs)         00F8A
_MQ_Main_Willing_to_block        bssCOMRAM     0004B
_OSCCON                          (abs)         00FD3
_OSCCONbits                      (abs)         00FD3
_OSCTUNEbits                     (abs)         00F9B
_OpenTimer1                      text30        01AD0
_OpenUSART                       text29        014E8
_PIE1bits                        (abs)         00F9D
_PIR1bits                        (abs)         00F9E
_PORTA                           (abs)         00F80
_PORTAbits                       (abs)         00F80
_PORTB                           (abs)         00F81
_RCONbits                        (abs)         00FD0
_RCREG                           (abs)         00FAE
_RCSTA                           (abs)         00FAB
_RCSTAbits                       (abs)         00FAB
_ReadUSART                       text36        01C38
_SPBRG                           (abs)         00FAF
_SPBRGH                          (abs)         00FB0
_SSPADD                          (abs)         00FC8
_SSPBUF                          (abs)         00FC9
_SSPCON1                         (abs)         00FC6
_SSPCON1bits                     (abs)         00FC6
_SSPCON2                         (abs)         00FC5
_SSPCON2bits                     (abs)         00FC5
_SSPSTAT                         (abs)         00FC7
_SSPSTATbits                     (abs)         00FC7
_SleepIfOkay                     text49        0180A
_T1CON                           (abs)         00FCD
_T1CONbits                       (abs)         00FCD
_TMR1H                           (abs)         00FCF
_TMR1L                           (abs)         00FCE
_TRISA                           (abs)         00F92
_TRISB                           (abs)         00F93
_TRISCbits                       (abs)         00F94
_TXREG                           (abs)         00FAD
_TXSTA                           (abs)         00FAC
_TXSTAbits                       (abs)         00FAC
_ToMainHigh_MQ                   bssBANK1      001B6
_ToMainHigh_recvmsg              text26        019D2
_ToMainHigh_sendmsg              text46        01BD2
_ToMainLow_MQ                    bssBANK0      00080
_ToMainLow_recvmsg               text25        0199C
_ToMainLow_sendmsg               text7         01A6C
_USART_Status                    bssCOMRAM     0004C
_WriteTimer1                     text24        01C6A
__CFG_CCP2MX$DEFAULT             (abs)         00000
__CFG_CP0$OFF                    (abs)         00000
__CFG_FCMEN$ON                   (abs)         00000
__CFG_FOSC$HSPLL                 (abs)         00000
__CFG_FOSC2$ON                   (abs)         00000
__CFG_IESO$ON                    (abs)         00000
__CFG_STVREN$OFF                 (abs)         00000
__CFG_WDTEN$OFF                  (abs)         00000
__CFG_WDTPS$32768                (abs)         00000
__CFG_XINST$OFF                  (abs)         00000
__HRAM                           (abs)         00000
__Habs1                          abs1          00000
__Hbank0                         bank0         00000
__Hbank1                         bank1         00000
__Hbank2                         bank2         00000
__Hbank3                         bank3         00000
__Hbigbss                        bigbss        00000
__Hbigdata                       bigdata       00000
__Hbigram                        bigram        00000
__Hbss                           bss           00000
__HbssBANK0                      bssBANK0      00000
__HbssBANK1                      bssBANK1      00000
__HbssBANK2                      bssBANK2      00000
__HbssCOMRAM                     bssCOMRAM     00000
__Hcinit                         cinit         00000
__Hclrtext                       clrtext       00000
__Hcomram                        comram        00000
__Hconfig                        config        07FFE
__Hconst                         const         00000
__HcstackBANK0                   cstackBANK0   00000
__HcstackBANK1                   cstackBANK1   00000
__HcstackCOMRAM                  cstackCOMRAM  00000
__Hdata                          data          00000
__HdataBANK1                     dataBANK1     00000
__Hend_init                      end_init      000C4
__Hfarbss                        farbss        00000
__Hfardata                       fardata       00000
__Hibigdata                      ibigdata      00000
__Hidata                         idata         00000
__HidataBANK1                    idataBANK1    00000
__Hidloc                         idloc         00000
__Hifardata                      ifardata      00000
__Hinit                          init          000C0
__Hintcode                       intcode       00018
__Hintcode_body                  intcode_body  00000
__Hintcodelo                     intcodelo     000C0
__Hintentry                      intentry      00000
__Hintret                        intret        00000
__Hintsave_regs                  intsave_regs  00000
__Hirdata                        irdata        00000
__Hjflash_buffer                 jflash_buffer 07800
__Hmediumconst                   mediumconst   00000
__HnvBANK0                       nvBANK0       00000
__HnvCOMRAM                      nvCOMRAM      00000
__HnvFARRAM                      nvFARRAM      00000
__Hnvbit                         nvbit         00000
__Hnvrram                        nvrram        00000
__Hparam                         rparam        00000
__Hpowerup                       powerup       000C0
__Hram                           ram           00000
__Hramtop                        ramtop        00400
__Hrbit                          rbit          00000
__Hrbss                          rbss          00000
__Hrdata                         rdata         00000
__Hreset_vec                     reset_vec     00006
__Hrparam                        rparam        00000
__Hsfr                           sfr           00000
__Hsmallconst                    smallconst    00000
__Hspace_0                       (abs)         07FFE
__Hspace_1                       (abs)         00236
__Hspace_2                       (abs)         00000
__Hstack                         stack         00000
__Hstruct                        struct        00000
__Htemp                          temp          00000
__Htext                          text          00000
__Htext0                         text0         00000
__Htext1                         text1         00000
__Htext10                        text10        00000
__Htext11                        text11        00000
__Htext12                        text12        00000
__Htext13                        text13        00000
__Htext14                        text14        00000
__Htext15                        text15        00000
__Htext16                        text16        00000
__Htext17                        text17        00000
__Htext18                        text18        00000
__Htext19                        text19        00000
__Htext2                         text2         00000
__Htext20                        text20        00000
__Htext21                        text21        00000
__Htext22                        text22        00000
__Htext23                        text23        00000
__Htext24                        text24        00000
__Htext25                        text25        00000
__Htext26                        text26        00000
__Htext27                        text27        00000
__Htext28                        text28        00000
__Htext29                        text29        00000
__Htext3                         text3         00000
__Htext30                        text30        00000
__Htext32                        text32        00000
__Htext33                        text33        00000
__Htext34                        text34        00000
__Htext35                        text35        00000
__Htext36                        text36        00000
__Htext37                        text37        00000
__Htext38                        text38        00000
__Htext39                        text39        00000
__Htext4                         text4         00000
__Htext40                        text40        00000
__Htext41                        text41        00000
__Htext43                        text43        00000
__Htext44                        text44        00000
__Htext45                        text45        00000
__Htext46                        text46        00000
__Htext47                        text47        00000
__Htext48                        text48        00000
__Htext49                        text49        00000
__Htext5                         text5         00000
__Htext50                        text50        00000
__Htext51                        text51        00000
__Htext52                        text52        00000
__Htext53                        text53        00000
__Htext6                         text6         00000
__Htext7                         text7         00000
__Htext8                         text8         00000
__Htext9                         text9         00000
__LRAM                           (abs)         00001
__Labs1                          abs1          00000
__Lbank0                         bank0         00000
__Lbank1                         bank1         00000
__Lbank2                         bank2         00000
__Lbank3                         bank3         00000
__Lbigbss                        bigbss        00000
__Lbigdata                       bigdata       00000
__Lbigram                        bigram        00000
__Lbss                           bss           00000
__LbssBANK0                      bssBANK0      00000
__LbssBANK1                      bssBANK1      00000
__LbssBANK2                      bssBANK2      00000
__LbssCOMRAM                     bssCOMRAM     00000
__Lcinit                         cinit         00000
__Lclrtext                       clrtext       00000
__Lcomram                        comram        00000
__Lconfig                        config        07FF8
__Lconst                         const         00000
__LcstackBANK0                   cstackBANK0   00000
__LcstackBANK1                   cstackBANK1   00000
__LcstackCOMRAM                  cstackCOMRAM  00000
__Ldata                          data          00000
__LdataBANK1                     dataBANK1     00000
__Lend_init                      end_init      000C0
__Lfarbss                        farbss        00000
__Lfardata                       fardata       00000
__Libigdata                      ibigdata      00000
__Lidata                         idata         00000
__LidataBANK1                    idataBANK1    00000
__Lidloc                         idloc         00000
__Lifardata                      ifardata      00000
__Linit                          init          000C0
__Lintcode                       intcode       00008
__Lintcode_body                  intcode_body  00000
__Lintcodelo                     intcodelo     00018
__Lintentry                      intentry      00000
__Lintret                        intret        00000
__Lintsave_regs                  intsave_regs  00000
__Lirdata                        irdata        00000
__Ljflash_buffer                 jflash_buffer 07800
__Lmediumconst                   mediumconst   00000
__LnvBANK0                       nvBANK0       00000
__LnvCOMRAM                      nvCOMRAM      00000
__LnvFARRAM                      nvFARRAM      00000
__Lnvbit                         nvbit         00000
__Lnvrram                        nvrram        00000
__Lparam                         rparam        00000
__Lpowerup                       powerup       000C0
__Lram                           ram           00000
__Lramtop                        ramtop        00400
__Lrbit                          rbit          00000
__Lrbss                          rbss          00000
__Lrdata                         rdata         00000
__Lreset_vec                     reset_vec     00000
__Lrparam                        rparam        00000
__Lsfr                           sfr           00000
__Lsmallconst                    smallconst    00000
__Lspace_0                       (abs)         00000
__Lspace_1                       (abs)         00000
__Lspace_2                       (abs)         00000
__Lstack                         stack         00000
__Lstruct                        struct        00000
__Ltemp                          temp          00000
__Ltext                          text          00000
__Ltext0                         text0         00000
__Ltext1                         text1         00000
__Ltext10                        text10        00000
__Ltext11                        text11        00000
__Ltext12                        text12        00000
__Ltext13                        text13        00000
__Ltext14                        text14        00000
__Ltext15                        text15        00000
__Ltext16                        text16        00000
__Ltext17                        text17        00000
__Ltext18                        text18        00000
__Ltext19                        text19        00000
__Ltext2                         text2         00000
__Ltext20                        text20        00000
__Ltext21                        text21        00000
__Ltext22                        text22        00000
__Ltext23                        text23        00000
__Ltext24                        text24        00000
__Ltext25                        text25        00000
__Ltext26                        text26        00000
__Ltext27                        text27        00000
__Ltext28                        text28        00000
__Ltext29                        text29        00000
__Ltext3                         text3         00000
__Ltext30                        text30        00000
__Ltext32                        text32        00000
__Ltext33                        text33        00000
__Ltext34                        text34        00000
__Ltext35                        text35        00000
__Ltext36                        text36        00000
__Ltext37                        text37        00000
__Ltext38                        text38        00000
__Ltext39                        text39        00000
__Ltext4                         text4         00000
__Ltext40                        text40        00000
__Ltext41                        text41        00000
__Ltext43                        text43        00000
__Ltext44                        text44        00000
__Ltext45                        text45        00000
__Ltext46                        text46        00000
__Ltext47                        text47        00000
__Ltext48                        text48        00000
__Ltext49                        text49        00000
__Ltext5                         text5         00000
__Ltext50                        text50        00000
__Ltext51                        text51        00000
__Ltext52                        text52        00000
__Ltext53                        text53        00000
__Ltext6                         text6         00000
__Ltext7                         text7         00000
__Ltext8                         text8         00000
__Ltext9                         text9         00000
__S0                             (abs)         07FFE
__S1                             (abs)         00236
__S2                             (abs)         00000
___extmem_base                   (abs)         20000
___inthi_sp                      stack         00000
___intlo_sp                      stack         00000
___sp                            stack         00000
__accesstop                      (abs)         00080
__activetblptr                   (abs)         00002
__end_of_Delay1KTCYx             text23        01C6A
__end_of_FromMainLow_recvmsg     text33        01BAE
__end_of_FromMainLow_sendmsg     text2         01A3A
__end_of_InterruptHandlerHigh    intcode_body  015E8
__end_of_InterruptHandlerLow     intcodelo     000C0
__end_of_OpenTimer1              text30        01B02
__end_of_OpenUSART               text29        0156A
__end_of_ReadUSART               text36        01C56
__end_of_SleepIfOkay             text49        01858
__end_of_ToMainHigh_recvmsg      text26        01A08
__end_of_ToMainHigh_sendmsg      text46        01BF6
__end_of_ToMainLow_recvmsg       text25        019D2
__end_of_ToMainLow_sendmsg       text7         01A9E
__end_of_WriteTimer1             text24        01C7C
__end_of__initialization         cinit         01898
__end_of_block_on_To_msgqueues   text18        0170E
__end_of_check_msg               text22        01AD0
__end_of_enable_interrupts       text17        01CC0
__end_of_enter_sleep_mode        text53        01CC6
__end_of_handle_start            text45        01176
__end_of_i2c_configure_slave     text16        01B88
__end_of_i2c_int_handler         text44        00626
__end_of_in_high_int             text21        01C9E
__end_of_in_low_int              text20        01960
__end_of_in_main                 text19        0199C
__end_of_init_i2c                text15        0164E
__end_of_init_queue              text14        016B2
__end_of_init_queues             text13        01764
__end_of_init_timer1_lthread     text11        013AA
__end_of_init_uart_lthread       text10        01CCA
__end_of_init_uart_recv          text9         01C38
__end_of_main                    text0         00930
__end_of_memcpy                  text28        0180A
__end_of_quad_lookup_init        text12        00BE8
__end_of_recv_msg                text27        00D0A
__end_of_sendUARTarr             text6         01A6C
__end_of_send_msg                text8         00EFE
__end_of_start_i2c_slave_reply   text5         00E0E
__end_of_timer0_int_handler      text43        01CCC
__end_of_timer0_lthread          text4         01CAC
__end_of_timer1_int_handler      text37        01B32
__end_of_timer1_lthread          text3         00FDE
__end_of_uart_lthread            text1         012FC
__end_of_uart_recv_int_handler   text35        014E8
__end_of_uart_trans_int_handler  text32        017BA
__end_ofi1_ToMainLow_sendmsg     text39        01BD2
__end_ofi1_WriteTimer1           text38        01C8E
__end_ofi1_memcpy                text41        018E2
__end_ofi1_recv_msg              text34        010B0
__end_ofi1_send_msg              text40        01454
__end_ofi2_check_msg             text52        01C1A
__end_ofi2_in_high_int           text51        01CB8
__end_ofi2_in_low_int            text50        01B60
__end_ofi2_memcpy                text48        01922
__end_ofi2_send_msg              text47        0123C
__initialization                 cinit         01858
__mediumconst                    mediumconst   00000
__pbssBANK0                      bssBANK0      00080
__pbssBANK1                      bssBANK1      00180
__pbssBANK2                      bssBANK2      00200
__pbssCOMRAM                     bssCOMRAM     0004B
__pcinit                         cinit         01858
__pcstackBANK0                   cstackBANK0   000B6
__pcstackBANK1                   cstackBANK1   00100
__pcstackCOMRAM                  cstackCOMRAM  00001
__pdataBANK1                     dataBANK1     001EC
__pidataBANK1                    idataBANK1    01CC6
__pintcode                       intcode       00008
__pintcode_body                  intcode_body  0156A
__pintcodelo                     intcodelo     00018
__pnvBANK0                       nvBANK0       000E1
__pnvCOMRAM                      nvCOMRAM      00049
__ptext0                         text0         00626
__ptext1                         text1         0123C
__ptext10                        text10        01CC8
__ptext11                        text11        012FC
__ptext12                        text12        00930
__ptext13                        text13        0170E
__ptext14                        text14        0164E
__ptext15                        text15        015E8
__ptext16                        text16        01B60
__ptext17                        text17        01CB8
__ptext18                        text18        016B2
__ptext19                        text19        01960
__ptext2                         text2         01A08
__ptext20                        text20        01922
__ptext21                        text21        01C8E
__ptext22                        text22        01A9E
__ptext23                        text23        01C56
__ptext24                        text24        01C6A
__ptext25                        text25        0199C
__ptext26                        text26        019D2
__ptext27                        text27        00BE8
__ptext28                        text28        017BA
__ptext29                        text29        014E8
__ptext3                         text3         00EFE
__ptext30                        text30        01AD0
__ptext32                        text32        01764
__ptext33                        text33        01B88
__ptext34                        text34        00FDE
__ptext35                        text35        01454
__ptext36                        text36        01C38
__ptext37                        text37        01B02
__ptext38                        text38        01C7C
__ptext39                        text39        01BAE
__ptext4                         text4         01C9E
__ptext40                        text40        013AA
__ptext41                        text41        018A2
__ptext43                        text43        01CCA
__ptext44                        text44        000C4
__ptext45                        text45        010B0
__ptext46                        text46        01BD2
__ptext47                        text47        01176
__ptext48                        text48        018E2
__ptext49                        text49        0180A
__ptext5                         text5         00D0A
__ptext50                        text50        01B32
__ptext51                        text51        01CAC
__ptext52                        text52        01BF6
__ptext53                        text53        01CC0
__ptext6                         text6         01A3A
__ptext7                         text7         01A6C
__ptext8                         text8         00E0E
__ptext9                         text9         01C1A
__ramtop                         ramtop        00400
__size_of_Delay1KTCYx            (abs)         00000
__size_of_FromMainLow_recvmsg    (abs)         00000
__size_of_FromMainLow_sendmsg    (abs)         00000
__size_of_InterruptHandlerHigh   (abs)         00000
__size_of_InterruptHandlerLow    (abs)         00000
__size_of_OpenTimer1             (abs)         00000
__size_of_OpenUSART              (abs)         00000
__size_of_ReadUSART              (abs)         00000
__size_of_SleepIfOkay            (abs)         00000
__size_of_ToMainHigh_recvmsg     (abs)         00000
__size_of_ToMainHigh_sendmsg     (abs)         00000
__size_of_ToMainLow_recvmsg      (abs)         00000
__size_of_ToMainLow_sendmsg      (abs)         00000
__size_of_WriteTimer1            (abs)         00000
__size_of_block_on_To_msgqueues  (abs)         00000
__size_of_check_msg              (abs)         00000
__size_of_enable_interrupts      (abs)         00000
__size_of_enter_sleep_mode       (abs)         00000
__size_of_handle_start           (abs)         00000
__size_of_i2c_configure_slave    (abs)         00000
__size_of_i2c_int_handler        (abs)         00000
__size_of_in_high_int            (abs)         00000
__size_of_in_low_int             (abs)         00000
__size_of_in_main                (abs)         00000
__size_of_init_i2c               (abs)         00000
__size_of_init_queue             (abs)         00000
__size_of_init_queues            (abs)         00000
__size_of_init_timer1_lthread    (abs)         00000
__size_of_init_uart_lthread      (abs)         00000
__size_of_init_uart_recv         (abs)         00000
__size_of_main                   (abs)         00000
__size_of_memcpy                 (abs)         00000
__size_of_quad_lookup_init       (abs)         00000
__size_of_recv_msg               (abs)         00000
__size_of_sendUARTarr            (abs)         00000
__size_of_send_msg               (abs)         00000
__size_of_start_i2c_slave_reply  (abs)         00000
__size_of_timer0_int_handler     (abs)         00000
__size_of_timer0_lthread         (abs)         00000
__size_of_timer1_int_handler     (abs)         00000
__size_of_timer1_lthread         (abs)         00000
__size_of_uart_lthread           (abs)         00000
__size_of_uart_recv_int_handler  (abs)         00000
__size_of_uart_trans_int_handler (abs)         00000
__size_ofi1_ToMainLow_sendmsg    (abs)         00000
__size_ofi1_WriteTimer1          (abs)         00000
__size_ofi1_memcpy               (abs)         00000
__size_ofi1_recv_msg             (abs)         00000
__size_ofi1_send_msg             (abs)         00000
__size_ofi2_check_msg            (abs)         00000
__size_ofi2_in_high_int          (abs)         00000
__size_ofi2_in_low_int           (abs)         00000
__size_ofi2_memcpy               (abs)         00000
__size_ofi2_send_msg             (abs)         00000
__smallconst                     smallconst    00000
_block_on_To_msgqueues           text18        016B2
_check_msg                       text22        01A9E
_enable_interrupts               text17        01CB8
_enter_sleep_mode                text53        01CC0
_handle_start                    text45        010B0
_i2c_configure_slave             text16        01B60
_i2c_int_handler                 text44        000C4
_ic_ptr                          nvBANK0       000E1
_in_high_int                     text21        01C8E
_in_low_int                      text20        01922
_in_main                         text19        01960
_init_i2c                        text15        015E8
_init_queue                      text14        0164E
_init_queues                     text13        0170E
_init_timer1_lthread             text11        012FC
_init_uart_lthread               text10        01CC8
_init_uart_recv                  text9         01C1A
_main                            text0         00626
_memcpy                          text28        017BA
_quad_lookup_init                text12        00930
_recv_msg                        text27        00BE8
_sendUARTarr                     text6         01A3A
_send_msg                        text8         00E0E
_start_i2c_slave_reply           text5         00D0A
_timer0_int_handler              text43        01CCA
_timer0_lthread                  text4         01C9E
_timer1_int_handler              text37        01B02
_timer1_lthread                  text3         00EFE
_uart_lthread                    text1         0123C
_uart_recv_int_handler           text35        01454
_uart_trans_int_handler          text32        01764
_uc_ptr                          nvCOMRAM      00049
check_msg@qptr                   cstackBANK0   000D3
end_of_initialization            cinit         01898
handle_start@data_read           cstackCOMRAM  00034
i1ToMainLow_sendmsg@data         cstackCOMRAM  00018
i1ToMainLow_sendmsg@length       cstackCOMRAM  0001A
i1ToMainLow_sendmsg@msgtype      cstackCOMRAM  00017
i1WriteTimer1@timer              cstackCOMRAM  00003
i1WriteTimer1@timer1             cstackCOMRAM  00001
i1_ToMainLow_sendmsg             text39        01BAE
i1_WriteTimer1                   text38        01C7C
i1_memcpy                        text41        018A2
i1_recv_msg                      text34        00FDE
i1_send_msg                      text40        013AA
i1memcpy@d                       cstackCOMRAM  00007
i1memcpy@d1                      cstackCOMRAM  00001
i1memcpy@n                       cstackCOMRAM  00005
i1memcpy@s                       cstackCOMRAM  00009
i1memcpy@s1                      cstackCOMRAM  00003
i1recv_msg@data                  cstackCOMRAM  00010
i1recv_msg@maxlength             cstackCOMRAM  0000D
i1recv_msg@msgtype               cstackCOMRAM  0000E
i1recv_msg@qmsg                  cstackCOMRAM  00017
i1recv_msg@qptr                  cstackCOMRAM  0000B
i1recv_msg@slot                  cstackCOMRAM  00014
i1recv_msg@tlength               cstackCOMRAM  00015
i1send_msg@data                  cstackCOMRAM  0000F
i1send_msg@length                cstackCOMRAM  0000D
i1send_msg@msgtype               cstackCOMRAM  0000E
i1send_msg@qmsg                  cstackCOMRAM  00015
i1send_msg@qptr                  cstackCOMRAM  0000B
i1send_msg@slot                  cstackCOMRAM  00014
i1send_msg@tlength               cstackCOMRAM  00012
i2_check_msg                     text52        01BF6
i2_in_high_int                   text51        01CAC
i2_in_low_int                    text50        01B32
i2_memcpy                        text48        018E2
i2_send_msg                      text47        01176
i2c_configure_slave@addr         cstackBANK0   000D3
i2c_int_handler@data_read        cstackBANK0   000C4
i2c_int_handler@data_written     cstackBANK0   000BF
i2c_int_handler@error_buf        cstackBANK0   000BC
i2c_int_handler@i2c_data         cstackBANK0   000C1
i2c_int_handler@msg_ready        cstackBANK0   000C3
i2c_int_handler@msg_to_send      cstackBANK0   000C2
i2c_int_handler@overrun_error    cstackBANK0   000C0
i2check_msg@qptr                 cstackCOMRAM  00034
i2memcpy@d                       cstackCOMRAM  0003A
i2memcpy@d1                      cstackCOMRAM  00034
i2memcpy@n                       cstackCOMRAM  00038
i2memcpy@s                       cstackCOMRAM  0003C
i2memcpy@s1                      cstackCOMRAM  00036
i2send_msg@data                  cstackCOMRAM  00042
i2send_msg@length                cstackCOMRAM  00040
i2send_msg@msgtype               cstackCOMRAM  00041
i2send_msg@qmsg                  cstackBANK0   000B9
i2send_msg@qptr                  cstackCOMRAM  0003E
i2send_msg@slot                  cstackBANK0   000B8
i2send_msg@tlength               cstackBANK0   000B6
init_i2c@ic                      cstackBANK0   000D3
init_queue@i                     cstackBANK0   000D5
init_queue@qptr                  cstackBANK0   000D3
init_timer1_lthread@tptr         cstackBANK0   000D5
init_uart_lthread@uptr           cstackBANK0   000D3
init_uart_recv@uc                cstackBANK0   000D3
int_func                         intcode_body  0156A
intlevel0                        text          00000
intlevel1                        text          00000
intlevel2                        text          00000
intlevel3                        text          00000
main@F5220                       dataBANK1     001EC
main@UARTConfig                  cstackBANK1   00127
main@baud                        cstackBANK1   00126
main@ctrl                        cstackBANK1   00138
main@ic                          cstackBANK1   00164
main@last_reg_recvd              cstackBANK1   00128
main@length                      cstackBANK1   0013B
main@msgbuffer                   cstackBANK1   0011B
main@msgtype                     cstackBANK1   0013A
main@t0thread_data               cstackBANK1   00117
main@t1thread_data               cstackBANK1   0013C
main@test                        cstackBANK1   00119
main@uc                          cstackBANK1   00133
main@uthread_data                cstackBANK1   00129
memcpy@d                         cstackBANK0   000D9
memcpy@d1                        cstackBANK0   000D3
memcpy@n                         cstackBANK0   000D7
memcpy@s                         cstackBANK0   000DB
memcpy@s1                        cstackBANK0   000D5
quad_lookup_init@table           cstackBANK0   000D3
recv_msg@data                    cstackBANK1   00105
recv_msg@maxlength               cstackBANK1   00102
recv_msg@msgtype                 cstackBANK1   00103
recv_msg@qmsg                    cstackBANK1   0010A
recv_msg@qptr                    cstackBANK1   00100
recv_msg@slot                    cstackBANK1   00107
recv_msg@tlength                 cstackBANK1   00108
sendUARTarr@data                 cstackBANK1   0010C
sendUARTarr@length               cstackBANK1   0010F
sendUARTarr@retval               cstackBANK1   0010E
send_msg@data                    cstackBANK1   00104
send_msg@length                  cstackBANK1   00102
send_msg@msgtype                 cstackBANK1   00103
send_msg@qmsg                    cstackBANK1   00109
send_msg@qptr                    cstackBANK1   00100
send_msg@slot                    cstackBANK1   00108
send_msg@tlength                 cstackBANK1   00106
stackhi                          (abs)         003FF
stacklo                          (abs)         00236
start                            init          000C0
start_i2c_slave_reply@length     cstackBANK0   000D7
start_i2c_slave_reply@msg        cstackBANK0   000D3
start_initialization             cinit         01858
timer0_lthread@length            cstackBANK0   000D7
timer0_lthread@msgbuffer         cstackBANK0   000D9
timer0_lthread@msgtype           cstackBANK0   000D5
timer0_lthread@msgval            cstackBANK0   000DB
timer0_lthread@tptr              cstackBANK0   000D3
timer1_int_handler@curPos        cstackCOMRAM  0001B
timer1_lthread@index             cstackBANK0   000DF
timer1_lthread@length            cstackBANK0   000D7
timer1_lthread@msgbuffer         cstackBANK0   000D9
timer1_lthread@msgtype           cstackBANK0   000D5
timer1_lthread@tptr              cstackBANK0   000D3
uart_lthread@index               cstackBANK1   00115
uart_lthread@length              cstackBANK1   00110
uart_lthread@msgbuffer           cstackBANK1   00112
uart_lthread@msgtype             cstackBANK1   0010E
uart_lthread@status              cstackBANK1   00114
uart_lthread@uptr                cstackBANK1   0010C
uart_trans_int_handler@curIndex  cstackCOMRAM  00021
uart_trans_int_handler@data      cstackCOMRAM  0001E
uart_trans_int_handler@length    cstackCOMRAM  00022
uart_trans_int_handler@msgtype   cstackCOMRAM  00020


FUNCTION INFORMATION:

 *************** function _main *****************
 Defined at:
		line 139 in file "src/main.c"
 Parameters:    Size  Location     Type
		None
 Auto vars:     Size  Location     Type
  ctrl            2   56[BANK1 ] unsigned char [2]
  t1thread_dat   40   60[BANK1 ] struct __timer1_thread_s
  ic             28  100[BANK1 ] struct __i2c_comm
  msgbuffer      11   27[BANK1 ] unsigned char [11]
  uthread_data   10   41[BANK1 ] struct __uart_thread_str
  uc              5   51[BANK1 ] struct __uart_comm
  test            2   25[BANK1 ] unsigned char [2]
  t0thread_dat    2   23[BANK1 ] struct __timer0_thread_s
  length          1   59[BANK1 ] char 
  msgtype         1   58[BANK1 ] unsigned char 
  last_reg_rec    1   40[BANK1 ] unsigned char 
  UARTConfig      1   39[BANK1 ] unsigned char 
  baud            1   38[BANK1 ] unsigned char 
  i               1    0        unsigned char 
  c               1    0        unsigned char 
 Return value:  Size  Location     Type
		None               void
 Registers used:
		wreg, fsr1l, fsr1h, fsr2l, fsr2h, status,2, status,0, prodl, prodh, cstack
 Tracked objects:
		On entry : 
		On exit  : 
		Unchanged: 
 Data sizes:     COMRAM   BANK0   BANK1   BANK2   BANK3
      Params:         0       0       0       0       0
      Locals:         0       0     105       0       0
      Temps:          0       0       0       0       0
      Totals:         0       0     105       0       0
Total ram usage:      105 bytes
 Hardware stack levels required when called:   14
 This function calls:
		_OpenTimer1
		_OpenUSART
		_ToMainHigh_recvmsg
		_ToMainLow_recvmsg
		_WriteTimer1
		_block_on_To_msgqueues
		_enable_interrupts
		_i2c_configure_slave
		_init_i2c
		_init_queues
		_init_timer1_lthread
		_init_uart_lthread
		_init_uart_recv
		_sendUARTarr
		_start_i2c_slave_reply
		_timer0_lthread
		_timer1_lthread
		_uart_lthread
 This function is called by:
		Startup code after reset
 This function uses a non-reentrant model


 *************** function _uart_lthread *****************
 Defined at:
		line 12 in file "src/uart_thread.c"
 Parameters:    Size  Location     Type
  uptr            2   12[BANK1 ] PTR struct __uart_thread
		 -> main@uthread_data(10), 
  msgtype         2   14[BANK1 ] int 
  length          2   16[BANK1 ] int 
  msgbuffer       2   18[BANK1 ] PTR unsigned char 
		 -> main@msgbuffer(11), 
 Auto vars:     Size  Location     Type
  index           2   21[BANK1 ] int 
  status          1   20[BANK1 ] char 
 Return value:  Size  Location     Type
                  2   12[BANK1 ] int 
 Registers used:
		wreg, fsr1l, fsr1h, fsr2l, fsr2h, status,2, status,0, prodl, prodh, cstack
 Tracked objects:
		On entry : 
		On exit  : 
		Unchanged: 
 Data sizes:     COMRAM   BANK0   BANK1   BANK2   BANK3
      Params:         0       0       8       0       0
      Locals:         0       0       3       0       0
      Temps:          0       0       0       0       0
      Totals:         0       0      11       0       0
Total ram usage:       11 bytes
 Hardware stack levels used:    1
 Hardware stack levels required when called:   13
 This function calls:
		_FromMainLow_sendmsg
 This function is called by:
		_main
 This function uses a non-reentrant model


 *************** function _FromMainLow_sendmsg *****************
 Defined at:
		line 150 in file "src/messages.c"
 Parameters:    Size  Location     Type
  length          1    wreg     unsigned char 
  msgtype         1   40[BANK0 ] unsigned char 
  data            2   41[BANK0 ] PTR void 
		 -> main@uthread_data(10), 
 Auto vars:     Size  Location     Type
  length          1   11[BANK1 ] unsigned char 
 Return value:  Size  Location     Type
                  1    wreg      char 
 Registers used:
		wreg, fsr1l, fsr1h, fsr2l, fsr2h, status,2, status,0, prodl, prodh, cstack
 Tracked objects:
		On entry : 
		On exit  : 
		Unchanged: 
 Data sizes:     COMRAM   BANK0   BANK1   BANK2   BANK3
      Params:         0       3       0       0       0
      Locals:         0       0       1       0       0
      Temps:          0       0       0       0       0
      Totals:         0       3       1       0       0
Total ram usage:        4 bytes
 Hardware stack levels used:    1
 Hardware stack levels required when called:   12
 This function calls:
		_send_msg
 This function is called by:
		_uart_lthread
 This function uses a non-reentrant model


 *************** function _timer1_lthread *****************
 Defined at:
		line 22 in file "src/timer1_thread.c"
 Parameters:    Size  Location     Type
  tptr            2   29[BANK0 ] PTR struct __timer1_thre
		 -> main@t1thread_data(40), 
  msgtype         2   31[BANK0 ] int 
  length          2   33[BANK0 ] int 
  msgbuffer       2   35[BANK0 ] PTR unsigned char 
		 -> main@msgbuffer(11), 
 Auto vars:     Size  Location     Type
  index           1   41[BANK0 ] unsigned char 
 Return value:  Size  Location     Type
                  2   29[BANK0 ] int 
 Registers used:
		wreg, fsr1l, fsr1h, fsr2l, fsr2h, status,2, status,0
 Tracked objects:
		On entry : 
		On exit  : 
		Unchanged: 
 Data sizes:     COMRAM   BANK0   BANK1   BANK2   BANK3
      Params:         0       8       0       0       0
      Locals:         0       1       0       0       0
      Temps:          0       4       0       0       0
      Totals:         0      13       0       0       0
Total ram usage:       13 bytes
 Hardware stack levels used:    1
 Hardware stack levels required when called:   10
 This function calls:
		Nothing
 This function is called by:
		_main
 This function uses a non-reentrant model


 *************** function _timer0_lthread *****************
 Defined at:
		line 9 in file "src/timer0_thread.c"
 Parameters:    Size  Location     Type
  tptr            2   29[BANK0 ] PTR struct __timer0_thre
		 -> main@t0thread_data(2), 
  msgtype         2   31[BANK0 ] int 
  length          2   33[BANK0 ] int 
  msgbuffer       2   35[BANK0 ] PTR unsigned char 
		 -> main@msgbuffer(11), 
 Auto vars:     Size  Location     Type
  msgval          2   37[BANK0 ] PTR unsigned int 
		 -> main@msgbuffer(11), 
 Return value:  Size  Location     Type
                  2   29[BANK0 ] int 
 Registers used:
		wreg, status,2, status,0
 Tracked objects:
		On entry : 
		On exit  : 
		Unchanged: 
 Data sizes:     COMRAM   BANK0   BANK1   BANK2   BANK3
      Params:         0       8       0       0       0
      Locals:         0       2       0       0       0
      Temps:          0       0       0       0       0
      Totals:         0      10       0       0       0
Total ram usage:       10 bytes
 Hardware stack levels used:    1
 Hardware stack levels required when called:   10
 This function calls:
		Nothing
 This function is called by:
		_main
 This function uses a non-reentrant model


 *************** function _start_i2c_slave_reply *****************
 Defined at:
		line 53 in file "src/my_i2c.c"
 Parameters:    Size  Location     Type
  length          1    wreg     unsigned char 
  msg             2   29[BANK0 ] PTR unsigned char 
		 -> main@msgbuffer(11), 
 Auto vars:     Size  Location     Type
  length          1   33[BANK0 ] unsigned char 
 Return value:  Size  Location     Type
		None               void
 Registers used:
		wreg, fsr1l, fsr1h, fsr2l, fsr2h, status,2, status,0, prodl, prodh
 Tracked objects:
		On entry : 
		On exit  : 
		Unchanged: 
 Data sizes:     COMRAM   BANK0   BANK1   BANK2   BANK3
      Params:         0       2       0       0       0
      Locals:         0       1       0       0       0
      Temps:          0       2       0       0       0
      Totals:         0       5       0       0       0
Total ram usage:        5 bytes
 Hardware stack levels used:    1
 Hardware stack levels required when called:   10
 This function calls:
		Nothing
 This function is called by:
		_main
 This function uses a non-reentrant model


 *************** function _sendUARTarr *****************
 Defined at:
		line 85 in file "src/my_uart.c"
 Parameters:    Size  Location     Type
  length          1    wreg     unsigned char 
  data            2   12[BANK1 ] PTR unsigned char 
		 -> main@ctrl(2), main@test(2), 
 Auto vars:     Size  Location     Type
  length          1   15[BANK1 ] unsigned char 
  retval          1   14[BANK1 ] char 
 Return value:  Size  Location     Type
                  1    wreg      enum E4333
 Registers used:
		wreg, fsr1l, fsr1h, fsr2l, fsr2h, status,2, status,0, prodl, prodh, cstack
 Tracked objects:
		On entry : 
		On exit  : 
		Unchanged: 
 Data sizes:     COMRAM   BANK0   BANK1   BANK2   BANK3
      Params:         0       0       2       0       0
      Locals:         0       0       2       0       0
      Temps:          0       0       0       0       0
      Totals:         0       0       4       0       0
Total ram usage:        4 bytes
 Hardware stack levels used:    1
 Hardware stack levels required when called:   13
 This function calls:
		_ToMainLow_sendmsg
 This function is called by:
		_main
 This function uses a non-reentrant model


 *************** function _ToMainLow_sendmsg *****************
 Defined at:
		line 103 in file "src/messages.c"
 Parameters:    Size  Location     Type
  length          1    wreg     unsigned char 
  msgtype         1   40[BANK0 ] unsigned char 
  data            2   41[BANK0 ] PTR void 
		 -> timer1_int_handler@curPos(2), sendUARTbyte@temp(1), NULL(0), main@ctrl(2), 
		 -> main@test(2), main@uc(5), 
 Auto vars:     Size  Location     Type
  length          1   11[BANK1 ] unsigned char 
 Return value:  Size  Location     Type
                  1    wreg      char 
 Registers used:
		wreg, fsr1l, fsr1h, fsr2l, fsr2h, status,2, status,0, prodl, prodh, cstack
 Tracked objects:
		On entry : 
		On exit  : 
		Unchanged: 
 Data sizes:     COMRAM   BANK0   BANK1   BANK2   BANK3
      Params:         0       3       0       0       0
      Locals:         0       0       1       0       0
      Temps:          0       0       0       0       0
      Totals:         0       3       1       0       0
Total ram usage:        4 bytes
 Hardware stack levels used:    1
 Hardware stack levels required when called:   12
 This function calls:
		_send_msg
 This function is called by:
		_sendUARTarr
		_sendUARTbyte
 This function uses a non-reentrant model


 *************** function _send_msg *****************
 Defined at:
		line 24 in file "src/messages.c"
 Parameters:    Size  Location     Type
  qptr            2    0[BANK1 ] PTR struct __msg_queue
		 -> FromMainHigh_MQ(54), FromMainLow_MQ(54), ToMainHigh_MQ(54), ToMainLow_MQ(54), 
  length          1    2[BANK1 ] unsigned char 
  msgtype         1    3[BANK1 ] unsigned char 
  data            2    4[BANK1 ] PTR void 
		 -> timer1_int_handler@curPos(2), sendUARTbyte@temp(1), NULL(0), i2c_int_handler@error_buf(3), 
		 -> main@ctrl(2), main@test(2), main@uthread_data(10), main@ic(28), 
		 -> main@uc(5), 
 Auto vars:     Size  Location     Type
  qmsg            2    9[BANK1 ] PTR struct __msg
		 -> FromMainLow_MQ.queue(52), FromMainHigh_MQ.queue(52), ToMainHigh_MQ.queue(52), ToMainLow_MQ.queue(52), 
		 -> FromMainHigh_MQ(54), FromMainLow_MQ(54), ToMainHigh_MQ(54), ToMainLow_MQ(54), 
  tlength         2    6[BANK1 ] unsigned int 
  slot            1    8[BANK1 ] unsigned char 
 Return value:  Size  Location     Type
                  1    wreg      char 
 Registers used:
		wreg, fsr1l, fsr1h, fsr2l, fsr2h, status,2, status,0, prodl, prodh, cstack
 Tracked objects:
		On entry : 
		On exit  : 
		Unchanged: 
 Data sizes:     COMRAM   BANK0   BANK1   BANK2   BANK3
      Params:         0       0       6       0       0
      Locals:         0       0       5       0       0
      Temps:          0       1       0       0       0
      Totals:         0       1      11       0       0
Total ram usage:       12 bytes
 Hardware stack levels used:    1
 Hardware stack levels required when called:   11
 This function calls:
		_memcpy
 This function is called by:
		_ToMainLow_sendmsg
		_FromMainLow_sendmsg
		_FromMainHigh_sendmsg
 This function uses a non-reentrant model


 *************** function _init_uart_recv *****************
 Defined at:
		line 80 in file "src/my_uart.c"
 Parameters:    Size  Location     Type
  uc              2   29[BANK0 ] PTR struct __uart_comm
		 -> main@uc(5), 
 Auto vars:     Size  Location     Type
		None
 Return value:  Size  Location     Type
		None               void
 Registers used:
		wreg, fsr2l, fsr2h, status,2, status,0
 Tracked objects:
		On entry : 
		On exit  : 
		Unchanged: 
 Data sizes:     COMRAM   BANK0   BANK1   BANK2   BANK3
      Params:         0       2       0       0       0
      Locals:         0       0       0       0       0
      Temps:          0       0       0       0       0
      Totals:         0       2       0       0       0
Total ram usage:        2 bytes
 Hardware stack levels used:    1
 Hardware stack levels required when called:   10
 This function calls:
		Nothing
 This function is called by:
		_main
 This function uses a non-reentrant model


 *************** function _init_uart_lthread *****************
 Defined at:
		line 7 in file "src/uart_thread.c"
 Parameters:    Size  Location     Type
  uptr            2   29[BANK0 ] PTR struct __uart_thread
		 -> main@uthread_data(10), 
 Auto vars:     Size  Location     Type
		None
 Return value:  Size  Location     Type
		None               void
 Registers used:
		None
 Tracked objects:
		On entry : 
		On exit  : 
		Unchanged: 
 Data sizes:     COMRAM   BANK0   BANK1   BANK2   BANK3
      Params:         0       2       0       0       0
      Locals:         0       0       0       0       0
      Temps:          0       0       0       0       0
      Totals:         0       2       0       0       0
Total ram usage:        2 bytes
 Hardware stack levels used:    1
 Hardware stack levels required when called:   10
 This function calls:
		Nothing
 This function is called by:
		_main
 This function uses a non-reentrant model


 *************** function _init_timer1_lthread *****************
 Defined at:
		line 7 in file "src/timer1_thread.c"
 Parameters:    Size  Location     Type
  tptr            2   31[BANK0 ] PTR struct __timer1_thre
		 -> main@t1thread_data(40), 
 Auto vars:     Size  Location     Type
		None
 Return value:  Size  Location     Type
		None               void
 Registers used:
		wreg, fsr2l, fsr2h, status,2, status,0, cstack
 Tracked objects:
		On entry : 
		On exit  : 
		Unchanged: 
 Data sizes:     COMRAM   BANK0   BANK1   BANK2   BANK3
      Params:         0       2       0       0       0
      Locals:         0       0       0       0       0
      Temps:          0       0       0       0       0
      Totals:         0       2       0       0       0
Total ram usage:        2 bytes
 Hardware stack levels used:    1
 Hardware stack levels required when called:   11
 This function calls:
		_quad_lookup_init
 This function is called by:
		_main
 This function uses a non-reentrant model


 *************** function _quad_lookup_init *****************
 Defined at:
		line 34 in file "src/timer1_thread.c"
 Parameters:    Size  Location     Type
  table           2   29[BANK0 ] PTR unsigned char 
		 -> main@t1thread_data(40), 
 Auto vars:     Size  Location     Type
		None
 Return value:  Size  Location     Type
		None               void
 Registers used:
		wreg, fsr2l, fsr2h, status,2, status,0
 Tracked objects:
		On entry : 
		On exit  : 
		Unchanged: 
 Data sizes:     COMRAM   BANK0   BANK1   BANK2   BANK3
      Params:         0       2       0       0       0
      Locals:         0       0       0       0       0
      Temps:          0       0       0       0       0
      Totals:         0       2       0       0       0
Total ram usage:        2 bytes
 Hardware stack levels used:    1
 Hardware stack levels required when called:   10
 This function calls:
		Nothing
 This function is called by:
		_init_timer1_lthread
 This function uses a non-reentrant model


 *************** function _init_queues *****************
 Defined at:
		line 194 in file "src/messages.c"
 Parameters:    Size  Location     Type
		None
 Auto vars:     Size  Location     Type
		None
 Return value:  Size  Location     Type
		None               void
 Registers used:
		wreg, fsr2l, fsr2h, status,2, status,0, prodl, prodh, cstack
 Tracked objects:
		On entry : 
		On exit  : 
		Unchanged: 
 Data sizes:     COMRAM   BANK0   BANK1   BANK2   BANK3
      Params:         0       0       0       0       0
      Locals:         0       0       0       0       0
      Temps:          0       0       0       0       0
      Totals:         0       0       0       0       0
Total ram usage:        0 bytes
 Hardware stack levels used:    1
 Hardware stack levels required when called:   11
 This function calls:
		_init_queue
 This function is called by:
		_main
 This function uses a non-reentrant model


 *************** function _init_queue *****************
 Defined at:
		line 14 in file "src/messages.c"
 Parameters:    Size  Location     Type
  qptr            2   29[BANK0 ] PTR struct __msg_queue
		 -> FromMainHigh_MQ(54), FromMainLow_MQ(54), ToMainHigh_MQ(54), ToMainLow_MQ(54), 
 Auto vars:     Size  Location     Type
  i               1   31[BANK0 ] unsigned char 
 Return value:  Size  Location     Type
		None               void
 Registers used:
		wreg, fsr2l, fsr2h, status,2, status,0, prodl, prodh
 Tracked objects:
		On entry : 
		On exit  : 
		Unchanged: 
 Data sizes:     COMRAM   BANK0   BANK1   BANK2   BANK3
      Params:         0       2       0       0       0
      Locals:         0       1       0       0       0
      Temps:          0       0       0       0       0
      Totals:         0       3       0       0       0
Total ram usage:        3 bytes
 Hardware stack levels used:    1
 Hardware stack levels required when called:   10
 This function calls:
		Nothing
 This function is called by:
		_init_queues
 This function uses a non-reentrant model


 *************** function _init_i2c *****************
 Defined at:
		line 268 in file "src/my_i2c.c"
 Parameters:    Size  Location     Type
  ic              2   29[BANK0 ] PTR struct __i2c_comm
		 -> main@ic(28), 
 Auto vars:     Size  Location     Type
		None
 Return value:  Size  Location     Type
		None               void
 Registers used:
		wreg, fsr2l, fsr2h, status,2, status,0
 Tracked objects:
		On entry : 
		On exit  : 
		Unchanged: 
 Data sizes:     COMRAM   BANK0   BANK1   BANK2   BANK3
      Params:         0       2       0       0       0
      Locals:         0       0       0       0       0
      Temps:          0       0       0       0       0
      Totals:         0       2       0       0       0
Total ram usage:        2 bytes
 Hardware stack levels used:    1
 Hardware stack levels required when called:   10
 This function calls:
		Nothing
 This function is called by:
		_main
 This function uses a non-reentrant model


 *************** function _i2c_configure_slave *****************
 Defined at:
		line 279 in file "src/my_i2c.c"
 Parameters:    Size  Location     Type
  addr            1    wreg     unsigned char 
 Auto vars:     Size  Location     Type
  addr            1   29[BANK0 ] unsigned char 
 Return value:  Size  Location     Type
		None               void
 Registers used:
		wreg, status,2, status,0
 Tracked objects:
		On entry : 
		On exit  : 
		Unchanged: 
 Data sizes:     COMRAM   BANK0   BANK1   BANK2   BANK3
      Params:         0       0       0       0       0
      Locals:         0       1       0       0       0
      Temps:          0       0       0       0       0
      Totals:         0       1       0       0       0
Total ram usage:        1 bytes
 Hardware stack levels used:    1
 Hardware stack levels required when called:   10
 This function calls:
		Nothing
 This function is called by:
		_main
 This function uses a non-reentrant model


 *************** function _enable_interrupts *****************
 Defined at:
		line 14 in file "src/interrupts.c"
 Parameters:    Size  Location     Type
		None
 Auto vars:     Size  Location     Type
		None
 Return value:  Size  Location     Type
		None               void
 Registers used:
		None
 Tracked objects:
		On entry : 
		On exit  : 
		Unchanged: 
 Data sizes:     COMRAM   BANK0   BANK1   BANK2   BANK3
      Params:         0       0       0       0       0
      Locals:         0       0       0       0       0
      Temps:          0       0       0       0       0
      Totals:         0       0       0       0       0
Total ram usage:        0 bytes
 Hardware stack levels used:    1
 Hardware stack levels required when called:   10
 This function calls:
		Nothing
 This function is called by:
		_main
 This function uses a non-reentrant model


 *************** function _block_on_To_msgqueues *****************
 Defined at:
		line 256 in file "src/messages.c"
 Parameters:    Size  Location     Type
		None
 Auto vars:     Size  Location     Type
		None
 Return value:  Size  Location     Type
		None               void
 Registers used:
		wreg, fsr2l, fsr2h, status,2, status,0, prodl, prodh, cstack
 Tracked objects:
		On entry : 
		On exit  : 
		Unchanged: 
 Data sizes:     COMRAM   BANK0   BANK1   BANK2   BANK3
      Params:         0       0       0       0       0
      Locals:         0       0       0       0       0
      Temps:          0       0       0       0       0
      Totals:         0       0       0       0       0
Total ram usage:        0 bytes
 Hardware stack levels used:    1
 Hardware stack levels required when called:   13
 This function calls:
		_Delay1KTCYx
		_check_msg
		_in_main
 This function is called by:
		_main
 This function uses a non-reentrant model


 *************** function _in_main *****************
 Defined at:
		line 40 in file "src/interrupts.c"
 Parameters:    Size  Location     Type
		None
 Auto vars:     Size  Location     Type
		None
 Return value:  Size  Location     Type
                  2   33[BANK0 ] int 
 Registers used:
		wreg, status,2, status,0, cstack
 Tracked objects:
		On entry : 
		On exit  : 
		Unchanged: 
 Data sizes:     COMRAM   BANK0   BANK1   BANK2   BANK3
      Params:         0       2       0       0       0
      Locals:         0       0       0       0       0
      Temps:          0       0       0       0       0
      Totals:         0       2       0       0       0
Total ram usage:        2 bytes
 Hardware stack levels used:    1
 Hardware stack levels required when called:   12
 This function calls:
		_in_high_int
		_in_low_int
 This function is called by:
		_block_on_To_msgqueues
 This function uses a non-reentrant model


 *************** function _in_low_int *****************
 Defined at:
		line 30 in file "src/interrupts.c"
 Parameters:    Size  Location     Type
		None
 Auto vars:     Size  Location     Type
		None
 Return value:  Size  Location     Type
                  2   31[BANK0 ] int 
 Registers used:
		wreg, status,2, status,0, cstack
 Tracked objects:
		On entry : 
		On exit  : 
		Unchanged: 
 Data sizes:     COMRAM   BANK0   BANK1   BANK2   BANK3
      Params:         0       2       0       0       0
      Locals:         0       0       0       0       0
      Temps:          0       0       0       0       0
      Totals:         0       2       0       0       0
Total ram usage:        2 bytes
 Hardware stack levels used:    1
 Hardware stack levels required when called:   11
 This function calls:
		_in_high_int
 This function is called by:
		_in_main
 This function uses a non-reentrant model


 *************** function _in_high_int *****************
 Defined at:
		line 22 in file "src/interrupts.c"
 Parameters:    Size  Location     Type
		None
 Auto vars:     Size  Location     Type
		None
 Return value:  Size  Location     Type
                  2   29[BANK0 ] int 
 Registers used:
		wreg, status,2
 Tracked objects:
		On entry : 
		On exit  : 
		Unchanged: 
 Data sizes:     COMRAM   BANK0   BANK1   BANK2   BANK3
      Params:         0       2       0       0       0
      Locals:         0       0       0       0       0
      Temps:          0       0       0       0       0
      Totals:         0       2       0       0       0
Total ram usage:        2 bytes
 Hardware stack levels used:    1
 Hardware stack levels required when called:   10
 This function calls:
		Nothing
 This function is called by:
		_in_low_int
		_in_main
 This function uses a non-reentrant model


 *************** function _check_msg *****************
 Defined at:
		line 220 in file "src/messages.c"
 Parameters:    Size  Location     Type
  qptr            2   29[BANK0 ] PTR struct __msg_queue
		 -> ToMainHigh_MQ(54), ToMainLow_MQ(54), 
 Auto vars:     Size  Location     Type
		None
 Return value:  Size  Location     Type
                  1    wreg      unsigned char 
 Registers used:
		wreg, fsr2l, fsr2h, status,2, status,0, prodl, prodh
 Tracked objects:
		On entry : 
		On exit  : 
		Unchanged: 
 Data sizes:     COMRAM   BANK0   BANK1   BANK2   BANK3
      Params:         0       2       0       0       0
      Locals:         0       0       0       0       0
      Temps:          0       1       0       0       0
      Totals:         0       3       0       0       0
Total ram usage:        3 bytes
 Hardware stack levels used:    1
 Hardware stack levels required when called:   10
 This function calls:
		Nothing
 This function is called by:
		_block_on_To_msgqueues
 This function uses a non-reentrant model


 *************** function _Delay1KTCYx *****************
 Defined at:
		line 8 in file "C:\Program Files (x86)\Microchip\xc8\v1.32\sources\pic18\d1ktcyx.c"
 Parameters:    Size  Location     Type
  unit            1    wreg     unsigned char 
 Auto vars:     Size  Location     Type
  unit            1   29[BANK0 ] unsigned char 
 Return value:  Size  Location     Type
		None               void
 Registers used:
		wreg
 Tracked objects:
		On entry : 
		On exit  : 
		Unchanged: 
 Data sizes:     COMRAM   BANK0   BANK1   BANK2   BANK3
      Params:         0       0       0       0       0
      Locals:         0       1       0       0       0
      Temps:          0       0       0       0       0
      Totals:         0       1       0       0       0
Total ram usage:        1 bytes
 Hardware stack levels used:    1
 Hardware stack levels required when called:   10
 This function calls:
		Nothing
 This function is called by:
		_block_on_To_msgqueues
 This function uses a non-reentrant model


 *************** function _WriteTimer1 *****************
 Defined at:
		line 14 in file "C:\Program Files (x86)\Microchip\xc8\v1.32\sources\pic18\plib\Timers\t1write.c"
 Parameters:    Size  Location     Type
  timer1          2   29[BANK0 ] unsigned int 
 Auto vars:     Size  Location     Type
  timer           2   31[BANK0 ] struct Timers
 Return value:  Size  Location     Type
		None               void
 Registers used:
		None
 Tracked objects:
		On entry : 
		On exit  : 
		Unchanged: 
[...]
		 -> timer1_int_handler@curPos(2), sendUARTbyte@temp(1), NULL(0), i2c_int_handler@error_buf(3), 
		 -> FromMainHigh_MQ(54), FromMainLow_MQ(54), ToMainHigh_MQ(54), ToMainLow_MQ(54), 
		 -> main@ctrl(2), main@test(2), main@uthread_data(10), main@ic(28), 
		 -> main@uc(5), 
  memcpy          2    6[COMRAM] PTR unsigned char 
		 -> FromMainLow_MQ.queue(52), FromMainHigh_MQ.queue(52), ToMainHigh_MQ.queue(52), ToMainLow_MQ.queue(52), 
		 -> NULL(0), FromMainHigh_MQ(54), FromMainLow_MQ(54), ToMainHigh_MQ(54), 
		 -> ToMainLow_MQ(54), main@msgbuffer(11), 
 Return value:  Size  Location     Type
                  2    0[COMRAM] PTR void 
 Registers used:
		wreg, fsr1l, fsr1h, fsr2l, fsr2h, status,2, status,0
 Tracked objects:
		On entry : 
		On exit  : 
		Unchanged: 
 Data sizes:     COMRAM   BANK0   BANK1   BANK2   BANK3
      Params:         6       0       0       0       0
      Locals:         4       0       0       0       0
      Temps:          0       0       0       0       0
      Totals:        10       0       0       0       0
Total ram usage:       10 bytes
 Hardware stack levels used:    1
 Hardware stack levels required when called:    5
 This function calls:
		Nothing
 This function is called by:
		i1_send_msg
		i1_recv_msg
 This function uses a non-reentrant model


 *************** function _InterruptHandlerHigh *****************
 Defined at:
		line 83 in file "src/interrupts.c"
 Parameters:    Size  Location     Type
		None
 Auto vars:     Size  Location     Type
		None
 Return value:  Size  Location     Type
		None               void
 Registers used:
		wreg, fsr1l, fsr1h, fsr2l, fsr2h, status,2, status,0, prodl, prodh, cstack
 Tracked objects:
		On entry : 
		On exit  : 
		Unchanged: 
 Data sizes:     COMRAM   BANK0   BANK1   BANK2   BANK3
      Params:         0       0       0       0       0
      Locals:         0       0       0       0       0
      Temps:          0      14       0       0       0
      Totals:         0      14       0       0       0
Total ram usage:       14 bytes
 Hardware stack levels used:    1
 Hardware stack levels required when called:    4
 This function calls:
		_SleepIfOkay
		_i2c_int_handler
		_timer0_int_handler
 This function is called by:
		Interrupt level 2
 This function uses a non-reentrant model


 *************** function _timer0_int_handler *****************
 Defined at:
		line 17 in file "src/user_interrupts.c"
 Parameters:    Size  Location     Type
		None
 Auto vars:     Size  Location     Type
  msgtype         2    0        int 
  length          2    0        int 
  val             2    0        unsigned int 
 Return value:  Size  Location     Type
		None               void
 Registers used:
		None
 Tracked objects:
		On entry : 
		On exit  : 
		Unchanged: 
 Data sizes:     COMRAM   BANK0   BANK1   BANK2   BANK3
      Params:         0       0       0       0       0
      Locals:         0       0       0       0       0
      Temps:          0       0       0       0       0
      Totals:         0       0       0       0       0
Total ram usage:        0 bytes
 Hardware stack levels used:    1
 This function calls:
		Nothing
 This function is called by:
		_InterruptHandlerHigh
 This function uses a non-reentrant model


 *************** function _i2c_int_handler *****************
 Defined at:
		line 100 in file "src/my_i2c.c"
 Parameters:    Size  Location     Type
		None
 Auto vars:     Size  Location     Type
  error_buf       3    6[BANK0 ] unsigned char [3]
  data_read       1   14[BANK0 ] unsigned char 
  msg_ready       1   13[BANK0 ] unsigned char 
  msg_to_send     1   12[BANK0 ] unsigned char 
  i2c_data        1   11[BANK0 ] unsigned char 
  overrun_erro    1   10[BANK0 ] unsigned char 
  data_written    1    9[BANK0 ] unsigned char 
 Return value:  Size  Location     Type
		None               void
 Registers used:
		wreg, fsr1l, fsr1h, fsr2l, fsr2h, status,2, status,0, prodl, prodh, cstack
 Tracked objects:
		On entry : 
		On exit  : 
		Unchanged: 
 Data sizes:     COMRAM   BANK0   BANK1   BANK2   BANK3
      Params:         0       0       0       0       0
      Locals:         0       9       0       0       0
      Temps:          0       1       0       0       0
      Totals:         0      10       0       0       0
Total ram usage:       10 bytes
 Hardware stack levels used:    1
 Hardware stack levels required when called:    3
 This function calls:
		_ToMainHigh_sendmsg
		_handle_start
 This function is called by:
		_InterruptHandlerHigh
 This function uses a non-reentrant model


 *************** function _handle_start *****************
 Defined at:
		line 71 in file "src/my_i2c.c"
 Parameters:    Size  Location     Type
  data_read       1    wreg     unsigned char 
 Auto vars:     Size  Location     Type
  data_read       1   51[COMRAM] unsigned char 
 Return value:  Size  Location     Type
		None               void
 Registers used:
		wreg, fsr2l, fsr2h, status,2, status,0
 Tracked objects:
		On entry : 
		On exit  : 
		Unchanged: 
 Data sizes:     COMRAM   BANK0   BANK1   BANK2   BANK3
      Params:         0       0       0       0       0
      Locals:         1       0       0       0       0
      Temps:          0       0       0       0       0
      Totals:         1       0       0       0       0
Total ram usage:        1 bytes
 Hardware stack levels used:    1
 This function calls:
		Nothing
 This function is called by:
		_i2c_int_handler
 This function uses a non-reentrant model


 *************** function _ToMainHigh_sendmsg *****************
 Defined at:
		line 126 in file "src/messages.c"
 Parameters:    Size  Location     Type
  length          1    wreg     unsigned char 
  msgtype         1   68[COMRAM] unsigned char 
  data            2   69[COMRAM] PTR void 
		 -> NULL(0), i2c_int_handler@error_buf(3), main@ic(28), 
 Auto vars:     Size  Location     Type
  length          1   71[COMRAM] unsigned char 
 Return value:  Size  Location     Type
                  1    wreg      char 
 Registers used:
		wreg, fsr1l, fsr1h, fsr2l, fsr2h, status,2, status,0, prodl, prodh, cstack
 Tracked objects:
		On entry : 
		On exit  : 
		Unchanged: 
 Data sizes:     COMRAM   BANK0   BANK1   BANK2   BANK3
      Params:         3       0       0       0       0
      Locals:         1       0       0       0       0
      Temps:          0       0       0       0       0
      Totals:         4       0       0       0       0
Total ram usage:        4 bytes
 Hardware stack levels used:    1
 Hardware stack levels required when called:    2
 This function calls:
		i2_send_msg
 This function is called by:
		_i2c_int_handler
 This function uses a non-reentrant model


 *************** function i2_send_msg *****************
 Defined at:
		line 24 in file "src/messages.c"
 Parameters:    Size  Location     Type
  qptr            2   61[COMRAM] PTR struct __msg_queue
		 -> FromMainHigh_MQ(54), FromMainLow_MQ(54), ToMainHigh_MQ(54), ToMainLow_MQ(54), 
  length          1   63[COMRAM] unsigned char 
  msgtype         1   64[COMRAM] unsigned char 
  data            2   65[COMRAM] PTR void 
		 -> timer1_int_handler@curPos(2), sendUARTbyte@temp(1), NULL(0), i2c_int_handler@error_buf(3), 
		 -> main@ctrl(2), main@test(2), main@uthread_data(10), main@ic(28), 
		 -> main@uc(5), 
 Auto vars:     Size  Location     Type
  send_msg        2    3[BANK0 ] PTR struct __msg
		 -> FromMainLow_MQ.queue(52), FromMainHigh_MQ.queue(52), ToMainHigh_MQ.queue(52), ToMainLow_MQ.queue(52), 
		 -> FromMainHigh_MQ(54), FromMainLow_MQ(54), ToMainHigh_MQ(54), ToMainLow_MQ(54), 
  send_msg        2    0[BANK0 ] unsigned int 
  send_msg        1    2[BANK0 ] unsigned char 
 Return value:  Size  Location     Type
                  1    wreg      char 
 Registers used:
		wreg, fsr1l, fsr1h, fsr2l, fsr2h, status,2, status,0, prodl, prodh, cstack
 Tracked objects:
		On entry : 
		On exit  : 
		Unchanged: 
 Data sizes:     COMRAM   BANK0   BANK1   BANK2   BANK3
      Params:         6       0       0       0       0
      Locals:         0       5       0       0       0
      Temps:          1       0       0       0       0
      Totals:         7       5       0       0       0
Total ram usage:       12 bytes
 Hardware stack levels used:    1
 Hardware stack levels required when called:    1
 This function calls:
		i2_memcpy
 This function is called by:
		_ToMainHigh_sendmsg
 This function uses a non-reentrant model


 *************** function i2_memcpy *****************
 Defined at:
		line 11 in file "C:\Program Files (x86)\Microchip\xc8\v1.32\sources\common\memcpy.c"
 Parameters:    Size  Location     Type
  d1              2   51[COMRAM] PTR void 
		 -> FromMainLow_MQ.queue(52), FromMainHigh_MQ.queue(52), ToMainHigh_MQ.queue(52), ToMainLow_MQ.queue(52), 
		 -> NULL(0), FromMainHigh_MQ(54), FromMainLow_MQ(54), ToMainHigh_MQ(54), 
		 -> ToMainLow_MQ(54), main@msgbuffer(11), 
  s1              2   53[COMRAM] PTR const void 
		 -> ToMainLow_MQ.data(10), ToMainHigh_MQ.data(10), FromMainLow_MQ.data(10), FromMainHigh_MQ.data(10), 
		 -> ToMainLow_MQ.queue.data(10), ToMainHigh_MQ.queue.data(10), FromMainHigh_MQ.queue.data(10), FromMainLow_MQ.queue.data(10), 
		 -> timer1_int_handler@curPos(2), sendUARTbyte@temp(1), NULL(0), i2c_int_handler@error_buf(3), 
		 -> FromMainHigh_MQ(54), FromMainLow_MQ(54), ToMainHigh_MQ(54), ToMainLow_MQ(54), 
		 -> main@ctrl(2), main@test(2), main@uthread_data(10), main@ic(28), 
		 -> main@uc(5), 
  n               2   55[COMRAM] unsigned int 
 Auto vars:     Size  Location     Type
  memcpy          2   59[COMRAM] PTR const unsigned char 
		 -> ToMainLow_MQ.data(10), ToMainHigh_MQ.data(10), FromMainLow_MQ.data(10), FromMainHigh_MQ.data(10), 
		 -> ToMainLow_MQ.queue.data(10), ToMainHigh_MQ.queue.data(10), FromMainHigh_MQ.queue.data(10), FromMainLow_MQ.queue.data(10), 
		 -> timer1_int_handler@curPos(2), sendUARTbyte@temp(1), NULL(0), i2c_int_handler@error_buf(3), 
		 -> FromMainHigh_MQ(54), FromMainLow_MQ(54), ToMainHigh_MQ(54), ToMainLow_MQ(54), 
		 -> main@ctrl(2), main@test(2), main@uthread_data(10), main@ic(28), 
		 -> main@uc(5), 
  memcpy          2   57[COMRAM] PTR unsigned char 
		 -> FromMainLow_MQ.queue(52), FromMainHigh_MQ.queue(52), ToMainHigh_MQ.queue(52), ToMainLow_MQ.queue(52), 
		 -> NULL(0), FromMainHigh_MQ(54), FromMainLow_MQ(54), ToMainHigh_MQ(54), 
		 -> ToMainLow_MQ(54), main@msgbuffer(11), 
 Return value:  Size  Location     Type
                  2   51[COMRAM] PTR void 
 Registers used:
		wreg, fsr1l, fsr1h, fsr2l, fsr2h, status,2, status,0
 Tracked objects:
		On entry : 
		On exit  : 
		Unchanged: 
 Data sizes:     COMRAM   BANK0   BANK1   BANK2   BANK3
      Params:         6       0       0       0       0
      Locals:         4       0       0       0       0
      Temps:          0       0       0       0       0
      Totals:        10       0       0       0       0
Total ram usage:       10 bytes
 Hardware stack levels used:    1
 This function calls:
		Nothing
 This function is called by:
		i2_send_msg
 This function uses a non-reentrant model


 *************** function _SleepIfOkay *****************
 Defined at:
		line 226 in file "src/messages.c"
 Parameters:    Size  Location     Type
		None
 Auto vars:     Size  Location     Type
		None
 Return value:  Size  Location     Type
		None               void
 Registers used:
		wreg, fsr2l, fsr2h, status,2, status,0, prodl, prodh, cstack
 Tracked objects:
		On entry : 
		On exit  : 
		Unchanged: 
 Data sizes:     COMRAM   BANK0   BANK1   BANK2   BANK3
      Params:         0       0       0       0       0
      Locals:         0       0       0       0       0
      Temps:          0       0       0       0       0
      Totals:         0       0       0       0       0
Total ram usage:        0 bytes
 Hardware stack levels used:    1
 Hardware stack levels required when called:    2
 This function calls:
		_enter_sleep_mode
		i2_check_msg
		i2_in_high_int
		i2_in_low_int
 This function is called by:
		_InterruptHandlerHigh
 This function uses a non-reentrant model


 *************** function i2_in_low_int *****************
 Defined at:
		line 30 in file "src/interrupts.c"
 Parameters:    Size  Location     Type
		None
 Auto vars:     Size  Location     Type
		None
 Return value:  Size  Location     Type
                  2   53[COMRAM] int 
 Registers used:
		wreg, status,2, status,0, cstack
 Tracked objects:
		On entry : 
		On exit  : 
		Unchanged: 
 Data sizes:     COMRAM   BANK0   BANK1   BANK2   BANK3
      Params:         2       0       0       0       0
      Locals:         0       0       0       0       0
      Temps:          0       0       0       0       0
      Totals:         2       0       0       0       0
Total ram usage:        2 bytes
 Hardware stack levels used:    1
 Hardware stack levels required when called:    1
 This function calls:
		i2_in_high_int
 This function is called by:
		_SleepIfOkay
 This function uses a non-reentrant model


 *************** function i2_in_high_int *****************
 Defined at:
		line 22 in file "src/interrupts.c"
 Parameters:    Size  Location     Type
		None
 Auto vars:     Size  Location     Type
		None
 Return value:  Size  Location     Type
                  2   51[COMRAM] int 
 Registers used:
		wreg, status,2
 Tracked objects:
		On entry : 
		On exit  : 
		Unchanged: 
 Data sizes:     COMRAM   BANK0   BANK1   BANK2   BANK3
      Params:         2       0       0       0       0
      Locals:         0       0       0       0       0
      Temps:          0       0       0       0       0
      Totals:         2       0       0       0       0
Total ram usage:        2 bytes
 Hardware stack levels used:    1
 This function calls:
		Nothing
 This function is called by:
		_SleepIfOkay
		i2_in_low_int
 This function uses a non-reentrant model


 *************** function i2_check_msg *****************
 Defined at:
		line 220 in file "src/messages.c"
 Parameters:    Size  Location     Type
  qptr            2   51[COMRAM] PTR struct __msg_queue
		 -> ToMainHigh_MQ(54), ToMainLow_MQ(54), 
 Auto vars:     Size  Location     Type
		None
 Return value:  Size  Location     Type
                  1    wreg      unsigned char 
 Registers used:
		wreg, fsr2l, fsr2h, status,2, status,0, prodl, prodh
 Tracked objects:
		On entry : 
		On exit  : 
		Unchanged: 
 Data sizes:     COMRAM   BANK0   BANK1   BANK2   BANK3
      Params:         2       0       0       0       0
      Locals:         0       0       0       0       0
      Temps:          1       0       0       0       0
      Totals:         3       0       0       0       0
Total ram usage:        3 bytes
 Hardware stack levels used:    1
 This function calls:
		Nothing
 This function is called by:
		_SleepIfOkay
 This function uses a non-reentrant model


 *************** function _enter_sleep_mode *****************
 Defined at:
		line 202 in file "src/messages.c"
 Parameters:    Size  Location     Type
		None
 Auto vars:     Size  Location     Type
		None
 Return value:  Size  Location     Type
		None               void
 Registers used:
		None
 Tracked objects:
		On entry : 
		On exit  : 
		Unchanged: 
 Data sizes:     COMRAM   BANK0   BANK1   BANK2   BANK3
      Params:         0       0       0       0       0
      Locals:         0       0       0       0       0
      Temps:          0       0       0       0       0
      Totals:         0       0       0       0       0
Total ram usage:        0 bytes
 Hardware stack levels used:    1
 This function calls:
		Nothing
 This function is called by:
		_SleepIfOkay
 This function uses a non-reentrant model



MODULE INFORMATION

Module		Function		Class		Link	Load	Size
src/uart_thread.c
		_init_uart_lthr		CODE           	1CC8	0000	2
		_uart_lthread  		CODE           	123C	0000	192

src/uart_thread.c estimated size: 194

C:\Program Files (x86)\Microchip\xc8\v1.32\sources\pic18\plib\Timers\t1write.c
		_WriteTimer1   		CODE           	1C6A	0000	18

C:\Program Files (x86)\Microchip\xc8\v1.32\sources\pic18\plib\Timers\t1write.c estimated size: 18

src/my_uart.c
		_sendUARTarr   		CODE           	1A3A	0000	50
		_uart_trans_int		CODE           	1764	0000	86
		_init_uart_recv		CODE           	1C1A	0000	30
		_uart_recv_int_		CODE           	1454	0000	148

src/my_uart.c estimated size: 314

C:\Program Files (x86)\Microchip\xc8\v1.32\sources\pic18\plib\USART\uopen.c
		_OpenUSART     		CODE           	14E8	0000	130

C:\Program Files (x86)\Microchip\xc8\v1.32\sources\pic18\plib\USART\uopen.c estimated size: 130

C:\Program Files (x86)\Microchip\xc8\v1.32\sources\common\memcpy.c
		_memcpy        		CODE           	17BA	0000	80

C:\Program Files (x86)\Microchip\xc8\v1.32\sources\common\memcpy.c estimated size: 80

src/user_interrupts.c
		_timer0_int_han		CODE           	1CCA	0000	2
		_timer1_int_han		CODE           	1B02	0000	48

src/user_interrupts.c estimated size: 50

src/messages.c
		_ToMainHigh_sen		CODE           	1BD2	0000	36
		_ToMainHigh_rec		CODE           	19D2	0000	54
		_block_on_To_ms		CODE           	16B2	0000	92
		_check_msg     		CODE           	1A9E	0000	50
		_FromMainLow_se		CODE           	1A08	0000	50
		_ToMainLow_send		CODE           	1A6C	0000	50
		_ToMainLow_recv		CODE           	199C	0000	54
		_FromMainLow_re		CODE           	1B88	0000	38
		_enter_sleep_mo		CODE           	1CC0	0000	6
		_send_msg      		CODE           	0E0E	0000	240
		_init_queue    		CODE           	164E	0000	100
		_init_queues   		CODE           	170E	0000	86
		_recv_msg      		CODE           	0BE8	0000	290
		_SleepIfOkay   		CODE           	180A	0000	78

src/messages.c estimated size: 1224

src/my_i2c.c
		_start_i2c_slav		CODE           	0D0A	0000	260
		_handle_start  		CODE           	10B0	0000	198
		_i2c_configure_		CODE           	1B60	0000	40
		_init_i2c      		CODE           	15E8	0000	102
		_i2c_int_handle		CODE           	00C4	0000	1378

src/my_i2c.c estimated size: 1978

src/timer0_thread.c
		_timer0_lthread		CODE           	1C9E	0000	14

src/timer0_thread.c estimated size: 14

src/main.c
		_main          		CODE           	0626	0000	778

src/main.c estimated size: 778

C:\Program Files (x86)\Microchip\xc8\v1.32\sources\pic18\d1ktcyx.c
		_Delay1KTCYx   		CODE           	1C56	0000	20

C:\Program Files (x86)\Microchip\xc8\v1.32\sources\pic18\d1ktcyx.c estimated size: 20

src/interrupts.c
		_enable_interru		CODE           	1CB8	0000	8
		_in_low_int    		CODE           	1922	0000	62
		_in_main       		CODE           	1960	0000	60
		_in_high_int   		CODE           	1C8E	0000	16
		_InterruptHandl		CODE           	0018	0000	168
		_InterruptHandl		CODE           	0008	0000	5600

src/interrupts.c estimated size: 5914

shared
		i1_send_msg    		CODE           	13AA	0000	170
		i2_send_msg    		CODE           	1176	0000	198
		i2_in_high_int 		CODE           	1CAC	0000	12
		i1_recv_msg    		CODE           	0FDE	0000	210
		__initializatio		CODE           	1858	0000	64
		i2_in_low_int  		CODE           	1B32	0000	46
		i1_WriteTimer1 		CODE           	1C7C	0000	18
		i1_ToMainLow_se		CODE           	1BAE	0000	36
		i1_memcpy      		CODE           	18A2	0000	64
		i2_memcpy      		CODE           	18E2	0000	64
		i2_check_msg   		CODE           	1BF6	0000	36

shared estimated size: 918

C:\Program Files (x86)\Microchip\xc8\v1.32\sources\pic18\plib\USART\uread.c
		_ReadUSART     		CODE           	1C38	0000	30

C:\Program Files (x86)\Microchip\xc8\v1.32\sources\pic18\plib\USART\uread.c estimated size: 30

C:\Program Files (x86)\Microchip\xc8\v1.32\sources\pic18\plib\Timers\t1open.c
		_OpenTimer1    		CODE           	1AD0	0000	50

C:\Program Files (x86)\Microchip\xc8\v1.32\sources\pic18\plib\Timers\t1open.c estimated size: 50

src/timer1_thread.c
		_timer1_lthread		CODE           	0EFE	0000	224
		_init_timer1_lt		CODE           	12FC	0000	174
		_quad_lookup_in		CODE           	0930	0000	696

src/timer1_thread.c estimated size: 1094

